ARM GAS  C:\Users\sergio\AppData\Local\Temp\ccCJnPFc.s 			page 1


   1              		.syntax unified
   2              		.cpu cortex-m0
   3              		.fpu softvfp
   4              		.eabi_attribute 20, 1
   5              		.eabi_attribute 21, 1
   6              		.eabi_attribute 23, 3
   7              		.eabi_attribute 24, 1
   8              		.eabi_attribute 25, 1
   9              		.eabi_attribute 26, 1
  10              		.eabi_attribute 30, 6
  11              		.eabi_attribute 34, 0
  12              		.eabi_attribute 18, 4
  13              		.thumb
  14              		.syntax unified
  15              		.file	"cyfitter_cfg.c"
  16              		.text
  17              	.Ltext0:
  18              		.cfi_sections	.debug_frame
  19              		.section	.text.CYMEMZERO,"ax",%progbits
  20              		.align	2
  21              		.code	16
  22              		.thumb_func
  23              		.type	CYMEMZERO, %function
  24              	CYMEMZERO:
  25              	.LFB2:
  26              		.file 1 "Generated_Source\\PSoC4\\cyfitter_cfg.c"
   1:Generated_Source\PSoC4/cyfitter_cfg.c **** 
   2:Generated_Source\PSoC4/cyfitter_cfg.c **** /*******************************************************************************
   3:Generated_Source\PSoC4/cyfitter_cfg.c **** * File Name: cyfitter_cfg.c
   4:Generated_Source\PSoC4/cyfitter_cfg.c **** * 
   5:Generated_Source\PSoC4/cyfitter_cfg.c **** * PSoC Creator  4.2
   6:Generated_Source\PSoC4/cyfitter_cfg.c **** *
   7:Generated_Source\PSoC4/cyfitter_cfg.c **** * Description:
   8:Generated_Source\PSoC4/cyfitter_cfg.c **** * This file contains device initialization code.
   9:Generated_Source\PSoC4/cyfitter_cfg.c **** * Except for the user defined sections in CyClockStartupError(), this file should not be modified.
  10:Generated_Source\PSoC4/cyfitter_cfg.c **** * This file is automatically generated by PSoC Creator.
  11:Generated_Source\PSoC4/cyfitter_cfg.c **** *
  12:Generated_Source\PSoC4/cyfitter_cfg.c **** ********************************************************************************
  13:Generated_Source\PSoC4/cyfitter_cfg.c **** * Copyright (c) 2007-2018 Cypress Semiconductor.  All rights reserved.
  14:Generated_Source\PSoC4/cyfitter_cfg.c **** * You may use this file only in accordance with the license, terms, conditions, 
  15:Generated_Source\PSoC4/cyfitter_cfg.c **** * disclaimers, and limitations in the end user license agreement accompanying 
  16:Generated_Source\PSoC4/cyfitter_cfg.c **** * the software package with which this file was provided.
  17:Generated_Source\PSoC4/cyfitter_cfg.c **** ********************************************************************************/
  18:Generated_Source\PSoC4/cyfitter_cfg.c **** 
  19:Generated_Source\PSoC4/cyfitter_cfg.c **** #include <string.h>
  20:Generated_Source\PSoC4/cyfitter_cfg.c **** #include "cytypes.h"
  21:Generated_Source\PSoC4/cyfitter_cfg.c **** #include "cydevice_trm.h"
  22:Generated_Source\PSoC4/cyfitter_cfg.c **** #include "cyfitter.h"
  23:Generated_Source\PSoC4/cyfitter_cfg.c **** #include "CyLib.h"
  24:Generated_Source\PSoC4/cyfitter_cfg.c **** #include "cyfitter_cfg.h"
  25:Generated_Source\PSoC4/cyfitter_cfg.c **** #include "cyapicallbacks.h"
  26:Generated_Source\PSoC4/cyfitter_cfg.c **** 
  27:Generated_Source\PSoC4/cyfitter_cfg.c **** 
  28:Generated_Source\PSoC4/cyfitter_cfg.c **** #if defined(__GNUC__) || defined(__ARMCC_VERSION)
  29:Generated_Source\PSoC4/cyfitter_cfg.c ****     #define CYPACKED 
  30:Generated_Source\PSoC4/cyfitter_cfg.c ****     #define CYPACKED_ATTR __attribute__ ((packed))
  31:Generated_Source\PSoC4/cyfitter_cfg.c ****     #define CYALIGNED __attribute__ ((aligned))
ARM GAS  C:\Users\sergio\AppData\Local\Temp\ccCJnPFc.s 			page 2


  32:Generated_Source\PSoC4/cyfitter_cfg.c ****     #define CY_CFG_UNUSED __attribute__ ((unused))
  33:Generated_Source\PSoC4/cyfitter_cfg.c ****     #ifndef CY_CFG_SECTION
  34:Generated_Source\PSoC4/cyfitter_cfg.c ****         #define CY_CFG_SECTION __attribute__ ((section(".psocinit")))
  35:Generated_Source\PSoC4/cyfitter_cfg.c ****     #endif
  36:Generated_Source\PSoC4/cyfitter_cfg.c ****     
  37:Generated_Source\PSoC4/cyfitter_cfg.c ****     #if defined(__ARMCC_VERSION)
  38:Generated_Source\PSoC4/cyfitter_cfg.c ****         #define CY_CFG_MEMORY_BARRIER() __memory_changed()
  39:Generated_Source\PSoC4/cyfitter_cfg.c ****     #else
  40:Generated_Source\PSoC4/cyfitter_cfg.c ****         #define CY_CFG_MEMORY_BARRIER() __sync_synchronize()
  41:Generated_Source\PSoC4/cyfitter_cfg.c ****     #endif
  42:Generated_Source\PSoC4/cyfitter_cfg.c ****     
  43:Generated_Source\PSoC4/cyfitter_cfg.c **** #elif defined(__ICCARM__)
  44:Generated_Source\PSoC4/cyfitter_cfg.c ****     #include <intrinsics.h>
  45:Generated_Source\PSoC4/cyfitter_cfg.c **** 
  46:Generated_Source\PSoC4/cyfitter_cfg.c ****     #define CYPACKED __packed
  47:Generated_Source\PSoC4/cyfitter_cfg.c ****     #define CYPACKED_ATTR 
  48:Generated_Source\PSoC4/cyfitter_cfg.c ****     #define CYALIGNED _Pragma("data_alignment=4")
  49:Generated_Source\PSoC4/cyfitter_cfg.c ****     #define CY_CFG_UNUSED _Pragma("diag_suppress=Pe177")
  50:Generated_Source\PSoC4/cyfitter_cfg.c ****     #define CY_CFG_SECTION _Pragma("location=\".psocinit\"")
  51:Generated_Source\PSoC4/cyfitter_cfg.c ****     
  52:Generated_Source\PSoC4/cyfitter_cfg.c ****     #define CY_CFG_MEMORY_BARRIER() __DMB()
  53:Generated_Source\PSoC4/cyfitter_cfg.c ****     
  54:Generated_Source\PSoC4/cyfitter_cfg.c **** #else
  55:Generated_Source\PSoC4/cyfitter_cfg.c ****     #error Unsupported toolchain
  56:Generated_Source\PSoC4/cyfitter_cfg.c **** #endif
  57:Generated_Source\PSoC4/cyfitter_cfg.c **** 
  58:Generated_Source\PSoC4/cyfitter_cfg.c **** #ifndef CYCODE
  59:Generated_Source\PSoC4/cyfitter_cfg.c ****     #define CYCODE
  60:Generated_Source\PSoC4/cyfitter_cfg.c **** #endif
  61:Generated_Source\PSoC4/cyfitter_cfg.c **** #ifndef CYDATA
  62:Generated_Source\PSoC4/cyfitter_cfg.c ****     #define CYDATA
  63:Generated_Source\PSoC4/cyfitter_cfg.c **** #endif
  64:Generated_Source\PSoC4/cyfitter_cfg.c **** #ifndef CYFAR
  65:Generated_Source\PSoC4/cyfitter_cfg.c ****     #define CYFAR
  66:Generated_Source\PSoC4/cyfitter_cfg.c **** #endif
  67:Generated_Source\PSoC4/cyfitter_cfg.c **** #ifndef CYXDATA
  68:Generated_Source\PSoC4/cyfitter_cfg.c ****     #define CYXDATA
  69:Generated_Source\PSoC4/cyfitter_cfg.c **** #endif
  70:Generated_Source\PSoC4/cyfitter_cfg.c **** 
  71:Generated_Source\PSoC4/cyfitter_cfg.c **** 
  72:Generated_Source\PSoC4/cyfitter_cfg.c **** CY_CFG_UNUSED
  73:Generated_Source\PSoC4/cyfitter_cfg.c **** static void CYMEMZERO(void *s, size_t n);
  74:Generated_Source\PSoC4/cyfitter_cfg.c **** CY_CFG_UNUSED
  75:Generated_Source\PSoC4/cyfitter_cfg.c **** static void CYMEMZERO(void *s, size_t n)
  76:Generated_Source\PSoC4/cyfitter_cfg.c **** {
  27              		.loc 1 76 0
  28              		.cfi_startproc
  29              		@ args = 0, pretend = 0, frame = 8
  30              		@ frame_needed = 1, uses_anonymous_args = 0
  31 0000 80B5     		push	{r7, lr}
  32              		.cfi_def_cfa_offset 8
  33              		.cfi_offset 7, -8
  34              		.cfi_offset 14, -4
  35 0002 82B0     		sub	sp, sp, #8
  36              		.cfi_def_cfa_offset 16
  37 0004 00AF     		add	r7, sp, #0
  38              		.cfi_def_cfa_register 7
ARM GAS  C:\Users\sergio\AppData\Local\Temp\ccCJnPFc.s 			page 3


  39 0006 7860     		str	r0, [r7, #4]
  40 0008 3960     		str	r1, [r7]
  77:Generated_Source\PSoC4/cyfitter_cfg.c **** 	(void)memset(s, 0, n);
  41              		.loc 1 77 0
  42 000a 3A68     		ldr	r2, [r7]
  43 000c 7B68     		ldr	r3, [r7, #4]
  44 000e 0021     		movs	r1, #0
  45 0010 1800     		movs	r0, r3
  46 0012 FFF7FEFF 		bl	memset
  78:Generated_Source\PSoC4/cyfitter_cfg.c **** }
  47              		.loc 1 78 0
  48 0016 C046     		nop
  49 0018 BD46     		mov	sp, r7
  50 001a 02B0     		add	sp, sp, #8
  51              		@ sp needed
  52 001c 80BD     		pop	{r7, pc}
  53              		.cfi_endproc
  54              	.LFE2:
  55              		.size	CYMEMZERO, .-CYMEMZERO
  56 001e C046     		.section	.text.CYCONFIGCPY,"ax",%progbits
  57              		.align	2
  58              		.code	16
  59              		.thumb_func
  60              		.type	CYCONFIGCPY, %function
  61              	CYCONFIGCPY:
  62              	.LFB3:
  79:Generated_Source\PSoC4/cyfitter_cfg.c **** CY_CFG_UNUSED
  80:Generated_Source\PSoC4/cyfitter_cfg.c **** static void CYCONFIGCPY(void *dest, const void *src, size_t n);
  81:Generated_Source\PSoC4/cyfitter_cfg.c **** CY_CFG_UNUSED
  82:Generated_Source\PSoC4/cyfitter_cfg.c **** static void CYCONFIGCPY(void *dest, const void *src, size_t n)
  83:Generated_Source\PSoC4/cyfitter_cfg.c **** {
  63              		.loc 1 83 0
  64              		.cfi_startproc
  65              		@ args = 0, pretend = 0, frame = 16
  66              		@ frame_needed = 1, uses_anonymous_args = 0
  67 0000 80B5     		push	{r7, lr}
  68              		.cfi_def_cfa_offset 8
  69              		.cfi_offset 7, -8
  70              		.cfi_offset 14, -4
  71 0002 84B0     		sub	sp, sp, #16
  72              		.cfi_def_cfa_offset 24
  73 0004 00AF     		add	r7, sp, #0
  74              		.cfi_def_cfa_register 7
  75 0006 F860     		str	r0, [r7, #12]
  76 0008 B960     		str	r1, [r7, #8]
  77 000a 7A60     		str	r2, [r7, #4]
  84:Generated_Source\PSoC4/cyfitter_cfg.c **** 	(void)memcpy(dest, src, n);
  78              		.loc 1 84 0
  79 000c 7A68     		ldr	r2, [r7, #4]
  80 000e B968     		ldr	r1, [r7, #8]
  81 0010 FB68     		ldr	r3, [r7, #12]
  82 0012 1800     		movs	r0, r3
  83 0014 FFF7FEFF 		bl	memcpy
  85:Generated_Source\PSoC4/cyfitter_cfg.c **** }
  84              		.loc 1 85 0
  85 0018 C046     		nop
  86 001a BD46     		mov	sp, r7
ARM GAS  C:\Users\sergio\AppData\Local\Temp\ccCJnPFc.s 			page 4


  87 001c 04B0     		add	sp, sp, #16
  88              		@ sp needed
  89 001e 80BD     		pop	{r7, pc}
  90              		.cfi_endproc
  91              	.LFE3:
  92              		.size	CYCONFIGCPY, .-CYCONFIGCPY
  93              		.section	.text.CYCONFIGCPYCODE,"ax",%progbits
  94              		.align	2
  95              		.code	16
  96              		.thumb_func
  97              		.type	CYCONFIGCPYCODE, %function
  98              	CYCONFIGCPYCODE:
  99              	.LFB4:
  86:Generated_Source\PSoC4/cyfitter_cfg.c **** CY_CFG_UNUSED
  87:Generated_Source\PSoC4/cyfitter_cfg.c **** static void CYCONFIGCPYCODE(void *dest, const void *src, size_t n);
  88:Generated_Source\PSoC4/cyfitter_cfg.c **** CY_CFG_UNUSED
  89:Generated_Source\PSoC4/cyfitter_cfg.c **** static void CYCONFIGCPYCODE(void *dest, const void *src, size_t n)
  90:Generated_Source\PSoC4/cyfitter_cfg.c **** {
 100              		.loc 1 90 0
 101              		.cfi_startproc
 102              		@ args = 0, pretend = 0, frame = 16
 103              		@ frame_needed = 1, uses_anonymous_args = 0
 104 0000 80B5     		push	{r7, lr}
 105              		.cfi_def_cfa_offset 8
 106              		.cfi_offset 7, -8
 107              		.cfi_offset 14, -4
 108 0002 84B0     		sub	sp, sp, #16
 109              		.cfi_def_cfa_offset 24
 110 0004 00AF     		add	r7, sp, #0
 111              		.cfi_def_cfa_register 7
 112 0006 F860     		str	r0, [r7, #12]
 113 0008 B960     		str	r1, [r7, #8]
 114 000a 7A60     		str	r2, [r7, #4]
  91:Generated_Source\PSoC4/cyfitter_cfg.c **** 	(void)memcpy(dest, src, n);
 115              		.loc 1 91 0
 116 000c 7A68     		ldr	r2, [r7, #4]
 117 000e B968     		ldr	r1, [r7, #8]
 118 0010 FB68     		ldr	r3, [r7, #12]
 119 0012 1800     		movs	r0, r3
 120 0014 FFF7FEFF 		bl	memcpy
  92:Generated_Source\PSoC4/cyfitter_cfg.c **** }
 121              		.loc 1 92 0
 122 0018 C046     		nop
 123 001a BD46     		mov	sp, r7
 124 001c 04B0     		add	sp, sp, #16
 125              		@ sp needed
 126 001e 80BD     		pop	{r7, pc}
 127              		.cfi_endproc
 128              	.LFE4:
 129              		.size	CYCONFIGCPYCODE, .-CYCONFIGCPYCODE
 130              		.section	.psocinit,"ax",%progbits
 131              		.align	2
 132              		.code	16
 133              		.thumb_func
 134              		.type	ClockSetup, %function
 135              	ClockSetup:
 136              	.LFB5:
ARM GAS  C:\Users\sergio\AppData\Local\Temp\ccCJnPFc.s 			page 5


  93:Generated_Source\PSoC4/cyfitter_cfg.c **** 
  94:Generated_Source\PSoC4/cyfitter_cfg.c **** 
  95:Generated_Source\PSoC4/cyfitter_cfg.c **** 
  96:Generated_Source\PSoC4/cyfitter_cfg.c **** 
  97:Generated_Source\PSoC4/cyfitter_cfg.c **** /* Clock startup error codes                                                   */
  98:Generated_Source\PSoC4/cyfitter_cfg.c **** #define CYCLOCKSTART_NO_ERROR    0u
  99:Generated_Source\PSoC4/cyfitter_cfg.c **** #define CYCLOCKSTART_XTAL_ERROR  1u
 100:Generated_Source\PSoC4/cyfitter_cfg.c **** #define CYCLOCKSTART_32KHZ_ERROR 2u
 101:Generated_Source\PSoC4/cyfitter_cfg.c **** #define CYCLOCKSTART_PLL_ERROR   3u
 102:Generated_Source\PSoC4/cyfitter_cfg.c **** #define CYCLOCKSTART_FLL_ERROR   4u
 103:Generated_Source\PSoC4/cyfitter_cfg.c **** #define CYCLOCKSTART_WCO_ERROR   5u
 104:Generated_Source\PSoC4/cyfitter_cfg.c **** 
 105:Generated_Source\PSoC4/cyfitter_cfg.c **** 
 106:Generated_Source\PSoC4/cyfitter_cfg.c **** #ifdef CY_NEED_CYCLOCKSTARTUPERROR
 107:Generated_Source\PSoC4/cyfitter_cfg.c **** /*******************************************************************************
 108:Generated_Source\PSoC4/cyfitter_cfg.c **** * Function Name: CyClockStartupError
 109:Generated_Source\PSoC4/cyfitter_cfg.c **** ********************************************************************************
 110:Generated_Source\PSoC4/cyfitter_cfg.c **** * Summary:
 111:Generated_Source\PSoC4/cyfitter_cfg.c **** *  If an error is encountered during clock configuration (crystal startup error,
 112:Generated_Source\PSoC4/cyfitter_cfg.c **** *  PLL lock error, etc.), the system will end up here.  Unless reimplemented by
 113:Generated_Source\PSoC4/cyfitter_cfg.c **** *  the customer, this function will stop in an infinite loop.
 114:Generated_Source\PSoC4/cyfitter_cfg.c **** *
 115:Generated_Source\PSoC4/cyfitter_cfg.c **** * Parameters:
 116:Generated_Source\PSoC4/cyfitter_cfg.c **** *   void
 117:Generated_Source\PSoC4/cyfitter_cfg.c **** *
 118:Generated_Source\PSoC4/cyfitter_cfg.c **** * Return:
 119:Generated_Source\PSoC4/cyfitter_cfg.c **** *   void
 120:Generated_Source\PSoC4/cyfitter_cfg.c **** *
 121:Generated_Source\PSoC4/cyfitter_cfg.c **** *******************************************************************************/
 122:Generated_Source\PSoC4/cyfitter_cfg.c **** CY_CFG_UNUSED
 123:Generated_Source\PSoC4/cyfitter_cfg.c **** static void CyClockStartupError(uint8 errorCode);
 124:Generated_Source\PSoC4/cyfitter_cfg.c **** CY_CFG_UNUSED
 125:Generated_Source\PSoC4/cyfitter_cfg.c **** static void CyClockStartupError(uint8 errorCode)
 126:Generated_Source\PSoC4/cyfitter_cfg.c **** {
 127:Generated_Source\PSoC4/cyfitter_cfg.c ****     /* To remove the compiler warning if errorCode not used.                */
 128:Generated_Source\PSoC4/cyfitter_cfg.c ****     errorCode = errorCode;
 129:Generated_Source\PSoC4/cyfitter_cfg.c **** 
 130:Generated_Source\PSoC4/cyfitter_cfg.c ****     /* If we have a clock startup error (bad MHz crystal, PLL lock, etc.),  */
 131:Generated_Source\PSoC4/cyfitter_cfg.c ****     /* we will end up here to allow the customer to implement something to  */
 132:Generated_Source\PSoC4/cyfitter_cfg.c ****     /* deal with the clock condition.                                       */
 133:Generated_Source\PSoC4/cyfitter_cfg.c **** 
 134:Generated_Source\PSoC4/cyfitter_cfg.c **** #ifdef CY_CFG_CLOCK_STARTUP_ERROR_CALLBACK
 135:Generated_Source\PSoC4/cyfitter_cfg.c ****     CY_CFG_Clock_Startup_ErrorCallback();
 136:Generated_Source\PSoC4/cyfitter_cfg.c **** #else
 137:Generated_Source\PSoC4/cyfitter_cfg.c ****     /*  If not using CY_CFG_CLOCK_STARTUP_ERROR_CALLBACK, place your clock startup code here. */
 138:Generated_Source\PSoC4/cyfitter_cfg.c ****     /* `#START CyClockStartupError` */
 139:Generated_Source\PSoC4/cyfitter_cfg.c **** 
 140:Generated_Source\PSoC4/cyfitter_cfg.c **** 
 141:Generated_Source\PSoC4/cyfitter_cfg.c **** 
 142:Generated_Source\PSoC4/cyfitter_cfg.c ****     /* `#END` */
 143:Generated_Source\PSoC4/cyfitter_cfg.c **** 
 144:Generated_Source\PSoC4/cyfitter_cfg.c ****     while(1) {}
 145:Generated_Source\PSoC4/cyfitter_cfg.c **** #endif /* CY_CFG_CLOCK_STARTUP_ERROR_CALLBACK */
 146:Generated_Source\PSoC4/cyfitter_cfg.c **** }
 147:Generated_Source\PSoC4/cyfitter_cfg.c **** #endif
 148:Generated_Source\PSoC4/cyfitter_cfg.c **** 
 149:Generated_Source\PSoC4/cyfitter_cfg.c **** 
ARM GAS  C:\Users\sergio\AppData\Local\Temp\ccCJnPFc.s 			page 6


 150:Generated_Source\PSoC4/cyfitter_cfg.c **** 
 151:Generated_Source\PSoC4/cyfitter_cfg.c **** /*******************************************************************************
 152:Generated_Source\PSoC4/cyfitter_cfg.c **** * Function Name: ClockSetup
 153:Generated_Source\PSoC4/cyfitter_cfg.c **** ********************************************************************************
 154:Generated_Source\PSoC4/cyfitter_cfg.c **** *
 155:Generated_Source\PSoC4/cyfitter_cfg.c **** * Summary:
 156:Generated_Source\PSoC4/cyfitter_cfg.c **** *   Performs the initialization of all of the clocks in the device based on the
 157:Generated_Source\PSoC4/cyfitter_cfg.c **** *   settings in the Clock tab of the DWR.  This includes enabling the requested
 158:Generated_Source\PSoC4/cyfitter_cfg.c **** *   clocks and setting the necessary dividers to produce the desired frequency. 
 159:Generated_Source\PSoC4/cyfitter_cfg.c **** *
 160:Generated_Source\PSoC4/cyfitter_cfg.c **** * Parameters:
 161:Generated_Source\PSoC4/cyfitter_cfg.c **** *   void
 162:Generated_Source\PSoC4/cyfitter_cfg.c **** *
 163:Generated_Source\PSoC4/cyfitter_cfg.c **** * Return:
 164:Generated_Source\PSoC4/cyfitter_cfg.c **** *   void
 165:Generated_Source\PSoC4/cyfitter_cfg.c **** *
 166:Generated_Source\PSoC4/cyfitter_cfg.c **** *******************************************************************************/
 167:Generated_Source\PSoC4/cyfitter_cfg.c **** static void ClockSetup(void);
 168:Generated_Source\PSoC4/cyfitter_cfg.c **** CY_CFG_SECTION
 169:Generated_Source\PSoC4/cyfitter_cfg.c **** static void ClockSetup(void)
 170:Generated_Source\PSoC4/cyfitter_cfg.c **** {
 137              		.loc 1 170 0
 138              		.cfi_startproc
 139              		@ args = 0, pretend = 0, frame = 0
 140              		@ frame_needed = 1, uses_anonymous_args = 0
 141 0000 80B5     		push	{r7, lr}
 142              		.cfi_def_cfa_offset 8
 143              		.cfi_offset 7, -8
 144              		.cfi_offset 14, -4
 145 0002 00AF     		add	r7, sp, #0
 146              		.cfi_def_cfa_register 7
 171:Generated_Source\PSoC4/cyfitter_cfg.c **** 
 172:Generated_Source\PSoC4/cyfitter_cfg.c **** 	/* Set Flash Cycles based on max possible frequency in case a glitch occurs during ClockSetup(). *
 173:Generated_Source\PSoC4/cyfitter_cfg.c **** 	CY_SET_REG32((void CYXDATA *)(CYREG_CPUSS_FLASH_CTL), (0x0012u));
 147              		.loc 1 173 0
 148 0004 304B     		ldr	r3, .L6
 149 0006 1222     		movs	r2, #18
 150 0008 1A60     		str	r2, [r3]
 174:Generated_Source\PSoC4/cyfitter_cfg.c **** 
 175:Generated_Source\PSoC4/cyfitter_cfg.c **** 	/* Start the WCO */
 176:Generated_Source\PSoC4/cyfitter_cfg.c **** 	CySysClkWcoStart();
 151              		.loc 1 176 0
 152 000a FFF7FEFF 		bl	CySysClkWcoStart
 177:Generated_Source\PSoC4/cyfitter_cfg.c **** 	CyDelayCycles(12000000u); /* WCO may take up to 500ms to start */
 153              		.loc 1 177 0
 154 000e 2F4B     		ldr	r3, .L6+4
 155 0010 1800     		movs	r0, r3
 156 0012 FFF7FEFF 		bl	CyDelayCycles
 178:Generated_Source\PSoC4/cyfitter_cfg.c **** 	(void)CySysClkWcoSetPowerMode(CY_SYS_CLK_WCO_LPM);    /* Switch to the low power mode */
 157              		.loc 1 178 0
 158 0016 0120     		movs	r0, #1
 159 0018 FFF7FEFF 		bl	CySysClkWcoSetPowerMode
 179:Generated_Source\PSoC4/cyfitter_cfg.c **** 
 180:Generated_Source\PSoC4/cyfitter_cfg.c **** 	/* Setup and trim IMO based on desired frequency. */
 181:Generated_Source\PSoC4/cyfitter_cfg.c **** 	CySysClkWriteImoFreq(48u);
 160              		.loc 1 181 0
 161 001c 3020     		movs	r0, #48
ARM GAS  C:\Users\sergio\AppData\Local\Temp\ccCJnPFc.s 			page 7


 162 001e FFF7FEFF 		bl	CySysClkWriteImoFreq
 182:Generated_Source\PSoC4/cyfitter_cfg.c **** 	/* CYDEV_CLK_ILO_CONFIG Starting address: CYDEV_CLK_ILO_CONFIG */
 183:Generated_Source\PSoC4/cyfitter_cfg.c **** 	CY_SET_REG32((void *)(CYREG_CLK_ILO_CONFIG), 0x80000006u);
 163              		.loc 1 183 0
 164 0022 2B4B     		ldr	r3, .L6+8
 165 0024 2B4A     		ldr	r2, .L6+12
 166 0026 1A60     		str	r2, [r3]
 184:Generated_Source\PSoC4/cyfitter_cfg.c **** 
 185:Generated_Source\PSoC4/cyfitter_cfg.c **** 	/* CYDEV_WDT_CONFIG Starting address: CYDEV_WDT_CONFIG */
 186:Generated_Source\PSoC4/cyfitter_cfg.c **** 	CY_SET_REG32((void *)(CYREG_WDT_CONFIG), 0x40000000u);
 167              		.loc 1 186 0
 168 0028 2B4B     		ldr	r3, .L6+16
 169 002a 8022     		movs	r2, #128
 170 002c D205     		lsls	r2, r2, #23
 171 002e 1A60     		str	r2, [r3]
 187:Generated_Source\PSoC4/cyfitter_cfg.c **** 
 188:Generated_Source\PSoC4/cyfitter_cfg.c **** 
 189:Generated_Source\PSoC4/cyfitter_cfg.c **** 	/* Enable fast start mode for XO */
 190:Generated_Source\PSoC4/cyfitter_cfg.c **** 	CY_SET_REG32((void*)CYREG_BLE_BLERD_BB_XO, CY_GET_REG32((void*)CYREG_BLE_BLERD_BB_XO) | (uint32)0x
 172              		.loc 1 190 0
 173 0030 2A4B     		ldr	r3, .L6+20
 174 0032 2A4A     		ldr	r2, .L6+20
 175 0034 1268     		ldr	r2, [r2]
 176 0036 0221     		movs	r1, #2
 177 0038 0A43     		orrs	r2, r1
 178 003a 1A60     		str	r2, [r3]
 191:Generated_Source\PSoC4/cyfitter_cfg.c **** 	CY_SET_REG32((void *)(CYREG_BLE_BLERD_BB_XO_CAPTRIM), 0x0000BCBCu);
 179              		.loc 1 191 0
 180 003c 284B     		ldr	r3, .L6+24
 181 003e 294A     		ldr	r2, .L6+28
 182 0040 1A60     		str	r2, [r3]
 192:Generated_Source\PSoC4/cyfitter_cfg.c **** 	/*Set XTAL(ECO) divider*/
 193:Generated_Source\PSoC4/cyfitter_cfg.c **** 	CY_SET_REG32((void *)(CYREG_BLE_BLESS_XTAL_CLK_DIV_CONFIG), 0x00000000u);
 183              		.loc 1 193 0
 184 0042 294B     		ldr	r3, .L6+32
 185 0044 0022     		movs	r2, #0
 186 0046 1A60     		str	r2, [r3]
 194:Generated_Source\PSoC4/cyfitter_cfg.c **** 	/* Disable Crystal Stable Interrupt before enabling ECO */
 195:Generated_Source\PSoC4/cyfitter_cfg.c **** 	CY_SET_REG32((void*)CYREG_BLE_BLESS_LL_DSM_CTRL, CY_GET_REG32((void*)CYREG_BLE_BLESS_LL_DSM_CTRL) 
 187              		.loc 1 195 0
 188 0048 284B     		ldr	r3, .L6+36
 189 004a 284A     		ldr	r2, .L6+36
 190 004c 1268     		ldr	r2, [r2]
 191 004e 0821     		movs	r1, #8
 192 0050 8A43     		bics	r2, r1
 193 0052 1A60     		str	r2, [r3]
 196:Generated_Source\PSoC4/cyfitter_cfg.c **** 	/* Start the ECO and do not check status since it is not needed for HFCLK */
 197:Generated_Source\PSoC4/cyfitter_cfg.c **** 	(void)CySysClkEcoStart(2000u);
 194              		.loc 1 197 0
 195 0054 FA23     		movs	r3, #250
 196 0056 DB00     		lsls	r3, r3, #3
 197 0058 1800     		movs	r0, r3
 198 005a FFF7FEFF 		bl	CySysClkEcoStart
 198:Generated_Source\PSoC4/cyfitter_cfg.c **** 	CyDelayUs(1500u); /* Wait to stabilize */
 199              		.loc 1 198 0
 200 005e 244B     		ldr	r3, .L6+40
 201 0060 1800     		movs	r0, r3
ARM GAS  C:\Users\sergio\AppData\Local\Temp\ccCJnPFc.s 			page 8


 202 0062 FFF7FEFF 		bl	CyDelayUs
 199:Generated_Source\PSoC4/cyfitter_cfg.c **** 
 200:Generated_Source\PSoC4/cyfitter_cfg.c **** 	/* Setup phase aligned clocks */
 201:Generated_Source\PSoC4/cyfitter_cfg.c **** 	CY_SET_REG32((void *)CYREG_PERI_DIV_16_CTL1, 0x00002F00u);
 203              		.loc 1 201 0
 204 0066 234B     		ldr	r3, .L6+44
 205 0068 BC22     		movs	r2, #188
 206 006a 9201     		lsls	r2, r2, #6
 207 006c 1A60     		str	r2, [r3]
 202:Generated_Source\PSoC4/cyfitter_cfg.c **** 	CY_SET_REG32((void *)CYREG_PERI_DIV_CMD, 0x8000FF41u);
 208              		.loc 1 202 0
 209 006e 224B     		ldr	r3, .L6+48
 210 0070 224A     		ldr	r2, .L6+52
 211 0072 1A60     		str	r2, [r3]
 203:Generated_Source\PSoC4/cyfitter_cfg.c **** 	CY_SET_REG32((void *)CYREG_PERI_DIV_16_CTL0, 0x00001D00u);
 212              		.loc 1 203 0
 213 0074 224B     		ldr	r3, .L6+56
 214 0076 E822     		movs	r2, #232
 215 0078 5201     		lsls	r2, r2, #5
 216 007a 1A60     		str	r2, [r3]
 204:Generated_Source\PSoC4/cyfitter_cfg.c **** 	CY_SET_REG32((void *)CYREG_PERI_DIV_CMD, 0x8000FF40u);
 217              		.loc 1 204 0
 218 007c 1E4B     		ldr	r3, .L6+48
 219 007e 214A     		ldr	r2, .L6+60
 220 0080 1A60     		str	r2, [r3]
 205:Generated_Source\PSoC4/cyfitter_cfg.c **** 
 206:Generated_Source\PSoC4/cyfitter_cfg.c **** 	/* CYDEV_CLK_IMO_CONFIG Starting address: CYDEV_CLK_IMO_CONFIG */
 207:Generated_Source\PSoC4/cyfitter_cfg.c **** 	CY_SET_REG32((void *)(CYREG_CLK_IMO_CONFIG), 0x82000000u);
 221              		.loc 1 207 0
 222 0082 214B     		ldr	r3, .L6+64
 223 0084 8222     		movs	r2, #130
 224 0086 1206     		lsls	r2, r2, #24
 225 0088 1A60     		str	r2, [r3]
 208:Generated_Source\PSoC4/cyfitter_cfg.c **** 
 209:Generated_Source\PSoC4/cyfitter_cfg.c **** 	/* CYDEV_CLK_SELECT Starting address: CYDEV_CLK_SELECT */
 210:Generated_Source\PSoC4/cyfitter_cfg.c **** 	CY_SET_REG32((void *)(CYREG_CLK_SELECT), 0x00040000u);
 226              		.loc 1 210 0
 227 008a 204B     		ldr	r3, .L6+68
 228 008c 8022     		movs	r2, #128
 229 008e D202     		lsls	r2, r2, #11
 230 0090 1A60     		str	r2, [r3]
 211:Generated_Source\PSoC4/cyfitter_cfg.c **** 
 212:Generated_Source\PSoC4/cyfitter_cfg.c **** 	/* CYDEV_PERI_PCLK_CTL6 Starting address: CYDEV_PERI_PCLK_CTL6 */
 213:Generated_Source\PSoC4/cyfitter_cfg.c **** 	CY_SET_REG32((void *)(CYREG_PERI_PCLK_CTL6), 0x00000041u);
 231              		.loc 1 213 0
 232 0092 1F4B     		ldr	r3, .L6+72
 233 0094 4122     		movs	r2, #65
 234 0096 1A60     		str	r2, [r3]
 214:Generated_Source\PSoC4/cyfitter_cfg.c **** 
 215:Generated_Source\PSoC4/cyfitter_cfg.c **** 	/* CYDEV_PERI_PCLK_CTL2 Starting address: CYDEV_PERI_PCLK_CTL2 */
 216:Generated_Source\PSoC4/cyfitter_cfg.c **** 	CY_SET_REG32((void *)(CYREG_PERI_PCLK_CTL2), 0x00000040u);
 235              		.loc 1 216 0
 236 0098 1E4B     		ldr	r3, .L6+76
 237 009a 4022     		movs	r2, #64
 238 009c 1A60     		str	r2, [r3]
 217:Generated_Source\PSoC4/cyfitter_cfg.c **** 
 218:Generated_Source\PSoC4/cyfitter_cfg.c **** 	CY_SET_REG32((void *)(CYREG_WDT_CONFIG), 0x4F010000u);
ARM GAS  C:\Users\sergio\AppData\Local\Temp\ccCJnPFc.s 			page 9


 239              		.loc 1 218 0
 240 009e 0E4B     		ldr	r3, .L6+16
 241 00a0 1D4A     		ldr	r2, .L6+80
 242 00a2 1A60     		str	r2, [r3]
 219:Generated_Source\PSoC4/cyfitter_cfg.c **** 	CY_SET_REG32((void *)(CYREG_WDT_CONTROL), 0x00080000u);
 243              		.loc 1 219 0
 244 00a4 1D4B     		ldr	r3, .L6+84
 245 00a6 8022     		movs	r2, #128
 246 00a8 1203     		lsls	r2, r2, #12
 247 00aa 1A60     		str	r2, [r3]
 220:Generated_Source\PSoC4/cyfitter_cfg.c **** 	while ((CY_GET_XTND_REG32((void CYFAR *)(CYREG_WDT_CONTROL)) & 0x00080000u) != 0u) { }
 248              		.loc 1 220 0
 249 00ac C046     		nop
 250              	.L5:
 251              		.loc 1 220 0 is_stmt 0 discriminator 1
 252 00ae 1B4B     		ldr	r3, .L6+84
 253 00b0 1A68     		ldr	r2, [r3]
 254 00b2 8023     		movs	r3, #128
 255 00b4 1B03     		lsls	r3, r3, #12
 256 00b6 1340     		ands	r3, r2
 257 00b8 F9D1     		bne	.L5
 221:Generated_Source\PSoC4/cyfitter_cfg.c **** 	CY_SET_REG32((void *)(CYREG_WDT_CONTROL), 0x00010000u);
 258              		.loc 1 221 0 is_stmt 1
 259 00ba 184B     		ldr	r3, .L6+84
 260 00bc 8022     		movs	r2, #128
 261 00be 5202     		lsls	r2, r2, #9
 262 00c0 1A60     		str	r2, [r3]
 222:Generated_Source\PSoC4/cyfitter_cfg.c **** }
 263              		.loc 1 222 0
 264 00c2 C046     		nop
 265 00c4 BD46     		mov	sp, r7
 266              		@ sp needed
 267 00c6 80BD     		pop	{r7, pc}
 268              	.L7:
 269              		.align	2
 270              	.L6:
 271 00c8 30001040 		.word	1074790448
 272 00cc 001BB700 		.word	12000000
 273 00d0 04010B40 		.word	1074462980
 274 00d4 06000080 		.word	-2147483642
 275 00d8 0C020B40 		.word	1074463244
 276 00dc 78002E40 		.word	1076756600
 277 00e0 7C002E40 		.word	1076756604
 278 00e4 BCBC0000 		.word	48316
 279 00e8 64F02E40 		.word	1076818020
 280 00ec 6CF02E40 		.word	1076818028
 281 00f0 DC050000 		.word	1500
 282 00f4 04030140 		.word	1073808132
 283 00f8 00000140 		.word	1073807360
 284 00fc 41FF0080 		.word	-2147418303
 285 0100 00030140 		.word	1073808128
 286 0104 40FF0080 		.word	-2147418304
 287 0108 08010B40 		.word	1074462984
 288 010c 00010B40 		.word	1074462976
 289 0110 18010140 		.word	1073807640
 290 0114 08010140 		.word	1073807624
 291 0118 0000014F 		.word	1325465600
ARM GAS  C:\Users\sergio\AppData\Local\Temp\ccCJnPFc.s 			page 10


 292 011c 10020B40 		.word	1074463248
 293              		.cfi_endproc
 294              	.LFE5:
 295              		.size	ClockSetup, .-ClockSetup
 296              		.section	.text.AnalogSetDefault,"ax",%progbits
 297              		.align	2
 298              		.code	16
 299              		.thumb_func
 300              		.type	AnalogSetDefault, %function
 301              	AnalogSetDefault:
 302              	.LFB6:
 223:Generated_Source\PSoC4/cyfitter_cfg.c **** 
 224:Generated_Source\PSoC4/cyfitter_cfg.c **** 
 225:Generated_Source\PSoC4/cyfitter_cfg.c **** /* Analog API Functions */
 226:Generated_Source\PSoC4/cyfitter_cfg.c **** 
 227:Generated_Source\PSoC4/cyfitter_cfg.c **** 
 228:Generated_Source\PSoC4/cyfitter_cfg.c **** /*******************************************************************************
 229:Generated_Source\PSoC4/cyfitter_cfg.c **** * Function Name: AnalogSetDefault
 230:Generated_Source\PSoC4/cyfitter_cfg.c **** ********************************************************************************
 231:Generated_Source\PSoC4/cyfitter_cfg.c **** *
 232:Generated_Source\PSoC4/cyfitter_cfg.c **** * Summary:
 233:Generated_Source\PSoC4/cyfitter_cfg.c **** *  Sets up the analog portions of the chip to default values based on chip
 234:Generated_Source\PSoC4/cyfitter_cfg.c **** *  configuration options from the project.
 235:Generated_Source\PSoC4/cyfitter_cfg.c **** *
 236:Generated_Source\PSoC4/cyfitter_cfg.c **** * Parameters:
 237:Generated_Source\PSoC4/cyfitter_cfg.c **** *  void
 238:Generated_Source\PSoC4/cyfitter_cfg.c **** *
 239:Generated_Source\PSoC4/cyfitter_cfg.c **** * Return:
 240:Generated_Source\PSoC4/cyfitter_cfg.c **** *  void
 241:Generated_Source\PSoC4/cyfitter_cfg.c **** *
 242:Generated_Source\PSoC4/cyfitter_cfg.c **** *******************************************************************************/
 243:Generated_Source\PSoC4/cyfitter_cfg.c **** static void AnalogSetDefault(void);
 244:Generated_Source\PSoC4/cyfitter_cfg.c **** static void AnalogSetDefault(void)
 245:Generated_Source\PSoC4/cyfitter_cfg.c **** {
 303              		.loc 1 245 0
 304              		.cfi_startproc
 305              		@ args = 0, pretend = 0, frame = 0
 306              		@ frame_needed = 1, uses_anonymous_args = 0
 307 0000 80B5     		push	{r7, lr}
 308              		.cfi_def_cfa_offset 8
 309              		.cfi_offset 7, -8
 310              		.cfi_offset 14, -4
 311 0002 00AF     		add	r7, sp, #0
 312              		.cfi_def_cfa_register 7
 246:Generated_Source\PSoC4/cyfitter_cfg.c **** 	CY_SET_XTND_REG32((void CYFAR *)CYREG_CTBM0_DFT_CTRL, 0x00000003u);
 313              		.loc 1 246 0
 314 0004 0A4B     		ldr	r3, .L9
 315 0006 0322     		movs	r2, #3
 316 0008 1A60     		str	r2, [r3]
 247:Generated_Source\PSoC4/cyfitter_cfg.c **** 	CY_SET_XTND_REG32((void CYFAR *)CYREG_CTBM1_DFT_CTRL, 0x00000003u);
 317              		.loc 1 247 0
 318 000a 0A4B     		ldr	r3, .L9+4
 319 000c 0322     		movs	r2, #3
 320 000e 1A60     		str	r2, [r3]
 248:Generated_Source\PSoC4/cyfitter_cfg.c **** 	CY_SET_XTND_REG32((void CYFAR *)CYREG_SAR_CTRL, 0x80000000u);
 321              		.loc 1 248 0
 322 0010 094B     		ldr	r3, .L9+8
ARM GAS  C:\Users\sergio\AppData\Local\Temp\ccCJnPFc.s 			page 11


 323 0012 8022     		movs	r2, #128
 324 0014 1206     		lsls	r2, r2, #24
 325 0016 1A60     		str	r2, [r3]
 249:Generated_Source\PSoC4/cyfitter_cfg.c **** 	CY_SET_XTND_REG32((void CYFAR *)CYREG_SAR_MUX_SWITCH0, 0x00000004u);
 326              		.loc 1 249 0
 327 0018 084B     		ldr	r3, .L9+12
 328 001a 0422     		movs	r2, #4
 329 001c 1A60     		str	r2, [r3]
 250:Generated_Source\PSoC4/cyfitter_cfg.c **** 	CY_SET_XTND_REG32((void CYFAR *)CYREG_PASS_DSAB_DSAB_CTRL, 0x00000000u);
 330              		.loc 1 250 0
 331 001e 084B     		ldr	r3, .L9+16
 332 0020 0022     		movs	r2, #0
 333 0022 1A60     		str	r2, [r3]
 251:Generated_Source\PSoC4/cyfitter_cfg.c **** 	SetAnalogRoutingPumps(1);
 334              		.loc 1 251 0
 335 0024 0120     		movs	r0, #1
 336 0026 FFF7FEFF 		bl	SetAnalogRoutingPumps
 252:Generated_Source\PSoC4/cyfitter_cfg.c **** }
 337              		.loc 1 252 0
 338 002a C046     		nop
 339 002c BD46     		mov	sp, r7
 340              		@ sp needed
 341 002e 80BD     		pop	{r7, pc}
 342              	.L10:
 343              		.align	2
 344              	.L9:
 345 0030 30003040 		.word	1076887600
 346 0034 30003140 		.word	1076953136
 347 0038 00003A40 		.word	1077542912
 348 003c 00033A40 		.word	1077543680
 349 0040 000E3F40 		.word	1077874176
 350              		.cfi_endproc
 351              	.LFE6:
 352              		.size	AnalogSetDefault, .-AnalogSetDefault
 353              		.section	.text.SetAnalogRoutingPumps,"ax",%progbits
 354              		.align	2
 355              		.global	SetAnalogRoutingPumps
 356              		.code	16
 357              		.thumb_func
 358              		.type	SetAnalogRoutingPumps, %function
 359              	SetAnalogRoutingPumps:
 360              	.LFB7:
 253:Generated_Source\PSoC4/cyfitter_cfg.c **** 
 254:Generated_Source\PSoC4/cyfitter_cfg.c **** 
 255:Generated_Source\PSoC4/cyfitter_cfg.c **** /*******************************************************************************
 256:Generated_Source\PSoC4/cyfitter_cfg.c **** * Function Name: SetAnalogRoutingPumps
 257:Generated_Source\PSoC4/cyfitter_cfg.c **** ********************************************************************************
 258:Generated_Source\PSoC4/cyfitter_cfg.c **** *
 259:Generated_Source\PSoC4/cyfitter_cfg.c **** * Summary:
 260:Generated_Source\PSoC4/cyfitter_cfg.c **** * Enables or disables the analog pumps feeding analog routing switches.
 261:Generated_Source\PSoC4/cyfitter_cfg.c **** * Intended to be called at startup, based on the Vdda system configuration;
 262:Generated_Source\PSoC4/cyfitter_cfg.c **** * may be called during operation when the user informs us that the Vdda voltage crossed the pump th
 263:Generated_Source\PSoC4/cyfitter_cfg.c **** *
 264:Generated_Source\PSoC4/cyfitter_cfg.c **** * Parameters:
 265:Generated_Source\PSoC4/cyfitter_cfg.c **** *  enabled - 1 to enable the pumps, 0 to disable the pumps
 266:Generated_Source\PSoC4/cyfitter_cfg.c **** *
 267:Generated_Source\PSoC4/cyfitter_cfg.c **** * Return:
ARM GAS  C:\Users\sergio\AppData\Local\Temp\ccCJnPFc.s 			page 12


 268:Generated_Source\PSoC4/cyfitter_cfg.c **** *  void
 269:Generated_Source\PSoC4/cyfitter_cfg.c **** *
 270:Generated_Source\PSoC4/cyfitter_cfg.c **** *******************************************************************************/
 271:Generated_Source\PSoC4/cyfitter_cfg.c **** void SetAnalogRoutingPumps(uint8 enabled)
 272:Generated_Source\PSoC4/cyfitter_cfg.c **** {
 361              		.loc 1 272 0
 362              		.cfi_startproc
 363              		@ args = 0, pretend = 0, frame = 16
 364              		@ frame_needed = 1, uses_anonymous_args = 0
 365 0000 80B5     		push	{r7, lr}
 366              		.cfi_def_cfa_offset 8
 367              		.cfi_offset 7, -8
 368              		.cfi_offset 14, -4
 369 0002 84B0     		sub	sp, sp, #16
 370              		.cfi_def_cfa_offset 24
 371 0004 00AF     		add	r7, sp, #0
 372              		.cfi_def_cfa_register 7
 373 0006 0200     		movs	r2, r0
 374 0008 FB1D     		adds	r3, r7, #7
 375 000a 1A70     		strb	r2, [r3]
 273:Generated_Source\PSoC4/cyfitter_cfg.c **** 	uint32 regValue = CY_GET_XTND_REG32((void *)(CYREG_SAR_PUMP_CTRL));
 376              		.loc 1 273 0
 377 000c 0B4B     		ldr	r3, .L14
 378 000e 1B68     		ldr	r3, [r3]
 379 0010 FB60     		str	r3, [r7, #12]
 274:Generated_Source\PSoC4/cyfitter_cfg.c **** 	if (enabled != 0u)
 380              		.loc 1 274 0
 381 0012 FB1D     		adds	r3, r7, #7
 382 0014 1B78     		ldrb	r3, [r3]
 383 0016 002B     		cmp	r3, #0
 384 0018 05D0     		beq	.L12
 275:Generated_Source\PSoC4/cyfitter_cfg.c **** 	{
 276:Generated_Source\PSoC4/cyfitter_cfg.c **** 		regValue |= 0x80000000u;
 385              		.loc 1 276 0
 386 001a FB68     		ldr	r3, [r7, #12]
 387 001c 8022     		movs	r2, #128
 388 001e 1206     		lsls	r2, r2, #24
 389 0020 1343     		orrs	r3, r2
 390 0022 FB60     		str	r3, [r7, #12]
 391 0024 03E0     		b	.L13
 392              	.L12:
 277:Generated_Source\PSoC4/cyfitter_cfg.c **** 	}
 278:Generated_Source\PSoC4/cyfitter_cfg.c **** 	else
 279:Generated_Source\PSoC4/cyfitter_cfg.c **** 	{
 280:Generated_Source\PSoC4/cyfitter_cfg.c **** 		regValue &= ~0x80000000u;
 393              		.loc 1 280 0
 394 0026 FB68     		ldr	r3, [r7, #12]
 395 0028 5B00     		lsls	r3, r3, #1
 396 002a 5B08     		lsrs	r3, r3, #1
 397 002c FB60     		str	r3, [r7, #12]
 398              	.L13:
 281:Generated_Source\PSoC4/cyfitter_cfg.c **** 	}
 282:Generated_Source\PSoC4/cyfitter_cfg.c **** 	CY_SET_XTND_REG32((void *)(CYREG_SAR_PUMP_CTRL), regValue);
 399              		.loc 1 282 0
 400 002e 034B     		ldr	r3, .L14
 401 0030 FA68     		ldr	r2, [r7, #12]
 402 0032 1A60     		str	r2, [r3]
ARM GAS  C:\Users\sergio\AppData\Local\Temp\ccCJnPFc.s 			page 13


 283:Generated_Source\PSoC4/cyfitter_cfg.c **** }
 403              		.loc 1 283 0
 404 0034 C046     		nop
 405 0036 BD46     		mov	sp, r7
 406 0038 04B0     		add	sp, sp, #16
 407              		@ sp needed
 408 003a 80BD     		pop	{r7, pc}
 409              	.L15:
 410              		.align	2
 411              	.L14:
 412 003c 80033A40 		.word	1077543808
 413              		.cfi_endproc
 414              	.LFE7:
 415              		.size	SetAnalogRoutingPumps, .-SetAnalogRoutingPumps
 416              		.section	.psocinit
 417              		.align	2
 418              		.global	cyfitter_cfg
 419              		.code	16
 420              		.thumb_func
 421              		.type	cyfitter_cfg, %function
 422              	cyfitter_cfg:
 423              	.LFB8:
 284:Generated_Source\PSoC4/cyfitter_cfg.c **** 
 285:Generated_Source\PSoC4/cyfitter_cfg.c **** 
 286:Generated_Source\PSoC4/cyfitter_cfg.c **** 
 287:Generated_Source\PSoC4/cyfitter_cfg.c **** 
 288:Generated_Source\PSoC4/cyfitter_cfg.c **** /*******************************************************************************
 289:Generated_Source\PSoC4/cyfitter_cfg.c **** * Function Name: cyfitter_cfg
 290:Generated_Source\PSoC4/cyfitter_cfg.c **** ********************************************************************************
 291:Generated_Source\PSoC4/cyfitter_cfg.c **** * Summary:
 292:Generated_Source\PSoC4/cyfitter_cfg.c **** *  This function is called by the start-up code for the selected device. It
 293:Generated_Source\PSoC4/cyfitter_cfg.c **** *  performs all of the necessary device configuration based on the design
 294:Generated_Source\PSoC4/cyfitter_cfg.c **** *  settings.  This includes settings from the Design Wide Resources (DWR) such
 295:Generated_Source\PSoC4/cyfitter_cfg.c **** *  as Clocks and Pins as well as any component configuration that is necessary.
 296:Generated_Source\PSoC4/cyfitter_cfg.c **** *
 297:Generated_Source\PSoC4/cyfitter_cfg.c **** * Parameters:
 298:Generated_Source\PSoC4/cyfitter_cfg.c **** *   void
 299:Generated_Source\PSoC4/cyfitter_cfg.c **** *
 300:Generated_Source\PSoC4/cyfitter_cfg.c **** * Return:
 301:Generated_Source\PSoC4/cyfitter_cfg.c **** *   void
 302:Generated_Source\PSoC4/cyfitter_cfg.c **** *
 303:Generated_Source\PSoC4/cyfitter_cfg.c **** *******************************************************************************/
 304:Generated_Source\PSoC4/cyfitter_cfg.c **** CY_CFG_SECTION
 305:Generated_Source\PSoC4/cyfitter_cfg.c **** void cyfitter_cfg(void)
 306:Generated_Source\PSoC4/cyfitter_cfg.c **** {
 424              		.loc 1 306 0
 425              		.cfi_startproc
 426              		@ args = 0, pretend = 0, frame = 8
 427              		@ frame_needed = 1, uses_anonymous_args = 0
 428 0120 80B5     		push	{r7, lr}
 429              		.cfi_def_cfa_offset 8
 430              		.cfi_offset 7, -8
 431              		.cfi_offset 14, -4
 432 0122 82B0     		sub	sp, sp, #8
 433              		.cfi_def_cfa_offset 16
 434 0124 00AF     		add	r7, sp, #0
 435              		.cfi_def_cfa_register 7
ARM GAS  C:\Users\sergio\AppData\Local\Temp\ccCJnPFc.s 			page 14


 307:Generated_Source\PSoC4/cyfitter_cfg.c **** 	/* Disable interrupts by default. Let user enable if/when they want. */
 308:Generated_Source\PSoC4/cyfitter_cfg.c **** 	CyGlobalIntDisable;
 436              		.loc 1 308 0
 437              		.syntax divided
 438              	@ 308 "Generated_Source\PSoC4\cyfitter_cfg.c" 1
 439 0126 72B6     		CPSID   i
 440              	@ 0 "" 2
 309:Generated_Source\PSoC4/cyfitter_cfg.c **** 
 310:Generated_Source\PSoC4/cyfitter_cfg.c **** 	CY_SET_REG32((void *)(CYREG_BLE_BLESS_LL_DSM_CTRL), 0x00000000u);
 441              		.loc 1 310 0
 442              		.thumb
 443              		.syntax unified
 444 0128 3A4B     		ldr	r3, .L19
 445 012a 0022     		movs	r2, #0
 446 012c 1A60     		str	r2, [r3]
 447              	.LBB2:
 311:Generated_Source\PSoC4/cyfitter_cfg.c **** 
 312:Generated_Source\PSoC4/cyfitter_cfg.c **** 	{
 313:Generated_Source\PSoC4/cyfitter_cfg.c **** 
 314:Generated_Source\PSoC4/cyfitter_cfg.c **** 		CYPACKED typedef struct {
 315:Generated_Source\PSoC4/cyfitter_cfg.c **** 			void CYFAR *address;
 316:Generated_Source\PSoC4/cyfitter_cfg.c **** 			uint16 size;
 317:Generated_Source\PSoC4/cyfitter_cfg.c **** 		} CYPACKED_ATTR cfg_memset_t;
 318:Generated_Source\PSoC4/cyfitter_cfg.c **** 
 319:Generated_Source\PSoC4/cyfitter_cfg.c **** 		static const cfg_memset_t CYCODE cfg_memset_list[] = {
 320:Generated_Source\PSoC4/cyfitter_cfg.c **** 			/* address, size */
 321:Generated_Source\PSoC4/cyfitter_cfg.c **** 			{(void CYFAR *)(CYDEV_UDB_P0_U0_BASE), 1024u},
 322:Generated_Source\PSoC4/cyfitter_cfg.c **** 			{(void CYFAR *)(CYDEV_UDB_DSI0_BASE), 1024u},
 323:Generated_Source\PSoC4/cyfitter_cfg.c **** 		};
 324:Generated_Source\PSoC4/cyfitter_cfg.c **** 
 325:Generated_Source\PSoC4/cyfitter_cfg.c **** 		uint8 CYDATA i;
 326:Generated_Source\PSoC4/cyfitter_cfg.c **** 
 327:Generated_Source\PSoC4/cyfitter_cfg.c **** 		/* Zero out critical memory blocks before beginning configuration */
 328:Generated_Source\PSoC4/cyfitter_cfg.c **** 		for (i = 0u; i < (sizeof(cfg_memset_list)/sizeof(cfg_memset_list[0])); i++)
 448              		.loc 1 328 0
 449 012e FB1D     		adds	r3, r7, #7
 450 0130 0022     		movs	r2, #0
 451 0132 1A70     		strb	r2, [r3]
 452 0134 22E0     		b	.L17
 453              	.L18:
 454              	.LBB3:
 329:Generated_Source\PSoC4/cyfitter_cfg.c **** 		{
 330:Generated_Source\PSoC4/cyfitter_cfg.c **** 			const cfg_memset_t CYCODE * CYDATA ms = &cfg_memset_list[i];
 455              		.loc 1 330 0 discriminator 3
 456 0136 FB1D     		adds	r3, r7, #7
 457 0138 1A78     		ldrb	r2, [r3]
 458 013a 1300     		movs	r3, r2
 459 013c 5B00     		lsls	r3, r3, #1
 460 013e 9B18     		adds	r3, r3, r2
 461 0140 5B00     		lsls	r3, r3, #1
 462 0142 354A     		ldr	r2, .L19+4
 463 0144 9B18     		adds	r3, r3, r2
 464 0146 3B60     		str	r3, [r7]
 331:Generated_Source\PSoC4/cyfitter_cfg.c **** 			CYMEMZERO(ms->address, (size_t)(uint32)(ms->size));
 465              		.loc 1 331 0 discriminator 3
 466 0148 3B68     		ldr	r3, [r7]
 467 014a 1A78     		ldrb	r2, [r3]
ARM GAS  C:\Users\sergio\AppData\Local\Temp\ccCJnPFc.s 			page 15


 468 014c 5978     		ldrb	r1, [r3, #1]
 469 014e 0902     		lsls	r1, r1, #8
 470 0150 0A43     		orrs	r2, r1
 471 0152 9978     		ldrb	r1, [r3, #2]
 472 0154 0904     		lsls	r1, r1, #16
 473 0156 0A43     		orrs	r2, r1
 474 0158 DB78     		ldrb	r3, [r3, #3]
 475 015a 1B06     		lsls	r3, r3, #24
 476 015c 1343     		orrs	r3, r2
 477 015e 1800     		movs	r0, r3
 478 0160 3B68     		ldr	r3, [r7]
 479 0162 1A79     		ldrb	r2, [r3, #4]
 480 0164 5B79     		ldrb	r3, [r3, #5]
 481 0166 1B02     		lsls	r3, r3, #8
 482 0168 1343     		orrs	r3, r2
 483 016a 9BB2     		uxth	r3, r3
 484 016c 1900     		movs	r1, r3
 485 016e FFF7FEFF 		bl	CYMEMZERO
 486              	.LBE3:
 328:Generated_Source\PSoC4/cyfitter_cfg.c **** 		{
 487              		.loc 1 328 0 discriminator 3
 488 0172 FB1D     		adds	r3, r7, #7
 489 0174 1A78     		ldrb	r2, [r3]
 490 0176 FB1D     		adds	r3, r7, #7
 491 0178 0132     		adds	r2, r2, #1
 492 017a 1A70     		strb	r2, [r3]
 493              	.L17:
 328:Generated_Source\PSoC4/cyfitter_cfg.c **** 		{
 494              		.loc 1 328 0 is_stmt 0 discriminator 1
 495 017c FB1D     		adds	r3, r7, #7
 496 017e 1B78     		ldrb	r3, [r3]
 497 0180 012B     		cmp	r3, #1
 498 0182 D8D9     		bls	.L18
 332:Generated_Source\PSoC4/cyfitter_cfg.c **** 		}
 333:Generated_Source\PSoC4/cyfitter_cfg.c **** 
 334:Generated_Source\PSoC4/cyfitter_cfg.c **** 		/* HSIOM Starting address: CYDEV_HSIOM_BASE */
 335:Generated_Source\PSoC4/cyfitter_cfg.c **** 		CY_SET_REG32((void *)(CYDEV_HSIOM_BASE), 0xEE000000u);
 499              		.loc 1 335 0 is_stmt 1
 500 0184 254B     		ldr	r3, .L19+8
 501 0186 EE22     		movs	r2, #238
 502 0188 1206     		lsls	r2, r2, #24
 503 018a 1A60     		str	r2, [r3]
 336:Generated_Source\PSoC4/cyfitter_cfg.c **** 		CY_SET_REG32((void *)(CYREG_HSIOM_PORT_SEL5), 0x000000EEu);
 504              		.loc 1 336 0
 505 018c 244B     		ldr	r3, .L19+12
 506 018e EE22     		movs	r2, #238
 507 0190 1A60     		str	r2, [r3]
 337:Generated_Source\PSoC4/cyfitter_cfg.c **** 
 338:Generated_Source\PSoC4/cyfitter_cfg.c **** 		/* UDB_PA_0 Starting address: CYDEV_UDB_PA0_BASE */
 339:Generated_Source\PSoC4/cyfitter_cfg.c **** 		CY_SET_REG32((void *)(CYDEV_UDB_PA0_BASE), 0x00990000u);
 508              		.loc 1 339 0
 509 0192 244B     		ldr	r3, .L19+16
 510 0194 9922     		movs	r2, #153
 511 0196 1204     		lsls	r2, r2, #16
 512 0198 1A60     		str	r2, [r3]
 340:Generated_Source\PSoC4/cyfitter_cfg.c **** 
 341:Generated_Source\PSoC4/cyfitter_cfg.c **** 		/* UDB_PA_1 Starting address: CYDEV_UDB_PA1_BASE */
ARM GAS  C:\Users\sergio\AppData\Local\Temp\ccCJnPFc.s 			page 16


 342:Generated_Source\PSoC4/cyfitter_cfg.c **** 		CY_SET_REG32((void *)(CYDEV_UDB_PA1_BASE), 0x00990000u);
 513              		.loc 1 342 0
 514 019a 234B     		ldr	r3, .L19+20
 515 019c 9922     		movs	r2, #153
 516 019e 1204     		lsls	r2, r2, #16
 517 01a0 1A60     		str	r2, [r3]
 343:Generated_Source\PSoC4/cyfitter_cfg.c **** 
 344:Generated_Source\PSoC4/cyfitter_cfg.c **** 		/* UDB_PA_2 Starting address: CYDEV_UDB_PA2_BASE */
 345:Generated_Source\PSoC4/cyfitter_cfg.c **** 		CY_SET_REG32((void *)(CYDEV_UDB_PA2_BASE), 0x00990000u);
 518              		.loc 1 345 0
 519 01a2 224B     		ldr	r3, .L19+24
 520 01a4 9922     		movs	r2, #153
 521 01a6 1204     		lsls	r2, r2, #16
 522 01a8 1A60     		str	r2, [r3]
 346:Generated_Source\PSoC4/cyfitter_cfg.c **** 
 347:Generated_Source\PSoC4/cyfitter_cfg.c **** 		/* UDB_PA_3 Starting address: CYDEV_UDB_PA3_BASE */
 348:Generated_Source\PSoC4/cyfitter_cfg.c **** 		CY_SET_REG32((void *)(CYDEV_UDB_PA3_BASE), 0x00990000u);
 523              		.loc 1 348 0
 524 01aa 214B     		ldr	r3, .L19+28
 525 01ac 9922     		movs	r2, #153
 526 01ae 1204     		lsls	r2, r2, #16
 527 01b0 1A60     		str	r2, [r3]
 349:Generated_Source\PSoC4/cyfitter_cfg.c **** 
 350:Generated_Source\PSoC4/cyfitter_cfg.c **** 		/* Enable digital routing */
 351:Generated_Source\PSoC4/cyfitter_cfg.c **** 		CY_SET_XTND_REG8((void *)CYREG_UDB_UDBIF_BANK_CTL, (uint8)(CY_GET_XTND_REG8((void *)CYREG_UDB_UDB
 528              		.loc 1 351 0
 529 01b2 204A     		ldr	r2, .L19+32
 530 01b4 1F4B     		ldr	r3, .L19+32
 531 01b6 1B78     		ldrb	r3, [r3]
 532 01b8 DBB2     		uxtb	r3, r3
 533 01ba 0621     		movs	r1, #6
 534 01bc 0B43     		orrs	r3, r1
 535 01be DBB2     		uxtb	r3, r3
 536 01c0 1370     		strb	r3, [r2]
 537              	.LBE2:
 352:Generated_Source\PSoC4/cyfitter_cfg.c **** 	}
 353:Generated_Source\PSoC4/cyfitter_cfg.c **** 
 354:Generated_Source\PSoC4/cyfitter_cfg.c **** 	/* Perform second pass device configuration. These items must be configured in specific order afte
 355:Generated_Source\PSoC4/cyfitter_cfg.c **** 	/* IOPINS0_0 Starting address: CYDEV_GPIO_PRT0_BASE */
 356:Generated_Source\PSoC4/cyfitter_cfg.c **** 	CY_SET_REG32((void *)(CYREG_GPIO_PRT0_PC), 0x00DB1000u);
 538              		.loc 1 356 0
 539 01c2 1D4B     		ldr	r3, .L19+36
 540 01c4 1D4A     		ldr	r2, .L19+40
 541 01c6 1A60     		str	r2, [r3]
 357:Generated_Source\PSoC4/cyfitter_cfg.c **** 
 358:Generated_Source\PSoC4/cyfitter_cfg.c **** 	/* IOPINS0_1 Starting address: CYDEV_GPIO_PRT1_BASE */
 359:Generated_Source\PSoC4/cyfitter_cfg.c **** 	CY_SET_REG32((void *)(CYDEV_GPIO_PRT1_BASE), 0x00000001u);
 542              		.loc 1 359 0
 543 01c8 1D4B     		ldr	r3, .L19+44
 544 01ca 0122     		movs	r2, #1
 545 01cc 1A60     		str	r2, [r3]
 360:Generated_Source\PSoC4/cyfitter_cfg.c **** 	CY_SET_REG32((void *)(CYREG_GPIO_PRT1_PC), 0x00000006u);
 546              		.loc 1 360 0
 547 01ce 1D4B     		ldr	r3, .L19+48
 548 01d0 0622     		movs	r2, #6
 549 01d2 1A60     		str	r2, [r3]
 361:Generated_Source\PSoC4/cyfitter_cfg.c **** 
ARM GAS  C:\Users\sergio\AppData\Local\Temp\ccCJnPFc.s 			page 17


 362:Generated_Source\PSoC4/cyfitter_cfg.c **** 	/* IOPINS0_2 Starting address: CYDEV_GPIO_PRT2_BASE */
 363:Generated_Source\PSoC4/cyfitter_cfg.c **** 	CY_SET_REG32((void *)(CYREG_GPIO_PRT2_PC), 0x00180D80u);
 550              		.loc 1 363 0
 551 01d4 1C4B     		ldr	r3, .L19+52
 552 01d6 1D4A     		ldr	r2, .L19+56
 553 01d8 1A60     		str	r2, [r3]
 364:Generated_Source\PSoC4/cyfitter_cfg.c **** 
 365:Generated_Source\PSoC4/cyfitter_cfg.c **** 	/* IOPINS0_3 Starting address: CYDEV_GPIO_PRT3_BASE */
 366:Generated_Source\PSoC4/cyfitter_cfg.c **** 	CY_SET_REG32((void *)(CYDEV_GPIO_PRT3_BASE), 0x000000C4u);
 554              		.loc 1 366 0
 555 01da 1D4B     		ldr	r3, .L19+60
 556 01dc C422     		movs	r2, #196
 557 01de 1A60     		str	r2, [r3]
 367:Generated_Source\PSoC4/cyfitter_cfg.c **** 	CY_SET_REG32((void *)(CYREG_GPIO_PRT3_PC), 0x00DB6C00u);
 558              		.loc 1 367 0
 559 01e0 1C4B     		ldr	r3, .L19+64
 560 01e2 1D4A     		ldr	r2, .L19+68
 561 01e4 1A60     		str	r2, [r3]
 368:Generated_Source\PSoC4/cyfitter_cfg.c **** 	CY_SET_REG32((void *)(CYREG_GPIO_PRT3_PC2), 0x00000004u);
 562              		.loc 1 368 0
 563 01e6 1D4B     		ldr	r3, .L19+72
 564 01e8 0422     		movs	r2, #4
 565 01ea 1A60     		str	r2, [r3]
 369:Generated_Source\PSoC4/cyfitter_cfg.c **** 
 370:Generated_Source\PSoC4/cyfitter_cfg.c **** 	/* IOPINS0_4 Starting address: CYDEV_GPIO_PRT4_BASE */
 371:Generated_Source\PSoC4/cyfitter_cfg.c **** 	CY_SET_REG32((void *)(CYDEV_GPIO_PRT4_BASE), 0x00000001u);
 566              		.loc 1 371 0
 567 01ec 1C4B     		ldr	r3, .L19+76
 568 01ee 0122     		movs	r2, #1
 569 01f0 1A60     		str	r2, [r3]
 372:Generated_Source\PSoC4/cyfitter_cfg.c **** 	CY_SET_REG32((void *)(CYREG_GPIO_PRT4_PC), 0x00000006u);
 570              		.loc 1 372 0
 571 01f2 1C4B     		ldr	r3, .L19+80
 572 01f4 0622     		movs	r2, #6
 573 01f6 1A60     		str	r2, [r3]
 373:Generated_Source\PSoC4/cyfitter_cfg.c **** 
 374:Generated_Source\PSoC4/cyfitter_cfg.c **** 	/* IOPINS0_5 Starting address: CYDEV_GPIO_PRT5_BASE */
 375:Generated_Source\PSoC4/cyfitter_cfg.c **** 	CY_SET_REG32((void *)(CYDEV_GPIO_PRT5_BASE), 0x00000003u);
 574              		.loc 1 375 0
 575 01f8 1B4B     		ldr	r3, .L19+84
 576 01fa 0322     		movs	r2, #3
 577 01fc 1A60     		str	r2, [r3]
 376:Generated_Source\PSoC4/cyfitter_cfg.c **** 	CY_SET_REG32((void *)(CYREG_GPIO_PRT5_PC), 0x02000024u);
 578              		.loc 1 376 0
 579 01fe 1B4B     		ldr	r3, .L19+88
 580 0200 1B4A     		ldr	r2, .L19+92
 581 0202 1A60     		str	r2, [r3]
 377:Generated_Source\PSoC4/cyfitter_cfg.c **** 
 378:Generated_Source\PSoC4/cyfitter_cfg.c **** 
 379:Generated_Source\PSoC4/cyfitter_cfg.c **** 	/* Setup clocks based on selections from Clock DWR */
 380:Generated_Source\PSoC4/cyfitter_cfg.c **** 	ClockSetup();
 582              		.loc 1 380 0
 583 0204 FFF7FCFE 		bl	ClockSetup
 381:Generated_Source\PSoC4/cyfitter_cfg.c **** 
 382:Generated_Source\PSoC4/cyfitter_cfg.c **** 	/* Perform basic analog initialization to defaults */
 383:Generated_Source\PSoC4/cyfitter_cfg.c **** 	AnalogSetDefault();
 584              		.loc 1 383 0
ARM GAS  C:\Users\sergio\AppData\Local\Temp\ccCJnPFc.s 			page 18


 585 0208 FFF7FEFF 		bl	AnalogSetDefault
 384:Generated_Source\PSoC4/cyfitter_cfg.c **** 
 385:Generated_Source\PSoC4/cyfitter_cfg.c **** }
 586              		.loc 1 385 0
 587 020c C046     		nop
 588 020e BD46     		mov	sp, r7
 589 0210 02B0     		add	sp, sp, #8
 590              		@ sp needed
 591 0212 80BD     		pop	{r7, pc}
 592              	.L20:
 593              		.align	2
 594              	.L19:
 595 0214 6CF02E40 		.word	1076818028
 596 0218 00000000 		.word	cfg_memset_list.4893
 597 021c 00000240 		.word	1073872896
 598 0220 00050240 		.word	1073874176
 599 0224 00500F40 		.word	1074745344
 600 0228 10500F40 		.word	1074745360
 601 022c 20500F40 		.word	1074745376
 602 0230 30500F40 		.word	1074745392
 603 0234 00700F40 		.word	1074753536
 604 0238 08000440 		.word	1074003976
 605 023c 0010DB00 		.word	14356480
 606 0240 00010440 		.word	1074004224
 607 0244 08010440 		.word	1074004232
 608 0248 08020440 		.word	1074004488
 609 024c 800D1800 		.word	1576320
 610 0250 00030440 		.word	1074004736
 611 0254 08030440 		.word	1074004744
 612 0258 006CDB00 		.word	14380032
 613 025c 18030440 		.word	1074004760
 614 0260 00040440 		.word	1074004992
 615 0264 08040440 		.word	1074005000
 616 0268 00050440 		.word	1074005248
 617 026c 08050440 		.word	1074005256
 618 0270 24000002 		.word	33554468
 619              		.cfi_endproc
 620              	.LFE8:
 621              		.size	cyfitter_cfg, .-cyfitter_cfg
 622              		.section	.rodata
 623              		.align	2
 624              		.type	cfg_memset_list.4893, %object
 625              		.size	cfg_memset_list.4893, 12
 626              	cfg_memset_list.4893:
 627 0000 00300F40 		.word	1074737152
 628 0004 0004     		.short	1024
 629 0006 00400F40 		.4byte	1074741248
 630 000a 0004     		.short	1024
 631              		.text
 632              	.Letext0:
 633              		.file 2 "c:\\program files (x86)\\cypress\\psoc creator\\4.2\\psoc creator\\import\\gnu\\arm\\5.4.
 634              		.file 3 "Generated_Source\\PSoC4\\cytypes.h"
 635              		.section	.debug_info,"",%progbits
 636              	.Ldebug_info0:
 637 0000 8A020000 		.4byte	0x28a
 638 0004 0400     		.2byte	0x4
 639 0006 00000000 		.4byte	.Ldebug_abbrev0
ARM GAS  C:\Users\sergio\AppData\Local\Temp\ccCJnPFc.s 			page 19


 640 000a 04       		.byte	0x4
 641 000b 01       		.uleb128 0x1
 642 000c CA000000 		.4byte	.LASF32
 643 0010 0C       		.byte	0xc
 644 0011 26020000 		.4byte	.LASF33
 645 0015 83000000 		.4byte	.LASF34
 646 0019 00000000 		.4byte	.Ldebug_ranges0+0
 647 001d 00000000 		.4byte	0
 648 0021 00000000 		.4byte	.Ldebug_line0
 649 0025 02       		.uleb128 0x2
 650 0026 04       		.byte	0x4
 651 0027 05       		.byte	0x5
 652 0028 696E7400 		.ascii	"int\000"
 653 002c 03       		.uleb128 0x3
 654 002d 16000000 		.4byte	.LASF12
 655 0031 02       		.byte	0x2
 656 0032 D8       		.byte	0xd8
 657 0033 37000000 		.4byte	0x37
 658 0037 04       		.uleb128 0x4
 659 0038 04       		.byte	0x4
 660 0039 07       		.byte	0x7
 661 003a 9E010000 		.4byte	.LASF0
 662 003e 04       		.uleb128 0x4
 663 003f 08       		.byte	0x8
 664 0040 05       		.byte	0x5
 665 0041 E0010000 		.4byte	.LASF1
 666 0045 04       		.uleb128 0x4
 667 0046 08       		.byte	0x8
 668 0047 04       		.byte	0x4
 669 0048 0E020000 		.4byte	.LASF2
 670 004c 04       		.uleb128 0x4
 671 004d 01       		.byte	0x1
 672 004e 06       		.byte	0x6
 673 004f 1A020000 		.4byte	.LASF3
 674 0053 04       		.uleb128 0x4
 675 0054 01       		.byte	0x1
 676 0055 08       		.byte	0x8
 677 0056 6E010000 		.4byte	.LASF4
 678 005a 04       		.uleb128 0x4
 679 005b 02       		.byte	0x2
 680 005c 05       		.byte	0x5
 681 005d F3010000 		.4byte	.LASF5
 682 0061 04       		.uleb128 0x4
 683 0062 02       		.byte	0x2
 684 0063 07       		.byte	0x7
 685 0064 49000000 		.4byte	.LASF6
 686 0068 04       		.uleb128 0x4
 687 0069 04       		.byte	0x4
 688 006a 05       		.byte	0x5
 689 006b 05020000 		.4byte	.LASF7
 690 006f 04       		.uleb128 0x4
 691 0070 04       		.byte	0x4
 692 0071 07       		.byte	0x7
 693 0072 71000000 		.4byte	.LASF8
 694 0076 04       		.uleb128 0x4
 695 0077 08       		.byte	0x8
 696 0078 07       		.byte	0x7
ARM GAS  C:\Users\sergio\AppData\Local\Temp\ccCJnPFc.s 			page 20


 697 0079 B3010000 		.4byte	.LASF9
 698 007d 04       		.uleb128 0x4
 699 007e 04       		.byte	0x4
 700 007f 07       		.byte	0x7
 701 0080 D7010000 		.4byte	.LASF10
 702 0084 05       		.uleb128 0x5
 703 0085 04       		.byte	0x4
 704 0086 04       		.uleb128 0x4
 705 0087 01       		.byte	0x1
 706 0088 08       		.byte	0x8
 707 0089 EE010000 		.4byte	.LASF11
 708 008d 06       		.uleb128 0x6
 709 008e BA000000 		.4byte	.LASF13
 710 0092 03       		.byte	0x3
 711 0093 E401     		.2byte	0x1e4
 712 0095 53000000 		.4byte	0x53
 713 0099 06       		.uleb128 0x6
 714 009a 90010000 		.4byte	.LASF14
 715 009e 03       		.byte	0x3
 716 009f E501     		.2byte	0x1e5
 717 00a1 61000000 		.4byte	0x61
 718 00a5 06       		.uleb128 0x6
 719 00a6 97010000 		.4byte	.LASF15
 720 00aa 03       		.byte	0x3
 721 00ab E601     		.2byte	0x1e6
 722 00ad 6F000000 		.4byte	0x6f
 723 00b1 04       		.uleb128 0x4
 724 00b2 04       		.byte	0x4
 725 00b3 04       		.byte	0x4
 726 00b4 5C000000 		.4byte	.LASF16
 727 00b8 04       		.uleb128 0x4
 728 00b9 08       		.byte	0x8
 729 00ba 04       		.byte	0x4
 730 00bb 7C010000 		.4byte	.LASF17
 731 00bf 06       		.uleb128 0x6
 732 00c0 6C000000 		.4byte	.LASF18
 733 00c4 03       		.byte	0x3
 734 00c5 8E02     		.2byte	0x28e
 735 00c7 CB000000 		.4byte	0xcb
 736 00cb 07       		.uleb128 0x7
 737 00cc 8D000000 		.4byte	0x8d
 738 00d0 06       		.uleb128 0x6
 739 00d1 10000000 		.4byte	.LASF19
 740 00d5 03       		.byte	0x3
 741 00d6 9002     		.2byte	0x290
 742 00d8 DC000000 		.4byte	0xdc
 743 00dc 07       		.uleb128 0x7
 744 00dd A5000000 		.4byte	0xa5
 745 00e1 08       		.uleb128 0x8
 746 00e2 C0000000 		.4byte	.LASF20
 747 00e6 01       		.byte	0x1
 748 00e7 4B       		.byte	0x4b
 749 00e8 00000000 		.4byte	.LFB2
 750 00ec 1E000000 		.4byte	.LFE2-.LFB2
 751 00f0 01       		.uleb128 0x1
 752 00f1 9C       		.byte	0x9c
 753 00f2 0F010000 		.4byte	0x10f
ARM GAS  C:\Users\sergio\AppData\Local\Temp\ccCJnPFc.s 			page 21


 754 00f6 09       		.uleb128 0x9
 755 00f7 7300     		.ascii	"s\000"
 756 00f9 01       		.byte	0x1
 757 00fa 4B       		.byte	0x4b
 758 00fb 84000000 		.4byte	0x84
 759 00ff 02       		.uleb128 0x2
 760 0100 91       		.byte	0x91
 761 0101 74       		.sleb128 -12
 762 0102 09       		.uleb128 0x9
 763 0103 6E00     		.ascii	"n\000"
 764 0105 01       		.byte	0x1
 765 0106 4B       		.byte	0x4b
 766 0107 2C000000 		.4byte	0x2c
 767 010b 02       		.uleb128 0x2
 768 010c 91       		.byte	0x91
 769 010d 70       		.sleb128 -16
 770 010e 00       		.byte	0
 771 010f 08       		.uleb128 0x8
 772 0110 55020000 		.4byte	.LASF21
 773 0114 01       		.byte	0x1
 774 0115 52       		.byte	0x52
 775 0116 00000000 		.4byte	.LFB3
 776 011a 20000000 		.4byte	.LFE3-.LFB3
 777 011e 01       		.uleb128 0x1
 778 011f 9C       		.byte	0x9c
 779 0120 4D010000 		.4byte	0x14d
 780 0124 0A       		.uleb128 0xa
 781 0125 62000000 		.4byte	.LASF22
 782 0129 01       		.byte	0x1
 783 012a 52       		.byte	0x52
 784 012b 84000000 		.4byte	0x84
 785 012f 02       		.uleb128 0x2
 786 0130 91       		.byte	0x91
 787 0131 74       		.sleb128 -12
 788 0132 09       		.uleb128 0x9
 789 0133 73726300 		.ascii	"src\000"
 790 0137 01       		.byte	0x1
 791 0138 52       		.byte	0x52
 792 0139 4D010000 		.4byte	0x14d
 793 013d 02       		.uleb128 0x2
 794 013e 91       		.byte	0x91
 795 013f 70       		.sleb128 -16
 796 0140 09       		.uleb128 0x9
 797 0141 6E00     		.ascii	"n\000"
 798 0143 01       		.byte	0x1
 799 0144 52       		.byte	0x52
 800 0145 2C000000 		.4byte	0x2c
 801 0149 02       		.uleb128 0x2
 802 014a 91       		.byte	0x91
 803 014b 6C       		.sleb128 -20
 804 014c 00       		.byte	0
 805 014d 0B       		.uleb128 0xb
 806 014e 04       		.byte	0x4
 807 014f 53010000 		.4byte	0x153
 808 0153 0C       		.uleb128 0xc
 809 0154 08       		.uleb128 0x8
 810 0155 00000000 		.4byte	.LASF23
ARM GAS  C:\Users\sergio\AppData\Local\Temp\ccCJnPFc.s 			page 22


 811 0159 01       		.byte	0x1
 812 015a 59       		.byte	0x59
 813 015b 00000000 		.4byte	.LFB4
 814 015f 20000000 		.4byte	.LFE4-.LFB4
 815 0163 01       		.uleb128 0x1
 816 0164 9C       		.byte	0x9c
 817 0165 92010000 		.4byte	0x192
 818 0169 0A       		.uleb128 0xa
 819 016a 62000000 		.4byte	.LASF22
 820 016e 01       		.byte	0x1
 821 016f 59       		.byte	0x59
 822 0170 84000000 		.4byte	0x84
 823 0174 02       		.uleb128 0x2
 824 0175 91       		.byte	0x91
 825 0176 74       		.sleb128 -12
 826 0177 09       		.uleb128 0x9
 827 0178 73726300 		.ascii	"src\000"
 828 017c 01       		.byte	0x1
 829 017d 59       		.byte	0x59
 830 017e 4D010000 		.4byte	0x14d
 831 0182 02       		.uleb128 0x2
 832 0183 91       		.byte	0x91
 833 0184 70       		.sleb128 -16
 834 0185 09       		.uleb128 0x9
 835 0186 6E00     		.ascii	"n\000"
 836 0188 01       		.byte	0x1
 837 0189 59       		.byte	0x59
 838 018a 2C000000 		.4byte	0x2c
 839 018e 02       		.uleb128 0x2
 840 018f 91       		.byte	0x91
 841 0190 6C       		.sleb128 -20
 842 0191 00       		.byte	0
 843 0192 0D       		.uleb128 0xd
 844 0193 3E000000 		.4byte	.LASF24
 845 0197 01       		.byte	0x1
 846 0198 A9       		.byte	0xa9
 847 0199 00000000 		.4byte	.LFB5
 848 019d 20010000 		.4byte	.LFE5-.LFB5
 849 01a1 01       		.uleb128 0x1
 850 01a2 9C       		.byte	0x9c
 851 01a3 0D       		.uleb128 0xd
 852 01a4 1D000000 		.4byte	.LASF25
 853 01a8 01       		.byte	0x1
 854 01a9 F4       		.byte	0xf4
 855 01aa 00000000 		.4byte	.LFB6
 856 01ae 44000000 		.4byte	.LFE6-.LFB6
 857 01b2 01       		.uleb128 0x1
 858 01b3 9C       		.byte	0x9c
 859 01b4 0E       		.uleb128 0xe
 860 01b5 58010000 		.4byte	.LASF35
 861 01b9 01       		.byte	0x1
 862 01ba 0F01     		.2byte	0x10f
 863 01bc 00000000 		.4byte	.LFB7
 864 01c0 40000000 		.4byte	.LFE7-.LFB7
 865 01c4 01       		.uleb128 0x1
 866 01c5 9C       		.byte	0x9c
 867 01c6 E9010000 		.4byte	0x1e9
ARM GAS  C:\Users\sergio\AppData\Local\Temp\ccCJnPFc.s 			page 23


 868 01ca 0F       		.uleb128 0xf
 869 01cb FD010000 		.4byte	.LASF26
 870 01cf 01       		.byte	0x1
 871 01d0 0F01     		.2byte	0x10f
 872 01d2 8D000000 		.4byte	0x8d
 873 01d6 02       		.uleb128 0x2
 874 01d7 91       		.byte	0x91
 875 01d8 6F       		.sleb128 -17
 876 01d9 10       		.uleb128 0x10
 877 01da 4C020000 		.4byte	.LASF30
 878 01de 01       		.byte	0x1
 879 01df 1101     		.2byte	0x111
 880 01e1 A5000000 		.4byte	0xa5
 881 01e5 02       		.uleb128 0x2
 882 01e6 91       		.byte	0x91
 883 01e7 74       		.sleb128 -12
 884 01e8 00       		.byte	0
 885 01e9 11       		.uleb128 0x11
 886 01ea 83010000 		.4byte	.LASF36
 887 01ee 01       		.byte	0x1
 888 01ef 3101     		.2byte	0x131
 889 01f1 20010000 		.4byte	.LFB8
 890 01f5 54010000 		.4byte	.LFE8-.LFB8
 891 01f9 01       		.uleb128 0x1
 892 01fa 9C       		.byte	0x9c
 893 01fb 12       		.uleb128 0x12
 894 01fc 2E010000 		.4byte	.LBB2
 895 0200 94000000 		.4byte	.LBE2-.LBB2
 896 0204 13       		.uleb128 0x13
 897 0205 06       		.byte	0x6
 898 0206 01       		.byte	0x1
 899 0207 3A01     		.2byte	0x13a
 900 0209 28020000 		.4byte	0x228
 901 020d 14       		.uleb128 0x14
 902 020e AB010000 		.4byte	.LASF27
 903 0212 01       		.byte	0x1
 904 0213 3B01     		.2byte	0x13b
 905 0215 84000000 		.4byte	0x84
 906 0219 00       		.byte	0
 907 021a 14       		.uleb128 0x14
 908 021b 67000000 		.4byte	.LASF28
 909 021f 01       		.byte	0x1
 910 0220 3C01     		.2byte	0x13c
 911 0222 99000000 		.4byte	0x99
 912 0226 04       		.byte	0x4
 913 0227 00       		.byte	0
 914 0228 06       		.uleb128 0x6
 915 0229 CA010000 		.4byte	.LASF29
 916 022d 01       		.byte	0x1
 917 022e 3D01     		.2byte	0x13d
 918 0230 04020000 		.4byte	0x204
 919 0234 15       		.uleb128 0x15
 920 0235 44020000 		.4byte	0x244
 921 0239 44020000 		.4byte	0x244
 922 023d 16       		.uleb128 0x16
 923 023e 7D000000 		.4byte	0x7d
 924 0242 01       		.byte	0x1
ARM GAS  C:\Users\sergio\AppData\Local\Temp\ccCJnPFc.s 			page 24


 925 0243 00       		.byte	0
 926 0244 17       		.uleb128 0x17
 927 0245 28020000 		.4byte	0x228
 928 0249 10       		.uleb128 0x10
 929 024a 2E000000 		.4byte	.LASF31
 930 024e 01       		.byte	0x1
 931 024f 3F01     		.2byte	0x13f
 932 0251 5B020000 		.4byte	0x25b
 933 0255 05       		.uleb128 0x5
 934 0256 03       		.byte	0x3
 935 0257 00000000 		.4byte	cfg_memset_list.4893
 936 025b 17       		.uleb128 0x17
 937 025c 34020000 		.4byte	0x234
 938 0260 18       		.uleb128 0x18
 939 0261 6900     		.ascii	"i\000"
 940 0263 01       		.byte	0x1
 941 0264 4501     		.2byte	0x145
 942 0266 8D000000 		.4byte	0x8d
 943 026a 02       		.uleb128 0x2
 944 026b 91       		.byte	0x91
 945 026c 77       		.sleb128 -9
 946 026d 12       		.uleb128 0x12
 947 026e 36010000 		.4byte	.LBB3
 948 0272 3C000000 		.4byte	.LBE3-.LBB3
 949 0276 18       		.uleb128 0x18
 950 0277 6D7300   		.ascii	"ms\000"
 951 027a 01       		.byte	0x1
 952 027b 4A01     		.2byte	0x14a
 953 027d 84020000 		.4byte	0x284
 954 0281 02       		.uleb128 0x2
 955 0282 91       		.byte	0x91
 956 0283 70       		.sleb128 -16
 957 0284 0B       		.uleb128 0xb
 958 0285 04       		.byte	0x4
 959 0286 44020000 		.4byte	0x244
 960 028a 00       		.byte	0
 961 028b 00       		.byte	0
 962 028c 00       		.byte	0
 963 028d 00       		.byte	0
 964              		.section	.debug_abbrev,"",%progbits
 965              	.Ldebug_abbrev0:
 966 0000 01       		.uleb128 0x1
 967 0001 11       		.uleb128 0x11
 968 0002 01       		.byte	0x1
 969 0003 25       		.uleb128 0x25
 970 0004 0E       		.uleb128 0xe
 971 0005 13       		.uleb128 0x13
 972 0006 0B       		.uleb128 0xb
 973 0007 03       		.uleb128 0x3
 974 0008 0E       		.uleb128 0xe
 975 0009 1B       		.uleb128 0x1b
 976 000a 0E       		.uleb128 0xe
 977 000b 55       		.uleb128 0x55
 978 000c 17       		.uleb128 0x17
 979 000d 11       		.uleb128 0x11
 980 000e 01       		.uleb128 0x1
 981 000f 10       		.uleb128 0x10
ARM GAS  C:\Users\sergio\AppData\Local\Temp\ccCJnPFc.s 			page 25


 982 0010 17       		.uleb128 0x17
 983 0011 00       		.byte	0
 984 0012 00       		.byte	0
 985 0013 02       		.uleb128 0x2
 986 0014 24       		.uleb128 0x24
 987 0015 00       		.byte	0
 988 0016 0B       		.uleb128 0xb
 989 0017 0B       		.uleb128 0xb
 990 0018 3E       		.uleb128 0x3e
 991 0019 0B       		.uleb128 0xb
 992 001a 03       		.uleb128 0x3
 993 001b 08       		.uleb128 0x8
 994 001c 00       		.byte	0
 995 001d 00       		.byte	0
 996 001e 03       		.uleb128 0x3
 997 001f 16       		.uleb128 0x16
 998 0020 00       		.byte	0
 999 0021 03       		.uleb128 0x3
 1000 0022 0E       		.uleb128 0xe
 1001 0023 3A       		.uleb128 0x3a
 1002 0024 0B       		.uleb128 0xb
 1003 0025 3B       		.uleb128 0x3b
 1004 0026 0B       		.uleb128 0xb
 1005 0027 49       		.uleb128 0x49
 1006 0028 13       		.uleb128 0x13
 1007 0029 00       		.byte	0
 1008 002a 00       		.byte	0
 1009 002b 04       		.uleb128 0x4
 1010 002c 24       		.uleb128 0x24
 1011 002d 00       		.byte	0
 1012 002e 0B       		.uleb128 0xb
 1013 002f 0B       		.uleb128 0xb
 1014 0030 3E       		.uleb128 0x3e
 1015 0031 0B       		.uleb128 0xb
 1016 0032 03       		.uleb128 0x3
 1017 0033 0E       		.uleb128 0xe
 1018 0034 00       		.byte	0
 1019 0035 00       		.byte	0
 1020 0036 05       		.uleb128 0x5
 1021 0037 0F       		.uleb128 0xf
 1022 0038 00       		.byte	0
 1023 0039 0B       		.uleb128 0xb
 1024 003a 0B       		.uleb128 0xb
 1025 003b 00       		.byte	0
 1026 003c 00       		.byte	0
 1027 003d 06       		.uleb128 0x6
 1028 003e 16       		.uleb128 0x16
 1029 003f 00       		.byte	0
 1030 0040 03       		.uleb128 0x3
 1031 0041 0E       		.uleb128 0xe
 1032 0042 3A       		.uleb128 0x3a
 1033 0043 0B       		.uleb128 0xb
 1034 0044 3B       		.uleb128 0x3b
 1035 0045 05       		.uleb128 0x5
 1036 0046 49       		.uleb128 0x49
 1037 0047 13       		.uleb128 0x13
 1038 0048 00       		.byte	0
ARM GAS  C:\Users\sergio\AppData\Local\Temp\ccCJnPFc.s 			page 26


 1039 0049 00       		.byte	0
 1040 004a 07       		.uleb128 0x7
 1041 004b 35       		.uleb128 0x35
 1042 004c 00       		.byte	0
 1043 004d 49       		.uleb128 0x49
 1044 004e 13       		.uleb128 0x13
 1045 004f 00       		.byte	0
 1046 0050 00       		.byte	0
 1047 0051 08       		.uleb128 0x8
 1048 0052 2E       		.uleb128 0x2e
 1049 0053 01       		.byte	0x1
 1050 0054 03       		.uleb128 0x3
 1051 0055 0E       		.uleb128 0xe
 1052 0056 3A       		.uleb128 0x3a
 1053 0057 0B       		.uleb128 0xb
 1054 0058 3B       		.uleb128 0x3b
 1055 0059 0B       		.uleb128 0xb
 1056 005a 27       		.uleb128 0x27
 1057 005b 19       		.uleb128 0x19
 1058 005c 11       		.uleb128 0x11
 1059 005d 01       		.uleb128 0x1
 1060 005e 12       		.uleb128 0x12
 1061 005f 06       		.uleb128 0x6
 1062 0060 40       		.uleb128 0x40
 1063 0061 18       		.uleb128 0x18
 1064 0062 9642     		.uleb128 0x2116
 1065 0064 19       		.uleb128 0x19
 1066 0065 01       		.uleb128 0x1
 1067 0066 13       		.uleb128 0x13
 1068 0067 00       		.byte	0
 1069 0068 00       		.byte	0
 1070 0069 09       		.uleb128 0x9
 1071 006a 05       		.uleb128 0x5
 1072 006b 00       		.byte	0
 1073 006c 03       		.uleb128 0x3
 1074 006d 08       		.uleb128 0x8
 1075 006e 3A       		.uleb128 0x3a
 1076 006f 0B       		.uleb128 0xb
 1077 0070 3B       		.uleb128 0x3b
 1078 0071 0B       		.uleb128 0xb
 1079 0072 49       		.uleb128 0x49
 1080 0073 13       		.uleb128 0x13
 1081 0074 02       		.uleb128 0x2
 1082 0075 18       		.uleb128 0x18
 1083 0076 00       		.byte	0
 1084 0077 00       		.byte	0
 1085 0078 0A       		.uleb128 0xa
 1086 0079 05       		.uleb128 0x5
 1087 007a 00       		.byte	0
 1088 007b 03       		.uleb128 0x3
 1089 007c 0E       		.uleb128 0xe
 1090 007d 3A       		.uleb128 0x3a
 1091 007e 0B       		.uleb128 0xb
 1092 007f 3B       		.uleb128 0x3b
 1093 0080 0B       		.uleb128 0xb
 1094 0081 49       		.uleb128 0x49
 1095 0082 13       		.uleb128 0x13
ARM GAS  C:\Users\sergio\AppData\Local\Temp\ccCJnPFc.s 			page 27


 1096 0083 02       		.uleb128 0x2
 1097 0084 18       		.uleb128 0x18
 1098 0085 00       		.byte	0
 1099 0086 00       		.byte	0
 1100 0087 0B       		.uleb128 0xb
 1101 0088 0F       		.uleb128 0xf
 1102 0089 00       		.byte	0
 1103 008a 0B       		.uleb128 0xb
 1104 008b 0B       		.uleb128 0xb
 1105 008c 49       		.uleb128 0x49
 1106 008d 13       		.uleb128 0x13
 1107 008e 00       		.byte	0
 1108 008f 00       		.byte	0
 1109 0090 0C       		.uleb128 0xc
 1110 0091 26       		.uleb128 0x26
 1111 0092 00       		.byte	0
 1112 0093 00       		.byte	0
 1113 0094 00       		.byte	0
 1114 0095 0D       		.uleb128 0xd
 1115 0096 2E       		.uleb128 0x2e
 1116 0097 00       		.byte	0
 1117 0098 03       		.uleb128 0x3
 1118 0099 0E       		.uleb128 0xe
 1119 009a 3A       		.uleb128 0x3a
 1120 009b 0B       		.uleb128 0xb
 1121 009c 3B       		.uleb128 0x3b
 1122 009d 0B       		.uleb128 0xb
 1123 009e 27       		.uleb128 0x27
 1124 009f 19       		.uleb128 0x19
 1125 00a0 11       		.uleb128 0x11
 1126 00a1 01       		.uleb128 0x1
 1127 00a2 12       		.uleb128 0x12
 1128 00a3 06       		.uleb128 0x6
 1129 00a4 40       		.uleb128 0x40
 1130 00a5 18       		.uleb128 0x18
 1131 00a6 9642     		.uleb128 0x2116
 1132 00a8 19       		.uleb128 0x19
 1133 00a9 00       		.byte	0
 1134 00aa 00       		.byte	0
 1135 00ab 0E       		.uleb128 0xe
 1136 00ac 2E       		.uleb128 0x2e
 1137 00ad 01       		.byte	0x1
 1138 00ae 3F       		.uleb128 0x3f
 1139 00af 19       		.uleb128 0x19
 1140 00b0 03       		.uleb128 0x3
 1141 00b1 0E       		.uleb128 0xe
 1142 00b2 3A       		.uleb128 0x3a
 1143 00b3 0B       		.uleb128 0xb
 1144 00b4 3B       		.uleb128 0x3b
 1145 00b5 05       		.uleb128 0x5
 1146 00b6 27       		.uleb128 0x27
 1147 00b7 19       		.uleb128 0x19
 1148 00b8 11       		.uleb128 0x11
 1149 00b9 01       		.uleb128 0x1
 1150 00ba 12       		.uleb128 0x12
 1151 00bb 06       		.uleb128 0x6
 1152 00bc 40       		.uleb128 0x40
ARM GAS  C:\Users\sergio\AppData\Local\Temp\ccCJnPFc.s 			page 28


 1153 00bd 18       		.uleb128 0x18
 1154 00be 9742     		.uleb128 0x2117
 1155 00c0 19       		.uleb128 0x19
 1156 00c1 01       		.uleb128 0x1
 1157 00c2 13       		.uleb128 0x13
 1158 00c3 00       		.byte	0
 1159 00c4 00       		.byte	0
 1160 00c5 0F       		.uleb128 0xf
 1161 00c6 05       		.uleb128 0x5
 1162 00c7 00       		.byte	0
 1163 00c8 03       		.uleb128 0x3
 1164 00c9 0E       		.uleb128 0xe
 1165 00ca 3A       		.uleb128 0x3a
 1166 00cb 0B       		.uleb128 0xb
 1167 00cc 3B       		.uleb128 0x3b
 1168 00cd 05       		.uleb128 0x5
 1169 00ce 49       		.uleb128 0x49
 1170 00cf 13       		.uleb128 0x13
 1171 00d0 02       		.uleb128 0x2
 1172 00d1 18       		.uleb128 0x18
 1173 00d2 00       		.byte	0
 1174 00d3 00       		.byte	0
 1175 00d4 10       		.uleb128 0x10
 1176 00d5 34       		.uleb128 0x34
 1177 00d6 00       		.byte	0
 1178 00d7 03       		.uleb128 0x3
 1179 00d8 0E       		.uleb128 0xe
 1180 00d9 3A       		.uleb128 0x3a
 1181 00da 0B       		.uleb128 0xb
 1182 00db 3B       		.uleb128 0x3b
 1183 00dc 05       		.uleb128 0x5
 1184 00dd 49       		.uleb128 0x49
 1185 00de 13       		.uleb128 0x13
 1186 00df 02       		.uleb128 0x2
 1187 00e0 18       		.uleb128 0x18
 1188 00e1 00       		.byte	0
 1189 00e2 00       		.byte	0
 1190 00e3 11       		.uleb128 0x11
 1191 00e4 2E       		.uleb128 0x2e
 1192 00e5 01       		.byte	0x1
 1193 00e6 3F       		.uleb128 0x3f
 1194 00e7 19       		.uleb128 0x19
 1195 00e8 03       		.uleb128 0x3
 1196 00e9 0E       		.uleb128 0xe
 1197 00ea 3A       		.uleb128 0x3a
 1198 00eb 0B       		.uleb128 0xb
 1199 00ec 3B       		.uleb128 0x3b
 1200 00ed 05       		.uleb128 0x5
 1201 00ee 27       		.uleb128 0x27
 1202 00ef 19       		.uleb128 0x19
 1203 00f0 11       		.uleb128 0x11
 1204 00f1 01       		.uleb128 0x1
 1205 00f2 12       		.uleb128 0x12
 1206 00f3 06       		.uleb128 0x6
 1207 00f4 40       		.uleb128 0x40
 1208 00f5 18       		.uleb128 0x18
 1209 00f6 9642     		.uleb128 0x2116
ARM GAS  C:\Users\sergio\AppData\Local\Temp\ccCJnPFc.s 			page 29


 1210 00f8 19       		.uleb128 0x19
 1211 00f9 00       		.byte	0
 1212 00fa 00       		.byte	0
 1213 00fb 12       		.uleb128 0x12
 1214 00fc 0B       		.uleb128 0xb
 1215 00fd 01       		.byte	0x1
 1216 00fe 11       		.uleb128 0x11
 1217 00ff 01       		.uleb128 0x1
 1218 0100 12       		.uleb128 0x12
 1219 0101 06       		.uleb128 0x6
 1220 0102 00       		.byte	0
 1221 0103 00       		.byte	0
 1222 0104 13       		.uleb128 0x13
 1223 0105 13       		.uleb128 0x13
 1224 0106 01       		.byte	0x1
 1225 0107 0B       		.uleb128 0xb
 1226 0108 0B       		.uleb128 0xb
 1227 0109 3A       		.uleb128 0x3a
 1228 010a 0B       		.uleb128 0xb
 1229 010b 3B       		.uleb128 0x3b
 1230 010c 05       		.uleb128 0x5
 1231 010d 01       		.uleb128 0x1
 1232 010e 13       		.uleb128 0x13
 1233 010f 00       		.byte	0
 1234 0110 00       		.byte	0
 1235 0111 14       		.uleb128 0x14
 1236 0112 0D       		.uleb128 0xd
 1237 0113 00       		.byte	0
 1238 0114 03       		.uleb128 0x3
 1239 0115 0E       		.uleb128 0xe
 1240 0116 3A       		.uleb128 0x3a
 1241 0117 0B       		.uleb128 0xb
 1242 0118 3B       		.uleb128 0x3b
 1243 0119 05       		.uleb128 0x5
 1244 011a 49       		.uleb128 0x49
 1245 011b 13       		.uleb128 0x13
 1246 011c 38       		.uleb128 0x38
 1247 011d 0B       		.uleb128 0xb
 1248 011e 00       		.byte	0
 1249 011f 00       		.byte	0
 1250 0120 15       		.uleb128 0x15
 1251 0121 01       		.uleb128 0x1
 1252 0122 01       		.byte	0x1
 1253 0123 49       		.uleb128 0x49
 1254 0124 13       		.uleb128 0x13
 1255 0125 01       		.uleb128 0x1
 1256 0126 13       		.uleb128 0x13
 1257 0127 00       		.byte	0
 1258 0128 00       		.byte	0
 1259 0129 16       		.uleb128 0x16
 1260 012a 21       		.uleb128 0x21
 1261 012b 00       		.byte	0
 1262 012c 49       		.uleb128 0x49
 1263 012d 13       		.uleb128 0x13
 1264 012e 2F       		.uleb128 0x2f
 1265 012f 0B       		.uleb128 0xb
 1266 0130 00       		.byte	0
ARM GAS  C:\Users\sergio\AppData\Local\Temp\ccCJnPFc.s 			page 30


 1267 0131 00       		.byte	0
 1268 0132 17       		.uleb128 0x17
 1269 0133 26       		.uleb128 0x26
 1270 0134 00       		.byte	0
 1271 0135 49       		.uleb128 0x49
 1272 0136 13       		.uleb128 0x13
 1273 0137 00       		.byte	0
 1274 0138 00       		.byte	0
 1275 0139 18       		.uleb128 0x18
 1276 013a 34       		.uleb128 0x34
 1277 013b 00       		.byte	0
 1278 013c 03       		.uleb128 0x3
 1279 013d 08       		.uleb128 0x8
 1280 013e 3A       		.uleb128 0x3a
 1281 013f 0B       		.uleb128 0xb
 1282 0140 3B       		.uleb128 0x3b
 1283 0141 05       		.uleb128 0x5
 1284 0142 49       		.uleb128 0x49
 1285 0143 13       		.uleb128 0x13
 1286 0144 02       		.uleb128 0x2
 1287 0145 18       		.uleb128 0x18
 1288 0146 00       		.byte	0
 1289 0147 00       		.byte	0
 1290 0148 00       		.byte	0
 1291              		.section	.debug_aranges,"",%progbits
 1292 0000 4C000000 		.4byte	0x4c
 1293 0004 0200     		.2byte	0x2
 1294 0006 00000000 		.4byte	.Ldebug_info0
 1295 000a 04       		.byte	0x4
 1296 000b 00       		.byte	0
 1297 000c 0000     		.2byte	0
 1298 000e 0000     		.2byte	0
 1299 0010 00000000 		.4byte	.LFB2
 1300 0014 1E000000 		.4byte	.LFE2-.LFB2
 1301 0018 00000000 		.4byte	.LFB3
 1302 001c 20000000 		.4byte	.LFE3-.LFB3
 1303 0020 00000000 		.4byte	.LFB4
 1304 0024 20000000 		.4byte	.LFE4-.LFB4
 1305 0028 00000000 		.4byte	.LFB5
 1306 002c 20010000 		.4byte	.LFE5-.LFB5
 1307 0030 00000000 		.4byte	.LFB6
 1308 0034 44000000 		.4byte	.LFE6-.LFB6
 1309 0038 00000000 		.4byte	.LFB7
 1310 003c 40000000 		.4byte	.LFE7-.LFB7
 1311 0040 20010000 		.4byte	.LFB8
 1312 0044 54010000 		.4byte	.LFE8-.LFB8
 1313 0048 00000000 		.4byte	0
 1314 004c 00000000 		.4byte	0
 1315              		.section	.debug_ranges,"",%progbits
 1316              	.Ldebug_ranges0:
 1317 0000 00000000 		.4byte	.LFB2
 1318 0004 1E000000 		.4byte	.LFE2
 1319 0008 00000000 		.4byte	.LFB3
 1320 000c 20000000 		.4byte	.LFE3
 1321 0010 00000000 		.4byte	.LFB4
 1322 0014 20000000 		.4byte	.LFE4
 1323 0018 00000000 		.4byte	.LFB5
ARM GAS  C:\Users\sergio\AppData\Local\Temp\ccCJnPFc.s 			page 31


 1324 001c 20010000 		.4byte	.LFE5
 1325 0020 00000000 		.4byte	.LFB6
 1326 0024 44000000 		.4byte	.LFE6
 1327 0028 00000000 		.4byte	.LFB7
 1328 002c 40000000 		.4byte	.LFE7
 1329 0030 20010000 		.4byte	.LFB8
 1330 0034 74020000 		.4byte	.LFE8
 1331 0038 00000000 		.4byte	0
 1332 003c 00000000 		.4byte	0
 1333              		.section	.debug_line,"",%progbits
 1334              	.Ldebug_line0:
 1335 0000 9C010000 		.section	.debug_str,"MS",%progbits,1
 1335      0200CB00 
 1335      00000201 
 1335      FB0E0D00 
 1335      01010101 
 1336              	.LASF23:
 1337 0000 4359434F 		.ascii	"CYCONFIGCPYCODE\000"
 1337      4E464947 
 1337      43505943 
 1337      4F444500 
 1338              	.LASF19:
 1339 0010 72656733 		.ascii	"reg32\000"
 1339      3200
 1340              	.LASF12:
 1341 0016 73697A65 		.ascii	"size_t\000"
 1341      5F7400
 1342              	.LASF25:
 1343 001d 416E616C 		.ascii	"AnalogSetDefault\000"
 1343      6F675365 
 1343      74446566 
 1343      61756C74 
 1343      00
 1344              	.LASF31:
 1345 002e 6366675F 		.ascii	"cfg_memset_list\000"
 1345      6D656D73 
 1345      65745F6C 
 1345      69737400 
 1346              	.LASF24:
 1347 003e 436C6F63 		.ascii	"ClockSetup\000"
 1347      6B536574 
 1347      757000
 1348              	.LASF6:
 1349 0049 73686F72 		.ascii	"short unsigned int\000"
 1349      7420756E 
 1349      7369676E 
 1349      65642069 
 1349      6E7400
 1350              	.LASF16:
 1351 005c 666C6F61 		.ascii	"float\000"
 1351      7400
 1352              	.LASF22:
 1353 0062 64657374 		.ascii	"dest\000"
 1353      00
 1354              	.LASF28:
 1355 0067 73697A65 		.ascii	"size\000"
 1355      00
ARM GAS  C:\Users\sergio\AppData\Local\Temp\ccCJnPFc.s 			page 32


 1356              	.LASF18:
 1357 006c 72656738 		.ascii	"reg8\000"
 1357      00
 1358              	.LASF8:
 1359 0071 6C6F6E67 		.ascii	"long unsigned int\000"
 1359      20756E73 
 1359      69676E65 
 1359      6420696E 
 1359      7400
 1360              	.LASF34:
 1361 0083 433A5C55 		.ascii	"C:\\Users\\sergio\\Documents\\GitHub\\thermostat\\t"
 1361      73657273 
 1361      5C736572 
 1361      67696F5C 
 1361      446F6375 
 1362 00b0 6573742E 		.ascii	"est.cydsn\000"
 1362      63796473 
 1362      6E00
 1363              	.LASF13:
 1364 00ba 75696E74 		.ascii	"uint8\000"
 1364      3800
 1365              	.LASF20:
 1366 00c0 43594D45 		.ascii	"CYMEMZERO\000"
 1366      4D5A4552 
 1366      4F00
 1367              	.LASF32:
 1368 00ca 474E5520 		.ascii	"GNU C11 5.4.1 20160609 (release) [ARM/embedded-5-br"
 1368      43313120 
 1368      352E342E 
 1368      31203230 
 1368      31363036 
 1369 00fd 616E6368 		.ascii	"anch revision 237715] -mcpu=cortex-m0 -mthumb -g -O"
 1369      20726576 
 1369      6973696F 
 1369      6E203233 
 1369      37373135 
 1370 0130 30202D66 		.ascii	"0 -ffunction-sections -ffat-lto-objects\000"
 1370      66756E63 
 1370      74696F6E 
 1370      2D736563 
 1370      74696F6E 
 1371              	.LASF35:
 1372 0158 53657441 		.ascii	"SetAnalogRoutingPumps\000"
 1372      6E616C6F 
 1372      67526F75 
 1372      74696E67 
 1372      50756D70 
 1373              	.LASF4:
 1374 016e 756E7369 		.ascii	"unsigned char\000"
 1374      676E6564 
 1374      20636861 
 1374      7200
 1375              	.LASF17:
 1376 017c 646F7562 		.ascii	"double\000"
 1376      6C6500
 1377              	.LASF36:
 1378 0183 63796669 		.ascii	"cyfitter_cfg\000"
ARM GAS  C:\Users\sergio\AppData\Local\Temp\ccCJnPFc.s 			page 33


 1378      74746572 
 1378      5F636667 
 1378      00
 1379              	.LASF14:
 1380 0190 75696E74 		.ascii	"uint16\000"
 1380      313600
 1381              	.LASF15:
 1382 0197 75696E74 		.ascii	"uint32\000"
 1382      333200
 1383              	.LASF0:
 1384 019e 756E7369 		.ascii	"unsigned int\000"
 1384      676E6564 
 1384      20696E74 
 1384      00
 1385              	.LASF27:
 1386 01ab 61646472 		.ascii	"address\000"
 1386      65737300 
 1387              	.LASF9:
 1388 01b3 6C6F6E67 		.ascii	"long long unsigned int\000"
 1388      206C6F6E 
 1388      6720756E 
 1388      7369676E 
 1388      65642069 
 1389              	.LASF29:
 1390 01ca 6366675F 		.ascii	"cfg_memset_t\000"
 1390      6D656D73 
 1390      65745F74 
 1390      00
 1391              	.LASF10:
 1392 01d7 73697A65 		.ascii	"sizetype\000"
 1392      74797065 
 1392      00
 1393              	.LASF1:
 1394 01e0 6C6F6E67 		.ascii	"long long int\000"
 1394      206C6F6E 
 1394      6720696E 
 1394      7400
 1395              	.LASF11:
 1396 01ee 63686172 		.ascii	"char\000"
 1396      00
 1397              	.LASF5:
 1398 01f3 73686F72 		.ascii	"short int\000"
 1398      7420696E 
 1398      7400
 1399              	.LASF26:
 1400 01fd 656E6162 		.ascii	"enabled\000"
 1400      6C656400 
 1401              	.LASF7:
 1402 0205 6C6F6E67 		.ascii	"long int\000"
 1402      20696E74 
 1402      00
 1403              	.LASF2:
 1404 020e 6C6F6E67 		.ascii	"long double\000"
 1404      20646F75 
 1404      626C6500 
 1405              	.LASF3:
 1406 021a 7369676E 		.ascii	"signed char\000"
ARM GAS  C:\Users\sergio\AppData\Local\Temp\ccCJnPFc.s 			page 34


 1406      65642063 
 1406      68617200 
 1407              	.LASF33:
 1408 0226 47656E65 		.ascii	"Generated_Source\\PSoC4\\cyfitter_cfg.c\000"
 1408      72617465 
 1408      645F536F 
 1408      75726365 
 1408      5C50536F 
 1409              	.LASF30:
 1410 024c 72656756 		.ascii	"regValue\000"
 1410      616C7565 
 1410      00
 1411              	.LASF21:
 1412 0255 4359434F 		.ascii	"CYCONFIGCPY\000"
 1412      4E464947 
 1412      43505900 
 1413              		.ident	"GCC: (GNU Tools for ARM Embedded Processors) 5.4.1 20160609 (release) [ARM/embedded-5-bran
