ARM GAS  C:\Users\sergio\AppData\Local\Temp\cc9Uh5UG.s 			page 1


   1              		.syntax unified
   2              		.cpu cortex-m0
   3              		.fpu softvfp
   4              		.eabi_attribute 20, 1
   5              		.eabi_attribute 21, 1
   6              		.eabi_attribute 23, 3
   7              		.eabi_attribute 24, 1
   8              		.eabi_attribute 25, 1
   9              		.eabi_attribute 26, 1
  10              		.eabi_attribute 30, 6
  11              		.eabi_attribute 34, 0
  12              		.eabi_attribute 18, 4
  13              		.thumb
  14              		.syntax unified
  15              		.file	"I2C_1_I2C_SLAVE.c"
  16              		.text
  17              	.Ltext0:
  18              		.cfi_sections	.debug_frame
  19              		.comm	I2C_1_slStatus,1,1
  20              		.comm	I2C_1_slWrBufPtr,4,4
  21              		.comm	I2C_1_slWrBufSize,4,4
  22              		.comm	I2C_1_slWrBufIndex,4,4
  23              		.comm	I2C_1_slRdBufPtr,4,4
  24              		.comm	I2C_1_slRdBufSize,4,4
  25              		.comm	I2C_1_slRdBufIndex,4,4
  26              		.comm	I2C_1_slRdBufIndexTmp,4,4
  27              		.comm	I2C_1_slOverFlowCount,1,1
  28              		.global	I2C_1_customAddressHandler
  29              		.bss
  30              		.align	2
  31              		.type	I2C_1_customAddressHandler, %object
  32              		.size	I2C_1_customAddressHandler, 4
  33              	I2C_1_customAddressHandler:
  34 0000 00000000 		.space	4
  35              		.section	.text.I2C_1_SetI2cAddressCustomInterruptHandler,"ax",%progbits
  36              		.align	2
  37              		.global	I2C_1_SetI2cAddressCustomInterruptHandler
  38              		.code	16
  39              		.thumb_func
  40              		.type	I2C_1_SetI2cAddressCustomInterruptHandler, %function
  41              	I2C_1_SetI2cAddressCustomInterruptHandler:
  42              	.LFB2:
  43              		.file 1 "Generated_Source\\PSoC4\\I2C_1_I2C_SLAVE.c"
   1:Generated_Source\PSoC4/I2C_1_I2C_SLAVE.c **** /***************************************************************************//**
   2:Generated_Source\PSoC4/I2C_1_I2C_SLAVE.c **** * \file I2C_1_I2C_SLAVE.c
   3:Generated_Source\PSoC4/I2C_1_I2C_SLAVE.c **** * \version 4.0
   4:Generated_Source\PSoC4/I2C_1_I2C_SLAVE.c **** *
   5:Generated_Source\PSoC4/I2C_1_I2C_SLAVE.c **** * \brief
   6:Generated_Source\PSoC4/I2C_1_I2C_SLAVE.c **** *  This file provides the source code to the API for the SCB Component in
   7:Generated_Source\PSoC4/I2C_1_I2C_SLAVE.c **** *  I2C Slave mode.
   8:Generated_Source\PSoC4/I2C_1_I2C_SLAVE.c **** *
   9:Generated_Source\PSoC4/I2C_1_I2C_SLAVE.c **** * Note:
  10:Generated_Source\PSoC4/I2C_1_I2C_SLAVE.c **** *
  11:Generated_Source\PSoC4/I2C_1_I2C_SLAVE.c **** *******************************************************************************
  12:Generated_Source\PSoC4/I2C_1_I2C_SLAVE.c **** * \copyright
  13:Generated_Source\PSoC4/I2C_1_I2C_SLAVE.c **** * Copyright 2013-2017, Cypress Semiconductor Corporation.  All rights reserved.
  14:Generated_Source\PSoC4/I2C_1_I2C_SLAVE.c **** * You may use this file only in accordance with the license, terms, conditions,
ARM GAS  C:\Users\sergio\AppData\Local\Temp\cc9Uh5UG.s 			page 2


  15:Generated_Source\PSoC4/I2C_1_I2C_SLAVE.c **** * disclaimers, and limitations in the end user license agreement accompanying
  16:Generated_Source\PSoC4/I2C_1_I2C_SLAVE.c **** * the software package with which this file was provided.
  17:Generated_Source\PSoC4/I2C_1_I2C_SLAVE.c **** *******************************************************************************/
  18:Generated_Source\PSoC4/I2C_1_I2C_SLAVE.c **** 
  19:Generated_Source\PSoC4/I2C_1_I2C_SLAVE.c **** #include "I2C_1_I2C_PVT.h"
  20:Generated_Source\PSoC4/I2C_1_I2C_SLAVE.c **** 
  21:Generated_Source\PSoC4/I2C_1_I2C_SLAVE.c **** #if(I2C_1_I2C_SLAVE_CONST)
  22:Generated_Source\PSoC4/I2C_1_I2C_SLAVE.c **** 
  23:Generated_Source\PSoC4/I2C_1_I2C_SLAVE.c **** /***************************************
  24:Generated_Source\PSoC4/I2C_1_I2C_SLAVE.c **** *      I2C Slave Private Vars
  25:Generated_Source\PSoC4/I2C_1_I2C_SLAVE.c **** ***************************************/
  26:Generated_Source\PSoC4/I2C_1_I2C_SLAVE.c **** 
  27:Generated_Source\PSoC4/I2C_1_I2C_SLAVE.c **** volatile uint8 I2C_1_slStatus;          /* Slave Status */
  28:Generated_Source\PSoC4/I2C_1_I2C_SLAVE.c **** 
  29:Generated_Source\PSoC4/I2C_1_I2C_SLAVE.c **** /* Receive buffer variables */
  30:Generated_Source\PSoC4/I2C_1_I2C_SLAVE.c **** volatile uint8 * I2C_1_slWrBufPtr;      /* Pointer to Receive buffer  */
  31:Generated_Source\PSoC4/I2C_1_I2C_SLAVE.c **** volatile uint32  I2C_1_slWrBufSize;     /* Slave Receive buffer size  */
  32:Generated_Source\PSoC4/I2C_1_I2C_SLAVE.c **** volatile uint32  I2C_1_slWrBufIndex;    /* Slave Receive buffer Index */
  33:Generated_Source\PSoC4/I2C_1_I2C_SLAVE.c **** 
  34:Generated_Source\PSoC4/I2C_1_I2C_SLAVE.c **** /* Transmit buffer variables */
  35:Generated_Source\PSoC4/I2C_1_I2C_SLAVE.c **** volatile uint8 * I2C_1_slRdBufPtr;      /* Pointer to Transmit buffer  */
  36:Generated_Source\PSoC4/I2C_1_I2C_SLAVE.c **** volatile uint32  I2C_1_slRdBufSize;     /* Slave Transmit buffer size  */
  37:Generated_Source\PSoC4/I2C_1_I2C_SLAVE.c **** volatile uint32  I2C_1_slRdBufIndex;    /* Slave Transmit buffer Index */
  38:Generated_Source\PSoC4/I2C_1_I2C_SLAVE.c **** volatile uint32  I2C_1_slRdBufIndexTmp; /* Slave Transmit buffer Index Tmp */
  39:Generated_Source\PSoC4/I2C_1_I2C_SLAVE.c **** volatile uint8   I2C_1_slOverFlowCount; /* Slave Transmit Overflow counter */
  40:Generated_Source\PSoC4/I2C_1_I2C_SLAVE.c **** 
  41:Generated_Source\PSoC4/I2C_1_I2C_SLAVE.c **** #if (I2C_1_I2C_CUSTOM_ADDRESS_HANDLER_CONST)
  42:Generated_Source\PSoC4/I2C_1_I2C_SLAVE.c **** 
  43:Generated_Source\PSoC4/I2C_1_I2C_SLAVE.c ****     uint32 (*I2C_1_customAddressHandler)(void) = NULL;
  44:Generated_Source\PSoC4/I2C_1_I2C_SLAVE.c **** 
  45:Generated_Source\PSoC4/I2C_1_I2C_SLAVE.c ****     /*******************************************************************************
  46:Generated_Source\PSoC4/I2C_1_I2C_SLAVE.c ****     * Function Name: I2C_1_SetI2cAddressCustomInterruptHandler
  47:Generated_Source\PSoC4/I2C_1_I2C_SLAVE.c ****     ****************************************************************************//**
  48:Generated_Source\PSoC4/I2C_1_I2C_SLAVE.c ****     *
  49:Generated_Source\PSoC4/I2C_1_I2C_SLAVE.c ****     *  Registers a function to be called by the I2C slave interrupt handler during
  50:Generated_Source\PSoC4/I2C_1_I2C_SLAVE.c ****     *  the I2C interrupt address processing. This function should be used when
  51:Generated_Source\PSoC4/I2C_1_I2C_SLAVE.c ****     *  multiple I2C addresses need to be decoded or general call address supported.
  52:Generated_Source\PSoC4/I2C_1_I2C_SLAVE.c ****     *  The registered function must return decision whether to ACK or NACK address.
  53:Generated_Source\PSoC4/I2C_1_I2C_SLAVE.c ****     *  Only one I2C address handler is supported, which is the function provided
  54:Generated_Source\PSoC4/I2C_1_I2C_SLAVE.c ****     *  by the most recent call.
  55:Generated_Source\PSoC4/I2C_1_I2C_SLAVE.c ****     *  At initialization time no I2C address handler is registered.
  56:Generated_Source\PSoC4/I2C_1_I2C_SLAVE.c ****     *
  57:Generated_Source\PSoC4/I2C_1_I2C_SLAVE.c ****     *  \param func: Pointer to the function to register.
  58:Generated_Source\PSoC4/I2C_1_I2C_SLAVE.c ****     *   The value NULL indicates to remove the current custom interrupt
  59:Generated_Source\PSoC4/I2C_1_I2C_SLAVE.c ****     *   handler.
  60:Generated_Source\PSoC4/I2C_1_I2C_SLAVE.c ****     *   The registered function must return decision whether to ACK or NACK 
  61:Generated_Source\PSoC4/I2C_1_I2C_SLAVE.c ****     *   accepted address: 0 – ACK, other values – NACK. The registered 
  62:Generated_Source\PSoC4/I2C_1_I2C_SLAVE.c ****     *   callback function does not perform the ACK/NACK, this operation is 
  63:Generated_Source\PSoC4/I2C_1_I2C_SLAVE.c ****     *   performed in the I2C ISR.
  64:Generated_Source\PSoC4/I2C_1_I2C_SLAVE.c ****     *
  65:Generated_Source\PSoC4/I2C_1_I2C_SLAVE.c ****     *******************************************************************************/
  66:Generated_Source\PSoC4/I2C_1_I2C_SLAVE.c ****     void I2C_1_SetI2cAddressCustomInterruptHandler(uint32 (*func) (void))
  67:Generated_Source\PSoC4/I2C_1_I2C_SLAVE.c ****     {
  44              		.loc 1 67 0
  45              		.cfi_startproc
  46              		@ args = 0, pretend = 0, frame = 8
  47              		@ frame_needed = 1, uses_anonymous_args = 0
ARM GAS  C:\Users\sergio\AppData\Local\Temp\cc9Uh5UG.s 			page 3


  48 0000 80B5     		push	{r7, lr}
  49              		.cfi_def_cfa_offset 8
  50              		.cfi_offset 7, -8
  51              		.cfi_offset 14, -4
  52 0002 82B0     		sub	sp, sp, #8
  53              		.cfi_def_cfa_offset 16
  54 0004 00AF     		add	r7, sp, #0
  55              		.cfi_def_cfa_register 7
  56 0006 7860     		str	r0, [r7, #4]
  68:Generated_Source\PSoC4/I2C_1_I2C_SLAVE.c ****         /* Register custom address handler */
  69:Generated_Source\PSoC4/I2C_1_I2C_SLAVE.c ****         I2C_1_customAddressHandler = func;
  57              		.loc 1 69 0
  58 0008 034B     		ldr	r3, .L2
  59 000a 7A68     		ldr	r2, [r7, #4]
  60 000c 1A60     		str	r2, [r3]
  70:Generated_Source\PSoC4/I2C_1_I2C_SLAVE.c ****     }
  61              		.loc 1 70 0
  62 000e C046     		nop
  63 0010 BD46     		mov	sp, r7
  64 0012 02B0     		add	sp, sp, #8
  65              		@ sp needed
  66 0014 80BD     		pop	{r7, pc}
  67              	.L3:
  68 0016 C046     		.align	2
  69              	.L2:
  70 0018 00000000 		.word	I2C_1_customAddressHandler
  71              		.cfi_endproc
  72              	.LFE2:
  73              		.size	I2C_1_SetI2cAddressCustomInterruptHandler, .-I2C_1_SetI2cAddressCustomInterruptHandler
  74              		.section	.text.I2C_1_I2CSlaveStatus,"ax",%progbits
  75              		.align	2
  76              		.global	I2C_1_I2CSlaveStatus
  77              		.code	16
  78              		.thumb_func
  79              		.type	I2C_1_I2CSlaveStatus, %function
  80              	I2C_1_I2CSlaveStatus:
  81              	.LFB3:
  71:Generated_Source\PSoC4/I2C_1_I2C_SLAVE.c **** #endif /* (I2C_1_I2C_CUSTOM_ADDRESS_HANDLER_CONST) */
  72:Generated_Source\PSoC4/I2C_1_I2C_SLAVE.c **** 
  73:Generated_Source\PSoC4/I2C_1_I2C_SLAVE.c **** 
  74:Generated_Source\PSoC4/I2C_1_I2C_SLAVE.c **** /*******************************************************************************
  75:Generated_Source\PSoC4/I2C_1_I2C_SLAVE.c **** * Function Name: I2C_1_I2CSlaveStatus
  76:Generated_Source\PSoC4/I2C_1_I2C_SLAVE.c **** ****************************************************************************//**
  77:Generated_Source\PSoC4/I2C_1_I2C_SLAVE.c **** *
  78:Generated_Source\PSoC4/I2C_1_I2C_SLAVE.c **** *  Returns the I2C slave's communication status.
  79:Generated_Source\PSoC4/I2C_1_I2C_SLAVE.c **** *
  80:Generated_Source\PSoC4/I2C_1_I2C_SLAVE.c **** * \return
  81:Generated_Source\PSoC4/I2C_1_I2C_SLAVE.c **** *  Current status of I2C slave.
  82:Generated_Source\PSoC4/I2C_1_I2C_SLAVE.c **** *  This status incorporates read and write status constants. 
  83:Generated_Source\PSoC4/I2C_1_I2C_SLAVE.c **** *  Each constant is a bit field value. The value returned may have multiple 
  84:Generated_Source\PSoC4/I2C_1_I2C_SLAVE.c **** *  bits set to indicate the status of the read or write transfer.
  85:Generated_Source\PSoC4/I2C_1_I2C_SLAVE.c **** *   - I2C_1_I2C_SSTAT_RD_CMPLT - Slave read transfer complete. 
  86:Generated_Source\PSoC4/I2C_1_I2C_SLAVE.c **** *     Set when master indicates it is done reading by sending a NAK.
  87:Generated_Source\PSoC4/I2C_1_I2C_SLAVE.c **** *     The read error condition status bit must be checked to ensure that 
  88:Generated_Source\PSoC4/I2C_1_I2C_SLAVE.c **** *     the read transfer was completed successfully.
  89:Generated_Source\PSoC4/I2C_1_I2C_SLAVE.c **** *   - I2C_1_I2C_SSTAT_RD_BUSY - Slave read transfer is in progress. 
  90:Generated_Source\PSoC4/I2C_1_I2C_SLAVE.c **** *     Set when master addresses slave with a read, cleared when 
ARM GAS  C:\Users\sergio\AppData\Local\Temp\cc9Uh5UG.s 			page 4


  91:Generated_Source\PSoC4/I2C_1_I2C_SLAVE.c **** *    I2C_1_I2C_SSTAT_RD_CMPLT is set.
  92:Generated_Source\PSoC4/I2C_1_I2C_SLAVE.c **** *   - I2C_1_I2C_SSTAT_RD_OVFL - Master attempted to read more bytes
  93:Generated_Source\PSoC4/I2C_1_I2C_SLAVE.c **** *     than are in buffer. Slave continually returns 0xFF byte in this case.
  94:Generated_Source\PSoC4/I2C_1_I2C_SLAVE.c **** *   - I2C_1_I2C_SSTAT_RD_ERR - Slave captured error on the bus during 
  95:Generated_Source\PSoC4/I2C_1_I2C_SLAVE.c **** *     a read transfer. The sources of error are: misplaced Start or Stop 
  96:Generated_Source\PSoC4/I2C_1_I2C_SLAVE.c **** *     condition or lost arbitration while slave drives SDA.
  97:Generated_Source\PSoC4/I2C_1_I2C_SLAVE.c **** *   - I2C_1_I2C_SSTAT_WR_CMPLT - Slave write transfer complete. 
  98:Generated_Source\PSoC4/I2C_1_I2C_SLAVE.c **** *     Set at reception of a Stop or ReStart condition. The write error condition
  99:Generated_Source\PSoC4/I2C_1_I2C_SLAVE.c **** *     status bit must be checked to ensure that write transfer was completed
 100:Generated_Source\PSoC4/I2C_1_I2C_SLAVE.c **** *     successfully.
 101:Generated_Source\PSoC4/I2C_1_I2C_SLAVE.c **** *   - I2C_1_I2C_SSTAT_WR_BUSY - Slave write transfer is in progress. 
 102:Generated_Source\PSoC4/I2C_1_I2C_SLAVE.c **** *     Set when the master addresses the slave with a write, cleared when 
 103:Generated_Source\PSoC4/I2C_1_I2C_SLAVE.c **** *    I2C_1_I2C_SSTAT_WR_CMPLT is set.
 104:Generated_Source\PSoC4/I2C_1_I2C_SLAVE.c **** *   - I2C_1_I2C_SSTAT_WR_OVFL - Master attempted to write past end of 
 105:Generated_Source\PSoC4/I2C_1_I2C_SLAVE.c **** *     buffer. Further bytes are ignored.
 106:Generated_Source\PSoC4/I2C_1_I2C_SLAVE.c **** *   - I2C_1_I2C_SSTAT_WR_ERR - Slave captured error on the bus during
 107:Generated_Source\PSoC4/I2C_1_I2C_SLAVE.c **** *     write transfer. The sources of error are: misplaced Start or Stop condition
 108:Generated_Source\PSoC4/I2C_1_I2C_SLAVE.c **** *     or lost arbitration while slave drives SDA.
 109:Generated_Source\PSoC4/I2C_1_I2C_SLAVE.c **** *     The write buffer may contain invalid bytes or part of the data transfer when 
 110:Generated_Source\PSoC4/I2C_1_I2C_SLAVE.c **** *     I2C_1_I2C_SSTAT_WR_ERR is set. It is recommended to discard write 
 111:Generated_Source\PSoC4/I2C_1_I2C_SLAVE.c **** *     buffer content in this case.
 112:Generated_Source\PSoC4/I2C_1_I2C_SLAVE.c **** *
 113:Generated_Source\PSoC4/I2C_1_I2C_SLAVE.c **** * \globalvars
 114:Generated_Source\PSoC4/I2C_1_I2C_SLAVE.c **** *  I2C_1_slStatus  - used to store current status of I2C slave.
 115:Generated_Source\PSoC4/I2C_1_I2C_SLAVE.c **** *
 116:Generated_Source\PSoC4/I2C_1_I2C_SLAVE.c **** *******************************************************************************/
 117:Generated_Source\PSoC4/I2C_1_I2C_SLAVE.c **** uint32 I2C_1_I2CSlaveStatus(void)
 118:Generated_Source\PSoC4/I2C_1_I2C_SLAVE.c **** {
  82              		.loc 1 118 0
  83              		.cfi_startproc
  84              		@ args = 0, pretend = 0, frame = 0
  85              		@ frame_needed = 1, uses_anonymous_args = 0
  86 0000 80B5     		push	{r7, lr}
  87              		.cfi_def_cfa_offset 8
  88              		.cfi_offset 7, -8
  89              		.cfi_offset 14, -4
  90 0002 00AF     		add	r7, sp, #0
  91              		.cfi_def_cfa_register 7
 119:Generated_Source\PSoC4/I2C_1_I2C_SLAVE.c ****     return((uint32) I2C_1_slStatus);
  92              		.loc 1 119 0
  93 0004 024B     		ldr	r3, .L6
  94 0006 1B78     		ldrb	r3, [r3]
  95 0008 DBB2     		uxtb	r3, r3
 120:Generated_Source\PSoC4/I2C_1_I2C_SLAVE.c **** }
  96              		.loc 1 120 0
  97 000a 1800     		movs	r0, r3
  98 000c BD46     		mov	sp, r7
  99              		@ sp needed
 100 000e 80BD     		pop	{r7, pc}
 101              	.L7:
 102              		.align	2
 103              	.L6:
 104 0010 00000000 		.word	I2C_1_slStatus
 105              		.cfi_endproc
 106              	.LFE3:
 107              		.size	I2C_1_I2CSlaveStatus, .-I2C_1_I2CSlaveStatus
 108              		.section	.text.I2C_1_I2CSlaveClearReadStatus,"ax",%progbits
ARM GAS  C:\Users\sergio\AppData\Local\Temp\cc9Uh5UG.s 			page 5


 109              		.align	2
 110              		.global	I2C_1_I2CSlaveClearReadStatus
 111              		.code	16
 112              		.thumb_func
 113              		.type	I2C_1_I2CSlaveClearReadStatus, %function
 114              	I2C_1_I2CSlaveClearReadStatus:
 115              	.LFB4:
 121:Generated_Source\PSoC4/I2C_1_I2C_SLAVE.c **** 
 122:Generated_Source\PSoC4/I2C_1_I2C_SLAVE.c **** 
 123:Generated_Source\PSoC4/I2C_1_I2C_SLAVE.c **** /*******************************************************************************
 124:Generated_Source\PSoC4/I2C_1_I2C_SLAVE.c **** * Function Name: I2C_1_I2CSlaveClearReadStatus
 125:Generated_Source\PSoC4/I2C_1_I2C_SLAVE.c **** ****************************************************************************//**
 126:Generated_Source\PSoC4/I2C_1_I2C_SLAVE.c **** *
 127:Generated_Source\PSoC4/I2C_1_I2C_SLAVE.c **** *  Clears the read status flags and returns their values. No other status flags
 128:Generated_Source\PSoC4/I2C_1_I2C_SLAVE.c **** *  are affected.
 129:Generated_Source\PSoC4/I2C_1_I2C_SLAVE.c **** *
 130:Generated_Source\PSoC4/I2C_1_I2C_SLAVE.c **** * \return
 131:Generated_Source\PSoC4/I2C_1_I2C_SLAVE.c **** *  Current read status of slave. See the SCB_I2CSlaveStatus() function for 
 132:Generated_Source\PSoC4/I2C_1_I2C_SLAVE.c **** *  constants.
 133:Generated_Source\PSoC4/I2C_1_I2C_SLAVE.c **** *
 134:Generated_Source\PSoC4/I2C_1_I2C_SLAVE.c **** * \sideeffect
 135:Generated_Source\PSoC4/I2C_1_I2C_SLAVE.c **** *  This function does not clear I2C_1_I2C_SSTAT_RD_BUSY.
 136:Generated_Source\PSoC4/I2C_1_I2C_SLAVE.c **** *
 137:Generated_Source\PSoC4/I2C_1_I2C_SLAVE.c **** * \globalvars
 138:Generated_Source\PSoC4/I2C_1_I2C_SLAVE.c **** *  I2C_1_slStatus  - used to store current status of I2C slave.
 139:Generated_Source\PSoC4/I2C_1_I2C_SLAVE.c **** *
 140:Generated_Source\PSoC4/I2C_1_I2C_SLAVE.c **** *******************************************************************************/
 141:Generated_Source\PSoC4/I2C_1_I2C_SLAVE.c **** uint32 I2C_1_I2CSlaveClearReadStatus(void)
 142:Generated_Source\PSoC4/I2C_1_I2C_SLAVE.c **** {
 116              		.loc 1 142 0
 117              		.cfi_startproc
 118              		@ args = 0, pretend = 0, frame = 8
 119              		@ frame_needed = 1, uses_anonymous_args = 0
 120 0000 80B5     		push	{r7, lr}
 121              		.cfi_def_cfa_offset 8
 122              		.cfi_offset 7, -8
 123              		.cfi_offset 14, -4
 124 0002 82B0     		sub	sp, sp, #8
 125              		.cfi_def_cfa_offset 16
 126 0004 00AF     		add	r7, sp, #0
 127              		.cfi_def_cfa_register 7
 143:Generated_Source\PSoC4/I2C_1_I2C_SLAVE.c ****     uint32 status;
 144:Generated_Source\PSoC4/I2C_1_I2C_SLAVE.c **** 
 145:Generated_Source\PSoC4/I2C_1_I2C_SLAVE.c ****     I2C_1_DisableInt();  /* Lock from interruption */
 128              		.loc 1 145 0
 129 0006 0920     		movs	r0, #9
 130 0008 FFF7FEFF 		bl	CyIntDisable
 146:Generated_Source\PSoC4/I2C_1_I2C_SLAVE.c **** 
 147:Generated_Source\PSoC4/I2C_1_I2C_SLAVE.c ****     /* Mask of transfer complete flag and error status */
 148:Generated_Source\PSoC4/I2C_1_I2C_SLAVE.c ****     status = ((uint32) I2C_1_slStatus & I2C_1_I2C_SSTAT_RD_MASK);
 131              		.loc 1 148 0
 132 000c 0B4B     		ldr	r3, .L10
 133 000e 1B78     		ldrb	r3, [r3]
 134 0010 DBB2     		uxtb	r3, r3
 135 0012 1A00     		movs	r2, r3
 136 0014 0F23     		movs	r3, #15
 137 0016 1340     		ands	r3, r2
ARM GAS  C:\Users\sergio\AppData\Local\Temp\cc9Uh5UG.s 			page 6


 138 0018 7B60     		str	r3, [r7, #4]
 149:Generated_Source\PSoC4/I2C_1_I2C_SLAVE.c ****     I2C_1_slStatus &= (uint8) ~I2C_1_I2C_SSTAT_RD_CLEAR;
 139              		.loc 1 149 0
 140 001a 084B     		ldr	r3, .L10
 141 001c 1B78     		ldrb	r3, [r3]
 142 001e DBB2     		uxtb	r3, r3
 143 0020 0D22     		movs	r2, #13
 144 0022 9343     		bics	r3, r2
 145 0024 DAB2     		uxtb	r2, r3
 146 0026 054B     		ldr	r3, .L10
 147 0028 1A70     		strb	r2, [r3]
 150:Generated_Source\PSoC4/I2C_1_I2C_SLAVE.c **** 
 151:Generated_Source\PSoC4/I2C_1_I2C_SLAVE.c ****     I2C_1_EnableInt();   /* Release lock */
 148              		.loc 1 151 0
 149 002a 0920     		movs	r0, #9
 150 002c FFF7FEFF 		bl	CyIntEnable
 152:Generated_Source\PSoC4/I2C_1_I2C_SLAVE.c **** 
 153:Generated_Source\PSoC4/I2C_1_I2C_SLAVE.c ****     return(status);
 151              		.loc 1 153 0
 152 0030 7B68     		ldr	r3, [r7, #4]
 154:Generated_Source\PSoC4/I2C_1_I2C_SLAVE.c **** }
 153              		.loc 1 154 0
 154 0032 1800     		movs	r0, r3
 155 0034 BD46     		mov	sp, r7
 156 0036 02B0     		add	sp, sp, #8
 157              		@ sp needed
 158 0038 80BD     		pop	{r7, pc}
 159              	.L11:
 160 003a C046     		.align	2
 161              	.L10:
 162 003c 00000000 		.word	I2C_1_slStatus
 163              		.cfi_endproc
 164              	.LFE4:
 165              		.size	I2C_1_I2CSlaveClearReadStatus, .-I2C_1_I2CSlaveClearReadStatus
 166              		.section	.text.I2C_1_I2CSlaveClearWriteStatus,"ax",%progbits
 167              		.align	2
 168              		.global	I2C_1_I2CSlaveClearWriteStatus
 169              		.code	16
 170              		.thumb_func
 171              		.type	I2C_1_I2CSlaveClearWriteStatus, %function
 172              	I2C_1_I2CSlaveClearWriteStatus:
 173              	.LFB5:
 155:Generated_Source\PSoC4/I2C_1_I2C_SLAVE.c **** 
 156:Generated_Source\PSoC4/I2C_1_I2C_SLAVE.c **** 
 157:Generated_Source\PSoC4/I2C_1_I2C_SLAVE.c **** /*******************************************************************************
 158:Generated_Source\PSoC4/I2C_1_I2C_SLAVE.c **** * Function Name: I2C_1_I2CSlaveClearWriteStatus
 159:Generated_Source\PSoC4/I2C_1_I2C_SLAVE.c **** ****************************************************************************//**
 160:Generated_Source\PSoC4/I2C_1_I2C_SLAVE.c **** *
 161:Generated_Source\PSoC4/I2C_1_I2C_SLAVE.c **** *  Clears the write status flags and returns their values. No other status flags
 162:Generated_Source\PSoC4/I2C_1_I2C_SLAVE.c **** *  are affected.
 163:Generated_Source\PSoC4/I2C_1_I2C_SLAVE.c **** *
 164:Generated_Source\PSoC4/I2C_1_I2C_SLAVE.c **** * \return
 165:Generated_Source\PSoC4/I2C_1_I2C_SLAVE.c **** *  Current write status of slave. See the SCB_I2CSlaveStatus() function 
 166:Generated_Source\PSoC4/I2C_1_I2C_SLAVE.c **** *  for constants.
 167:Generated_Source\PSoC4/I2C_1_I2C_SLAVE.c **** *
 168:Generated_Source\PSoC4/I2C_1_I2C_SLAVE.c **** * \sideeffect
 169:Generated_Source\PSoC4/I2C_1_I2C_SLAVE.c **** *  This function does not clear I2C_1_I2C_SSTAT_WR_BUSY.*
ARM GAS  C:\Users\sergio\AppData\Local\Temp\cc9Uh5UG.s 			page 7


 170:Generated_Source\PSoC4/I2C_1_I2C_SLAVE.c **** *
 171:Generated_Source\PSoC4/I2C_1_I2C_SLAVE.c **** * \globalvars
 172:Generated_Source\PSoC4/I2C_1_I2C_SLAVE.c **** *  I2C_1_slStatus  - used to store current status of I2C slave.
 173:Generated_Source\PSoC4/I2C_1_I2C_SLAVE.c **** *
 174:Generated_Source\PSoC4/I2C_1_I2C_SLAVE.c **** *******************************************************************************/
 175:Generated_Source\PSoC4/I2C_1_I2C_SLAVE.c **** uint32 I2C_1_I2CSlaveClearWriteStatus(void)
 176:Generated_Source\PSoC4/I2C_1_I2C_SLAVE.c **** {
 174              		.loc 1 176 0
 175              		.cfi_startproc
 176              		@ args = 0, pretend = 0, frame = 8
 177              		@ frame_needed = 1, uses_anonymous_args = 0
 178 0000 80B5     		push	{r7, lr}
 179              		.cfi_def_cfa_offset 8
 180              		.cfi_offset 7, -8
 181              		.cfi_offset 14, -4
 182 0002 82B0     		sub	sp, sp, #8
 183              		.cfi_def_cfa_offset 16
 184 0004 00AF     		add	r7, sp, #0
 185              		.cfi_def_cfa_register 7
 177:Generated_Source\PSoC4/I2C_1_I2C_SLAVE.c ****     uint32 status;
 178:Generated_Source\PSoC4/I2C_1_I2C_SLAVE.c **** 
 179:Generated_Source\PSoC4/I2C_1_I2C_SLAVE.c ****     I2C_1_DisableInt();  /* Lock from interruption */
 186              		.loc 1 179 0
 187 0006 0920     		movs	r0, #9
 188 0008 FFF7FEFF 		bl	CyIntDisable
 180:Generated_Source\PSoC4/I2C_1_I2C_SLAVE.c **** 
 181:Generated_Source\PSoC4/I2C_1_I2C_SLAVE.c ****     /* Mask of transfer complete flag and Error status */
 182:Generated_Source\PSoC4/I2C_1_I2C_SLAVE.c ****     status = ((uint32) I2C_1_slStatus & I2C_1_I2C_SSTAT_WR_MASK);
 189              		.loc 1 182 0
 190 000c 0B4B     		ldr	r3, .L14
 191 000e 1B78     		ldrb	r3, [r3]
 192 0010 DBB2     		uxtb	r3, r3
 193 0012 1A00     		movs	r2, r3
 194 0014 F023     		movs	r3, #240
 195 0016 1340     		ands	r3, r2
 196 0018 7B60     		str	r3, [r7, #4]
 183:Generated_Source\PSoC4/I2C_1_I2C_SLAVE.c ****     I2C_1_slStatus &= (uint8) ~I2C_1_I2C_SSTAT_WR_CLEAR;
 197              		.loc 1 183 0
 198 001a 084B     		ldr	r3, .L14
 199 001c 1B78     		ldrb	r3, [r3]
 200 001e DBB2     		uxtb	r3, r3
 201 0020 2F22     		movs	r2, #47
 202 0022 1340     		ands	r3, r2
 203 0024 DAB2     		uxtb	r2, r3
 204 0026 054B     		ldr	r3, .L14
 205 0028 1A70     		strb	r2, [r3]
 184:Generated_Source\PSoC4/I2C_1_I2C_SLAVE.c **** 
 185:Generated_Source\PSoC4/I2C_1_I2C_SLAVE.c ****     I2C_1_EnableInt();   /* Release lock */
 206              		.loc 1 185 0
 207 002a 0920     		movs	r0, #9
 208 002c FFF7FEFF 		bl	CyIntEnable
 186:Generated_Source\PSoC4/I2C_1_I2C_SLAVE.c **** 
 187:Generated_Source\PSoC4/I2C_1_I2C_SLAVE.c ****     return(status);
 209              		.loc 1 187 0
 210 0030 7B68     		ldr	r3, [r7, #4]
 188:Generated_Source\PSoC4/I2C_1_I2C_SLAVE.c **** }
 211              		.loc 1 188 0
ARM GAS  C:\Users\sergio\AppData\Local\Temp\cc9Uh5UG.s 			page 8


 212 0032 1800     		movs	r0, r3
 213 0034 BD46     		mov	sp, r7
 214 0036 02B0     		add	sp, sp, #8
 215              		@ sp needed
 216 0038 80BD     		pop	{r7, pc}
 217              	.L15:
 218 003a C046     		.align	2
 219              	.L14:
 220 003c 00000000 		.word	I2C_1_slStatus
 221              		.cfi_endproc
 222              	.LFE5:
 223              		.size	I2C_1_I2CSlaveClearWriteStatus, .-I2C_1_I2CSlaveClearWriteStatus
 224              		.section	.text.I2C_1_I2CSlaveSetAddress,"ax",%progbits
 225              		.align	2
 226              		.global	I2C_1_I2CSlaveSetAddress
 227              		.code	16
 228              		.thumb_func
 229              		.type	I2C_1_I2CSlaveSetAddress, %function
 230              	I2C_1_I2CSlaveSetAddress:
 231              	.LFB6:
 189:Generated_Source\PSoC4/I2C_1_I2C_SLAVE.c **** 
 190:Generated_Source\PSoC4/I2C_1_I2C_SLAVE.c **** 
 191:Generated_Source\PSoC4/I2C_1_I2C_SLAVE.c **** /*******************************************************************************
 192:Generated_Source\PSoC4/I2C_1_I2C_SLAVE.c **** * Function Name: I2C_1_I2CSlaveSetAddress
 193:Generated_Source\PSoC4/I2C_1_I2C_SLAVE.c **** ****************************************************************************//**
 194:Generated_Source\PSoC4/I2C_1_I2C_SLAVE.c **** *
 195:Generated_Source\PSoC4/I2C_1_I2C_SLAVE.c **** * Sets the I2C slave address.
 196:Generated_Source\PSoC4/I2C_1_I2C_SLAVE.c **** *
 197:Generated_Source\PSoC4/I2C_1_I2C_SLAVE.c **** * \param address: I2C slave address for the primary device.
 198:Generated_Source\PSoC4/I2C_1_I2C_SLAVE.c **** *  This address is the 7-bit right-justified slave address and does not 
 199:Generated_Source\PSoC4/I2C_1_I2C_SLAVE.c **** *  include the R/W bit.
 200:Generated_Source\PSoC4/I2C_1_I2C_SLAVE.c **** *  The address value is not checked to see if it violates the I2C spec. 
 201:Generated_Source\PSoC4/I2C_1_I2C_SLAVE.c **** *  The preferred addresses are between 8 and 120 (0x08 to 0x78).
 202:Generated_Source\PSoC4/I2C_1_I2C_SLAVE.c **** *
 203:Generated_Source\PSoC4/I2C_1_I2C_SLAVE.c **** *******************************************************************************/
 204:Generated_Source\PSoC4/I2C_1_I2C_SLAVE.c **** void I2C_1_I2CSlaveSetAddress(uint32 address)
 205:Generated_Source\PSoC4/I2C_1_I2C_SLAVE.c **** {
 232              		.loc 1 205 0
 233              		.cfi_startproc
 234              		@ args = 0, pretend = 0, frame = 16
 235              		@ frame_needed = 1, uses_anonymous_args = 0
 236 0000 80B5     		push	{r7, lr}
 237              		.cfi_def_cfa_offset 8
 238              		.cfi_offset 7, -8
 239              		.cfi_offset 14, -4
 240 0002 84B0     		sub	sp, sp, #16
 241              		.cfi_def_cfa_offset 24
 242 0004 00AF     		add	r7, sp, #0
 243              		.cfi_def_cfa_register 7
 244 0006 7860     		str	r0, [r7, #4]
 206:Generated_Source\PSoC4/I2C_1_I2C_SLAVE.c ****     uint32 matchReg;
 207:Generated_Source\PSoC4/I2C_1_I2C_SLAVE.c **** 
 208:Generated_Source\PSoC4/I2C_1_I2C_SLAVE.c ****     matchReg = I2C_1_RX_MATCH_REG;
 245              		.loc 1 208 0
 246 0008 0A4B     		ldr	r3, .L17
 247 000a 1B68     		ldr	r3, [r3]
 248 000c FB60     		str	r3, [r7, #12]
ARM GAS  C:\Users\sergio\AppData\Local\Temp\cc9Uh5UG.s 			page 9


 209:Generated_Source\PSoC4/I2C_1_I2C_SLAVE.c **** 
 210:Generated_Source\PSoC4/I2C_1_I2C_SLAVE.c ****     matchReg &= ((uint32) ~I2C_1_RX_MATCH_ADDR_MASK); /* Clear address bits */
 249              		.loc 1 210 0
 250 000e FB68     		ldr	r3, [r7, #12]
 251 0010 FF22     		movs	r2, #255
 252 0012 9343     		bics	r3, r2
 253 0014 FB60     		str	r3, [r7, #12]
 211:Generated_Source\PSoC4/I2C_1_I2C_SLAVE.c ****     matchReg |= ((uint32)  I2C_1_GET_I2C_8BIT_ADDRESS(address));
 254              		.loc 1 211 0
 255 0016 7B68     		ldr	r3, [r7, #4]
 256 0018 5B00     		lsls	r3, r3, #1
 257 001a FF22     		movs	r2, #255
 258 001c 1340     		ands	r3, r2
 259 001e FA68     		ldr	r2, [r7, #12]
 260 0020 1343     		orrs	r3, r2
 261 0022 FB60     		str	r3, [r7, #12]
 212:Generated_Source\PSoC4/I2C_1_I2C_SLAVE.c **** 
 213:Generated_Source\PSoC4/I2C_1_I2C_SLAVE.c ****     I2C_1_RX_MATCH_REG = matchReg;
 262              		.loc 1 213 0
 263 0024 034B     		ldr	r3, .L17
 264 0026 FA68     		ldr	r2, [r7, #12]
 265 0028 1A60     		str	r2, [r3]
 214:Generated_Source\PSoC4/I2C_1_I2C_SLAVE.c **** }
 266              		.loc 1 214 0
 267 002a C046     		nop
 268 002c BD46     		mov	sp, r7
 269 002e 04B0     		add	sp, sp, #16
 270              		@ sp needed
 271 0030 80BD     		pop	{r7, pc}
 272              	.L18:
 273 0032 C046     		.align	2
 274              	.L17:
 275 0034 10032440 		.word	1076101904
 276              		.cfi_endproc
 277              	.LFE6:
 278              		.size	I2C_1_I2CSlaveSetAddress, .-I2C_1_I2CSlaveSetAddress
 279              		.section	.text.I2C_1_I2CSlaveSetAddressMask,"ax",%progbits
 280              		.align	2
 281              		.global	I2C_1_I2CSlaveSetAddressMask
 282              		.code	16
 283              		.thumb_func
 284              		.type	I2C_1_I2CSlaveSetAddressMask, %function
 285              	I2C_1_I2CSlaveSetAddressMask:
 286              	.LFB7:
 215:Generated_Source\PSoC4/I2C_1_I2C_SLAVE.c **** 
 216:Generated_Source\PSoC4/I2C_1_I2C_SLAVE.c **** 
 217:Generated_Source\PSoC4/I2C_1_I2C_SLAVE.c **** /*******************************************************************************
 218:Generated_Source\PSoC4/I2C_1_I2C_SLAVE.c **** * Function Name: I2C_1_I2CSlaveSetAddressMask
 219:Generated_Source\PSoC4/I2C_1_I2C_SLAVE.c **** ****************************************************************************//**
 220:Generated_Source\PSoC4/I2C_1_I2C_SLAVE.c **** *
 221:Generated_Source\PSoC4/I2C_1_I2C_SLAVE.c **** *  Sets the I2C slave address mask.
 222:Generated_Source\PSoC4/I2C_1_I2C_SLAVE.c **** *
 223:Generated_Source\PSoC4/I2C_1_I2C_SLAVE.c **** * \param addressMask: I2C slave address mask.
 224:Generated_Source\PSoC4/I2C_1_I2C_SLAVE.c **** *  - Bit value 0 – excludes bit from address comparison.
 225:Generated_Source\PSoC4/I2C_1_I2C_SLAVE.c **** *  - Bit value 1 – the bit needs to match with the corresponding bit of the 
 226:Generated_Source\PSoC4/I2C_1_I2C_SLAVE.c **** *  I2C slave address.
 227:Generated_Source\PSoC4/I2C_1_I2C_SLAVE.c **** *
ARM GAS  C:\Users\sergio\AppData\Local\Temp\cc9Uh5UG.s 			page 10


 228:Generated_Source\PSoC4/I2C_1_I2C_SLAVE.c **** *  The range of valid values is between 0 and 254 (0x00 to 0xFE). 
 229:Generated_Source\PSoC4/I2C_1_I2C_SLAVE.c **** *  The LSB of the address mask must be 0 because it corresponds to R/W bit 
 230:Generated_Source\PSoC4/I2C_1_I2C_SLAVE.c **** *  within I2C slave address byte.
 231:Generated_Source\PSoC4/I2C_1_I2C_SLAVE.c **** *
 232:Generated_Source\PSoC4/I2C_1_I2C_SLAVE.c **** *******************************************************************************/
 233:Generated_Source\PSoC4/I2C_1_I2C_SLAVE.c **** void I2C_1_I2CSlaveSetAddressMask(uint32 addressMask)
 234:Generated_Source\PSoC4/I2C_1_I2C_SLAVE.c **** {
 287              		.loc 1 234 0
 288              		.cfi_startproc
 289              		@ args = 0, pretend = 0, frame = 16
 290              		@ frame_needed = 1, uses_anonymous_args = 0
 291 0000 80B5     		push	{r7, lr}
 292              		.cfi_def_cfa_offset 8
 293              		.cfi_offset 7, -8
 294              		.cfi_offset 14, -4
 295 0002 84B0     		sub	sp, sp, #16
 296              		.cfi_def_cfa_offset 24
 297 0004 00AF     		add	r7, sp, #0
 298              		.cfi_def_cfa_register 7
 299 0006 7860     		str	r0, [r7, #4]
 235:Generated_Source\PSoC4/I2C_1_I2C_SLAVE.c ****     uint32 matchReg;
 236:Generated_Source\PSoC4/I2C_1_I2C_SLAVE.c **** 
 237:Generated_Source\PSoC4/I2C_1_I2C_SLAVE.c ****     matchReg = I2C_1_RX_MATCH_REG;
 300              		.loc 1 237 0
 301 0008 094B     		ldr	r3, .L20
 302 000a 1B68     		ldr	r3, [r3]
 303 000c FB60     		str	r3, [r7, #12]
 238:Generated_Source\PSoC4/I2C_1_I2C_SLAVE.c **** 
 239:Generated_Source\PSoC4/I2C_1_I2C_SLAVE.c ****     matchReg &= ((uint32) ~I2C_1_RX_MATCH_MASK_MASK);
 304              		.loc 1 239 0
 305 000e FB68     		ldr	r3, [r7, #12]
 306 0010 084A     		ldr	r2, .L20+4
 307 0012 1340     		ands	r3, r2
 308 0014 FB60     		str	r3, [r7, #12]
 240:Generated_Source\PSoC4/I2C_1_I2C_SLAVE.c ****     matchReg |= ((uint32) (addressMask << I2C_1_RX_MATCH_MASK_POS));
 309              		.loc 1 240 0
 310 0016 7B68     		ldr	r3, [r7, #4]
 311 0018 1B04     		lsls	r3, r3, #16
 312 001a FA68     		ldr	r2, [r7, #12]
 313 001c 1343     		orrs	r3, r2
 314 001e FB60     		str	r3, [r7, #12]
 241:Generated_Source\PSoC4/I2C_1_I2C_SLAVE.c **** 
 242:Generated_Source\PSoC4/I2C_1_I2C_SLAVE.c ****     I2C_1_RX_MATCH_REG = matchReg;
 315              		.loc 1 242 0
 316 0020 034B     		ldr	r3, .L20
 317 0022 FA68     		ldr	r2, [r7, #12]
 318 0024 1A60     		str	r2, [r3]
 243:Generated_Source\PSoC4/I2C_1_I2C_SLAVE.c **** }
 319              		.loc 1 243 0
 320 0026 C046     		nop
 321 0028 BD46     		mov	sp, r7
 322 002a 04B0     		add	sp, sp, #16
 323              		@ sp needed
 324 002c 80BD     		pop	{r7, pc}
 325              	.L21:
 326 002e C046     		.align	2
 327              	.L20:
ARM GAS  C:\Users\sergio\AppData\Local\Temp\cc9Uh5UG.s 			page 11


 328 0030 10032440 		.word	1076101904
 329 0034 FFFF00FF 		.word	-16711681
 330              		.cfi_endproc
 331              	.LFE7:
 332              		.size	I2C_1_I2CSlaveSetAddressMask, .-I2C_1_I2CSlaveSetAddressMask
 333              		.section	.text.I2C_1_I2CSlaveInitReadBuf,"ax",%progbits
 334              		.align	2
 335              		.global	I2C_1_I2CSlaveInitReadBuf
 336              		.code	16
 337              		.thumb_func
 338              		.type	I2C_1_I2CSlaveInitReadBuf, %function
 339              	I2C_1_I2CSlaveInitReadBuf:
 340              	.LFB8:
 244:Generated_Source\PSoC4/I2C_1_I2C_SLAVE.c **** 
 245:Generated_Source\PSoC4/I2C_1_I2C_SLAVE.c **** 
 246:Generated_Source\PSoC4/I2C_1_I2C_SLAVE.c **** /*******************************************************************************
 247:Generated_Source\PSoC4/I2C_1_I2C_SLAVE.c **** * Function Name: I2C_1_I2CSlaveInitReadBuf
 248:Generated_Source\PSoC4/I2C_1_I2C_SLAVE.c **** ****************************************************************************//**
 249:Generated_Source\PSoC4/I2C_1_I2C_SLAVE.c **** *
 250:Generated_Source\PSoC4/I2C_1_I2C_SLAVE.c **** *  Sets the buffer pointer and size of the read buffer. This function also
 251:Generated_Source\PSoC4/I2C_1_I2C_SLAVE.c **** *  resets the transfer count returned with the 
 252:Generated_Source\PSoC4/I2C_1_I2C_SLAVE.c **** *  I2C_1_SlaveGetReadBufSize() function.
 253:Generated_Source\PSoC4/I2C_1_I2C_SLAVE.c **** *
 254:Generated_Source\PSoC4/I2C_1_I2C_SLAVE.c **** * \param readBuf: Pointer to the data buffer to be read by the master.
 255:Generated_Source\PSoC4/I2C_1_I2C_SLAVE.c **** * \param bufSize: Size of the read buffer exposed to the I2C master.
 256:Generated_Source\PSoC4/I2C_1_I2C_SLAVE.c **** *
 257:Generated_Source\PSoC4/I2C_1_I2C_SLAVE.c **** * \sideeffect
 258:Generated_Source\PSoC4/I2C_1_I2C_SLAVE.c **** *  If this function is called during a bus transaction, data from the previous
 259:Generated_Source\PSoC4/I2C_1_I2C_SLAVE.c **** *  buffer location and the beginning of current buffer may be transmitted.
 260:Generated_Source\PSoC4/I2C_1_I2C_SLAVE.c **** *
 261:Generated_Source\PSoC4/I2C_1_I2C_SLAVE.c **** * \globalvars
 262:Generated_Source\PSoC4/I2C_1_I2C_SLAVE.c **** *  I2C_1_slRdBufPtr   - used to store pointer to slave read buffer.
 263:Generated_Source\PSoC4/I2C_1_I2C_SLAVE.c **** *  I2C_1_slRdBufSize  - used to store salve read buffer size.
 264:Generated_Source\PSoC4/I2C_1_I2C_SLAVE.c **** *  I2C_1_slRdBufIndex - used to store current index within slave
 265:Generated_Source\PSoC4/I2C_1_I2C_SLAVE.c **** *  read buffer.
 266:Generated_Source\PSoC4/I2C_1_I2C_SLAVE.c **** *
 267:Generated_Source\PSoC4/I2C_1_I2C_SLAVE.c **** *******************************************************************************/
 268:Generated_Source\PSoC4/I2C_1_I2C_SLAVE.c **** void I2C_1_I2CSlaveInitReadBuf(uint8 * rdBuf, uint32 bufSize)
 269:Generated_Source\PSoC4/I2C_1_I2C_SLAVE.c **** {
 341              		.loc 1 269 0
 342              		.cfi_startproc
 343              		@ args = 0, pretend = 0, frame = 8
 344              		@ frame_needed = 1, uses_anonymous_args = 0
 345 0000 80B5     		push	{r7, lr}
 346              		.cfi_def_cfa_offset 8
 347              		.cfi_offset 7, -8
 348              		.cfi_offset 14, -4
 349 0002 82B0     		sub	sp, sp, #8
 350              		.cfi_def_cfa_offset 16
 351 0004 00AF     		add	r7, sp, #0
 352              		.cfi_def_cfa_register 7
 353 0006 7860     		str	r0, [r7, #4]
 354 0008 3960     		str	r1, [r7]
 270:Generated_Source\PSoC4/I2C_1_I2C_SLAVE.c ****     /* Check for proper buffer */
 271:Generated_Source\PSoC4/I2C_1_I2C_SLAVE.c ****     if(NULL != rdBuf)
 355              		.loc 1 271 0
 356 000a 7B68     		ldr	r3, [r7, #4]
ARM GAS  C:\Users\sergio\AppData\Local\Temp\cc9Uh5UG.s 			page 12


 357 000c 002B     		cmp	r3, #0
 358 000e 11D0     		beq	.L24
 272:Generated_Source\PSoC4/I2C_1_I2C_SLAVE.c ****     {
 273:Generated_Source\PSoC4/I2C_1_I2C_SLAVE.c ****         I2C_1_DisableInt();  /* Lock from interruption */
 359              		.loc 1 273 0
 360 0010 0920     		movs	r0, #9
 361 0012 FFF7FEFF 		bl	CyIntDisable
 274:Generated_Source\PSoC4/I2C_1_I2C_SLAVE.c **** 
 275:Generated_Source\PSoC4/I2C_1_I2C_SLAVE.c ****         I2C_1_slRdBufPtr      = (volatile uint8 *) rdBuf; /* Set buffer pointer  */
 362              		.loc 1 275 0
 363 0016 094B     		ldr	r3, .L25
 364 0018 7A68     		ldr	r2, [r7, #4]
 365 001a 1A60     		str	r2, [r3]
 276:Generated_Source\PSoC4/I2C_1_I2C_SLAVE.c ****         I2C_1_slRdBufSize     = bufSize;                  /* Set buffer size     */
 366              		.loc 1 276 0
 367 001c 084B     		ldr	r3, .L25+4
 368 001e 3A68     		ldr	r2, [r7]
 369 0020 1A60     		str	r2, [r3]
 277:Generated_Source\PSoC4/I2C_1_I2C_SLAVE.c ****         I2C_1_slRdBufIndex    = 0u;                       /* Clear buffer index  */
 370              		.loc 1 277 0
 371 0022 084B     		ldr	r3, .L25+8
 372 0024 0022     		movs	r2, #0
 373 0026 1A60     		str	r2, [r3]
 278:Generated_Source\PSoC4/I2C_1_I2C_SLAVE.c ****         I2C_1_slRdBufIndexTmp = 0u;                       /* Clear buffer index  */
 374              		.loc 1 278 0
 375 0028 074B     		ldr	r3, .L25+12
 376 002a 0022     		movs	r2, #0
 377 002c 1A60     		str	r2, [r3]
 279:Generated_Source\PSoC4/I2C_1_I2C_SLAVE.c **** 
 280:Generated_Source\PSoC4/I2C_1_I2C_SLAVE.c ****         I2C_1_EnableInt();   /* Release lock */
 378              		.loc 1 280 0
 379 002e 0920     		movs	r0, #9
 380 0030 FFF7FEFF 		bl	CyIntEnable
 381              	.L24:
 281:Generated_Source\PSoC4/I2C_1_I2C_SLAVE.c ****     }
 282:Generated_Source\PSoC4/I2C_1_I2C_SLAVE.c **** }
 382              		.loc 1 282 0
 383 0034 C046     		nop
 384 0036 BD46     		mov	sp, r7
 385 0038 02B0     		add	sp, sp, #8
 386              		@ sp needed
 387 003a 80BD     		pop	{r7, pc}
 388              	.L26:
 389              		.align	2
 390              	.L25:
 391 003c 00000000 		.word	I2C_1_slRdBufPtr
 392 0040 00000000 		.word	I2C_1_slRdBufSize
 393 0044 00000000 		.word	I2C_1_slRdBufIndex
 394 0048 00000000 		.word	I2C_1_slRdBufIndexTmp
 395              		.cfi_endproc
 396              	.LFE8:
 397              		.size	I2C_1_I2CSlaveInitReadBuf, .-I2C_1_I2CSlaveInitReadBuf
 398              		.section	.text.I2C_1_I2CSlaveInitWriteBuf,"ax",%progbits
 399              		.align	2
 400              		.global	I2C_1_I2CSlaveInitWriteBuf
 401              		.code	16
 402              		.thumb_func
ARM GAS  C:\Users\sergio\AppData\Local\Temp\cc9Uh5UG.s 			page 13


 403              		.type	I2C_1_I2CSlaveInitWriteBuf, %function
 404              	I2C_1_I2CSlaveInitWriteBuf:
 405              	.LFB9:
 283:Generated_Source\PSoC4/I2C_1_I2C_SLAVE.c **** 
 284:Generated_Source\PSoC4/I2C_1_I2C_SLAVE.c **** 
 285:Generated_Source\PSoC4/I2C_1_I2C_SLAVE.c **** /*******************************************************************************
 286:Generated_Source\PSoC4/I2C_1_I2C_SLAVE.c **** * Function Name: I2C_1_I2CSlaveInitWriteBuf
 287:Generated_Source\PSoC4/I2C_1_I2C_SLAVE.c **** ****************************************************************************//**
 288:Generated_Source\PSoC4/I2C_1_I2C_SLAVE.c **** *
 289:Generated_Source\PSoC4/I2C_1_I2C_SLAVE.c **** *  Sets the buffer pointer and size of the write buffer. This function also 
 290:Generated_Source\PSoC4/I2C_1_I2C_SLAVE.c **** *  resets the transfer count returned with the 
 291:Generated_Source\PSoC4/I2C_1_I2C_SLAVE.c **** *  I2C_1_I2CSlaveGetWriteBufSize() function.
 292:Generated_Source\PSoC4/I2C_1_I2C_SLAVE.c **** *
 293:Generated_Source\PSoC4/I2C_1_I2C_SLAVE.c **** * \param writeBuf: Pointer to the data buffer to be written by the master.
 294:Generated_Source\PSoC4/I2C_1_I2C_SLAVE.c **** * \param bufSize:  Size of the write buffer exposed to the I2C master.
 295:Generated_Source\PSoC4/I2C_1_I2C_SLAVE.c **** *
 296:Generated_Source\PSoC4/I2C_1_I2C_SLAVE.c **** * \sideeffect
 297:Generated_Source\PSoC4/I2C_1_I2C_SLAVE.c **** *  If this function is called during a bus transaction, data may be received in 
 298:Generated_Source\PSoC4/I2C_1_I2C_SLAVE.c **** *  the previous buffer and the current buffer location.
 299:Generated_Source\PSoC4/I2C_1_I2C_SLAVE.c **** *
 300:Generated_Source\PSoC4/I2C_1_I2C_SLAVE.c **** * \globalvars
 301:Generated_Source\PSoC4/I2C_1_I2C_SLAVE.c **** *  I2C_1_slWrBufPtr   - used to store pointer to slave write buffer.
 302:Generated_Source\PSoC4/I2C_1_I2C_SLAVE.c **** *  I2C_1_slWrBufSize  - used to store salve write buffer size.
 303:Generated_Source\PSoC4/I2C_1_I2C_SLAVE.c **** *  I2C_1_slWrBufIndex - used to store current index within slave
 304:Generated_Source\PSoC4/I2C_1_I2C_SLAVE.c **** *   write buffer.
 305:Generated_Source\PSoC4/I2C_1_I2C_SLAVE.c **** *
 306:Generated_Source\PSoC4/I2C_1_I2C_SLAVE.c **** *******************************************************************************/
 307:Generated_Source\PSoC4/I2C_1_I2C_SLAVE.c **** void I2C_1_I2CSlaveInitWriteBuf(uint8 * wrBuf, uint32 bufSize)
 308:Generated_Source\PSoC4/I2C_1_I2C_SLAVE.c **** {
 406              		.loc 1 308 0
 407              		.cfi_startproc
 408              		@ args = 0, pretend = 0, frame = 8
 409              		@ frame_needed = 1, uses_anonymous_args = 0
 410 0000 80B5     		push	{r7, lr}
 411              		.cfi_def_cfa_offset 8
 412              		.cfi_offset 7, -8
 413              		.cfi_offset 14, -4
 414 0002 82B0     		sub	sp, sp, #8
 415              		.cfi_def_cfa_offset 16
 416 0004 00AF     		add	r7, sp, #0
 417              		.cfi_def_cfa_register 7
 418 0006 7860     		str	r0, [r7, #4]
 419 0008 3960     		str	r1, [r7]
 309:Generated_Source\PSoC4/I2C_1_I2C_SLAVE.c ****     /* Check buffer pointer */
 310:Generated_Source\PSoC4/I2C_1_I2C_SLAVE.c ****     if(NULL != wrBuf)
 420              		.loc 1 310 0
 421 000a 7B68     		ldr	r3, [r7, #4]
 422 000c 002B     		cmp	r3, #0
 423 000e 0ED0     		beq	.L29
 311:Generated_Source\PSoC4/I2C_1_I2C_SLAVE.c ****     {
 312:Generated_Source\PSoC4/I2C_1_I2C_SLAVE.c ****         I2C_1_DisableInt();  /* Lock from interruption */
 424              		.loc 1 312 0
 425 0010 0920     		movs	r0, #9
 426 0012 FFF7FEFF 		bl	CyIntDisable
 313:Generated_Source\PSoC4/I2C_1_I2C_SLAVE.c **** 
 314:Generated_Source\PSoC4/I2C_1_I2C_SLAVE.c ****         I2C_1_slWrBufPtr   = (volatile uint8 *) wrBuf; /* Set buffer pointer  */
 427              		.loc 1 314 0
ARM GAS  C:\Users\sergio\AppData\Local\Temp\cc9Uh5UG.s 			page 14


 428 0016 084B     		ldr	r3, .L30
 429 0018 7A68     		ldr	r2, [r7, #4]
 430 001a 1A60     		str	r2, [r3]
 315:Generated_Source\PSoC4/I2C_1_I2C_SLAVE.c ****         I2C_1_slWrBufSize  = bufSize;                  /* Set buffer size     */
 431              		.loc 1 315 0
 432 001c 074B     		ldr	r3, .L30+4
 433 001e 3A68     		ldr	r2, [r7]
 434 0020 1A60     		str	r2, [r3]
 316:Generated_Source\PSoC4/I2C_1_I2C_SLAVE.c ****         I2C_1_slWrBufIndex = 0u;                       /* Clear buffer index  */
 435              		.loc 1 316 0
 436 0022 074B     		ldr	r3, .L30+8
 437 0024 0022     		movs	r2, #0
 438 0026 1A60     		str	r2, [r3]
 317:Generated_Source\PSoC4/I2C_1_I2C_SLAVE.c **** 
 318:Generated_Source\PSoC4/I2C_1_I2C_SLAVE.c ****         I2C_1_EnableInt();   /* Release lock */
 439              		.loc 1 318 0
 440 0028 0920     		movs	r0, #9
 441 002a FFF7FEFF 		bl	CyIntEnable
 442              	.L29:
 319:Generated_Source\PSoC4/I2C_1_I2C_SLAVE.c ****     }
 320:Generated_Source\PSoC4/I2C_1_I2C_SLAVE.c **** }
 443              		.loc 1 320 0
 444 002e C046     		nop
 445 0030 BD46     		mov	sp, r7
 446 0032 02B0     		add	sp, sp, #8
 447              		@ sp needed
 448 0034 80BD     		pop	{r7, pc}
 449              	.L31:
 450 0036 C046     		.align	2
 451              	.L30:
 452 0038 00000000 		.word	I2C_1_slWrBufPtr
 453 003c 00000000 		.word	I2C_1_slWrBufSize
 454 0040 00000000 		.word	I2C_1_slWrBufIndex
 455              		.cfi_endproc
 456              	.LFE9:
 457              		.size	I2C_1_I2CSlaveInitWriteBuf, .-I2C_1_I2CSlaveInitWriteBuf
 458              		.section	.text.I2C_1_I2CSlaveGetReadBufSize,"ax",%progbits
 459              		.align	2
 460              		.global	I2C_1_I2CSlaveGetReadBufSize
 461              		.code	16
 462              		.thumb_func
 463              		.type	I2C_1_I2CSlaveGetReadBufSize, %function
 464              	I2C_1_I2CSlaveGetReadBufSize:
 465              	.LFB10:
 321:Generated_Source\PSoC4/I2C_1_I2C_SLAVE.c **** 
 322:Generated_Source\PSoC4/I2C_1_I2C_SLAVE.c **** 
 323:Generated_Source\PSoC4/I2C_1_I2C_SLAVE.c **** /*******************************************************************************
 324:Generated_Source\PSoC4/I2C_1_I2C_SLAVE.c **** * Function Name: I2C_1_I2CSlaveGetReadBufSize
 325:Generated_Source\PSoC4/I2C_1_I2C_SLAVE.c **** ****************************************************************************//**
 326:Generated_Source\PSoC4/I2C_1_I2C_SLAVE.c **** *
 327:Generated_Source\PSoC4/I2C_1_I2C_SLAVE.c **** *  Returns the number of bytes read by the I2C master since an
 328:Generated_Source\PSoC4/I2C_1_I2C_SLAVE.c **** *  I2C_1_I2CSlaveInitReadBuf() or 
 329:Generated_Source\PSoC4/I2C_1_I2C_SLAVE.c **** *  I2C_1_I2CSlaveClearReadBuf() function was executed.
 330:Generated_Source\PSoC4/I2C_1_I2C_SLAVE.c **** *  The maximum return value is the size of the read buffer.
 331:Generated_Source\PSoC4/I2C_1_I2C_SLAVE.c **** *
 332:Generated_Source\PSoC4/I2C_1_I2C_SLAVE.c **** * \return
 333:Generated_Source\PSoC4/I2C_1_I2C_SLAVE.c **** *  Bytes read by master. If the transfer is not yet complete, it returns 
ARM GAS  C:\Users\sergio\AppData\Local\Temp\cc9Uh5UG.s 			page 15


 334:Generated_Source\PSoC4/I2C_1_I2C_SLAVE.c **** *  zero until transfer completion.
 335:Generated_Source\PSoC4/I2C_1_I2C_SLAVE.c **** *
 336:Generated_Source\PSoC4/I2C_1_I2C_SLAVE.c **** * \sideeffect
 337:Generated_Source\PSoC4/I2C_1_I2C_SLAVE.c **** *  The returned value is not valid if I2C_1_I2C_SSTAT_RD_ERR was 
 338:Generated_Source\PSoC4/I2C_1_I2C_SLAVE.c **** *  captured by the slave.
 339:Generated_Source\PSoC4/I2C_1_I2C_SLAVE.c **** *
 340:Generated_Source\PSoC4/I2C_1_I2C_SLAVE.c **** * \globalvars
 341:Generated_Source\PSoC4/I2C_1_I2C_SLAVE.c **** *  I2C_1_slRdBufIndex - used to store current index within slave
 342:Generated_Source\PSoC4/I2C_1_I2C_SLAVE.c **** *  read buffer.
 343:Generated_Source\PSoC4/I2C_1_I2C_SLAVE.c **** *
 344:Generated_Source\PSoC4/I2C_1_I2C_SLAVE.c **** *******************************************************************************/
 345:Generated_Source\PSoC4/I2C_1_I2C_SLAVE.c **** uint32 I2C_1_I2CSlaveGetReadBufSize(void)
 346:Generated_Source\PSoC4/I2C_1_I2C_SLAVE.c **** {
 466              		.loc 1 346 0
 467              		.cfi_startproc
 468              		@ args = 0, pretend = 0, frame = 0
 469              		@ frame_needed = 1, uses_anonymous_args = 0
 470 0000 80B5     		push	{r7, lr}
 471              		.cfi_def_cfa_offset 8
 472              		.cfi_offset 7, -8
 473              		.cfi_offset 14, -4
 474 0002 00AF     		add	r7, sp, #0
 475              		.cfi_def_cfa_register 7
 347:Generated_Source\PSoC4/I2C_1_I2C_SLAVE.c ****     return(I2C_1_slRdBufIndex);
 476              		.loc 1 347 0
 477 0004 024B     		ldr	r3, .L34
 478 0006 1B68     		ldr	r3, [r3]
 348:Generated_Source\PSoC4/I2C_1_I2C_SLAVE.c **** }
 479              		.loc 1 348 0
 480 0008 1800     		movs	r0, r3
 481 000a BD46     		mov	sp, r7
 482              		@ sp needed
 483 000c 80BD     		pop	{r7, pc}
 484              	.L35:
 485 000e C046     		.align	2
 486              	.L34:
 487 0010 00000000 		.word	I2C_1_slRdBufIndex
 488              		.cfi_endproc
 489              	.LFE10:
 490              		.size	I2C_1_I2CSlaveGetReadBufSize, .-I2C_1_I2CSlaveGetReadBufSize
 491              		.section	.text.I2C_1_I2CSlaveGetWriteBufSize,"ax",%progbits
 492              		.align	2
 493              		.global	I2C_1_I2CSlaveGetWriteBufSize
 494              		.code	16
 495              		.thumb_func
 496              		.type	I2C_1_I2CSlaveGetWriteBufSize, %function
 497              	I2C_1_I2CSlaveGetWriteBufSize:
 498              	.LFB11:
 349:Generated_Source\PSoC4/I2C_1_I2C_SLAVE.c **** 
 350:Generated_Source\PSoC4/I2C_1_I2C_SLAVE.c **** 
 351:Generated_Source\PSoC4/I2C_1_I2C_SLAVE.c **** /*******************************************************************************
 352:Generated_Source\PSoC4/I2C_1_I2C_SLAVE.c **** * Function Name: I2C_1_I2CSlaveGetWriteBufSize
 353:Generated_Source\PSoC4/I2C_1_I2C_SLAVE.c **** ****************************************************************************//**
 354:Generated_Source\PSoC4/I2C_1_I2C_SLAVE.c **** *
 355:Generated_Source\PSoC4/I2C_1_I2C_SLAVE.c **** *  Returns the number of bytes written by the I2C master since an
 356:Generated_Source\PSoC4/I2C_1_I2C_SLAVE.c **** *  I2C_1_I2CSlaveInitWriteBuf() or 
 357:Generated_Source\PSoC4/I2C_1_I2C_SLAVE.c **** *  I2C_1_I2CSlaveClearWriteBuf() function was executed.
ARM GAS  C:\Users\sergio\AppData\Local\Temp\cc9Uh5UG.s 			page 16


 358:Generated_Source\PSoC4/I2C_1_I2C_SLAVE.c **** *  The maximum return value is the size of the write buffer.
 359:Generated_Source\PSoC4/I2C_1_I2C_SLAVE.c **** *
 360:Generated_Source\PSoC4/I2C_1_I2C_SLAVE.c **** * \return
 361:Generated_Source\PSoC4/I2C_1_I2C_SLAVE.c **** *  Bytes written by master.
 362:Generated_Source\PSoC4/I2C_1_I2C_SLAVE.c **** *
 363:Generated_Source\PSoC4/I2C_1_I2C_SLAVE.c **** * \sideeffect
 364:Generated_Source\PSoC4/I2C_1_I2C_SLAVE.c **** *  The returned value is not valid if I2C_1_I2C_SSTAT_WR_ERR was 
 365:Generated_Source\PSoC4/I2C_1_I2C_SLAVE.c **** *  captured by the slave.
 366:Generated_Source\PSoC4/I2C_1_I2C_SLAVE.c **** *
 367:Generated_Source\PSoC4/I2C_1_I2C_SLAVE.c **** * \globalvars
 368:Generated_Source\PSoC4/I2C_1_I2C_SLAVE.c **** *  I2C_1_slWrBufIndex - used to store current index within slave
 369:Generated_Source\PSoC4/I2C_1_I2C_SLAVE.c **** *   write buffer.
 370:Generated_Source\PSoC4/I2C_1_I2C_SLAVE.c **** *
 371:Generated_Source\PSoC4/I2C_1_I2C_SLAVE.c **** *******************************************************************************/
 372:Generated_Source\PSoC4/I2C_1_I2C_SLAVE.c **** uint32 I2C_1_I2CSlaveGetWriteBufSize(void)
 373:Generated_Source\PSoC4/I2C_1_I2C_SLAVE.c **** {
 499              		.loc 1 373 0
 500              		.cfi_startproc
 501              		@ args = 0, pretend = 0, frame = 0
 502              		@ frame_needed = 1, uses_anonymous_args = 0
 503 0000 80B5     		push	{r7, lr}
 504              		.cfi_def_cfa_offset 8
 505              		.cfi_offset 7, -8
 506              		.cfi_offset 14, -4
 507 0002 00AF     		add	r7, sp, #0
 508              		.cfi_def_cfa_register 7
 374:Generated_Source\PSoC4/I2C_1_I2C_SLAVE.c ****     return(I2C_1_slWrBufIndex);
 509              		.loc 1 374 0
 510 0004 024B     		ldr	r3, .L38
 511 0006 1B68     		ldr	r3, [r3]
 375:Generated_Source\PSoC4/I2C_1_I2C_SLAVE.c **** }
 512              		.loc 1 375 0
 513 0008 1800     		movs	r0, r3
 514 000a BD46     		mov	sp, r7
 515              		@ sp needed
 516 000c 80BD     		pop	{r7, pc}
 517              	.L39:
 518 000e C046     		.align	2
 519              	.L38:
 520 0010 00000000 		.word	I2C_1_slWrBufIndex
 521              		.cfi_endproc
 522              	.LFE11:
 523              		.size	I2C_1_I2CSlaveGetWriteBufSize, .-I2C_1_I2CSlaveGetWriteBufSize
 524              		.section	.text.I2C_1_I2CSlaveClearReadBuf,"ax",%progbits
 525              		.align	2
 526              		.global	I2C_1_I2CSlaveClearReadBuf
 527              		.code	16
 528              		.thumb_func
 529              		.type	I2C_1_I2CSlaveClearReadBuf, %function
 530              	I2C_1_I2CSlaveClearReadBuf:
 531              	.LFB12:
 376:Generated_Source\PSoC4/I2C_1_I2C_SLAVE.c **** 
 377:Generated_Source\PSoC4/I2C_1_I2C_SLAVE.c **** 
 378:Generated_Source\PSoC4/I2C_1_I2C_SLAVE.c **** /*******************************************************************************
 379:Generated_Source\PSoC4/I2C_1_I2C_SLAVE.c **** * Function Name: I2C_1_I2CSlaveClearReadBuf
 380:Generated_Source\PSoC4/I2C_1_I2C_SLAVE.c **** ****************************************************************************//**
 381:Generated_Source\PSoC4/I2C_1_I2C_SLAVE.c **** *
ARM GAS  C:\Users\sergio\AppData\Local\Temp\cc9Uh5UG.s 			page 17


 382:Generated_Source\PSoC4/I2C_1_I2C_SLAVE.c **** *  Resets the read pointer to the first byte in the read buffer. The next byte
 383:Generated_Source\PSoC4/I2C_1_I2C_SLAVE.c **** *  read by the master will be the first byte in the read buffer.
 384:Generated_Source\PSoC4/I2C_1_I2C_SLAVE.c **** *
 385:Generated_Source\PSoC4/I2C_1_I2C_SLAVE.c **** * \globalvars
 386:Generated_Source\PSoC4/I2C_1_I2C_SLAVE.c **** *  I2C_1_slRdBufIndex - used to store current index within slave
 387:Generated_Source\PSoC4/I2C_1_I2C_SLAVE.c **** *  read buffer.
 388:Generated_Source\PSoC4/I2C_1_I2C_SLAVE.c **** *
 389:Generated_Source\PSoC4/I2C_1_I2C_SLAVE.c **** *******************************************************************************/
 390:Generated_Source\PSoC4/I2C_1_I2C_SLAVE.c **** void I2C_1_I2CSlaveClearReadBuf(void)
 391:Generated_Source\PSoC4/I2C_1_I2C_SLAVE.c **** {
 532              		.loc 1 391 0
 533              		.cfi_startproc
 534              		@ args = 0, pretend = 0, frame = 0
 535              		@ frame_needed = 1, uses_anonymous_args = 0
 536 0000 80B5     		push	{r7, lr}
 537              		.cfi_def_cfa_offset 8
 538              		.cfi_offset 7, -8
 539              		.cfi_offset 14, -4
 540 0002 00AF     		add	r7, sp, #0
 541              		.cfi_def_cfa_register 7
 392:Generated_Source\PSoC4/I2C_1_I2C_SLAVE.c ****     I2C_1_slRdBufIndex = 0u;
 542              		.loc 1 392 0
 543 0004 024B     		ldr	r3, .L41
 544 0006 0022     		movs	r2, #0
 545 0008 1A60     		str	r2, [r3]
 393:Generated_Source\PSoC4/I2C_1_I2C_SLAVE.c **** }
 546              		.loc 1 393 0
 547 000a C046     		nop
 548 000c BD46     		mov	sp, r7
 549              		@ sp needed
 550 000e 80BD     		pop	{r7, pc}
 551              	.L42:
 552              		.align	2
 553              	.L41:
 554 0010 00000000 		.word	I2C_1_slRdBufIndex
 555              		.cfi_endproc
 556              	.LFE12:
 557              		.size	I2C_1_I2CSlaveClearReadBuf, .-I2C_1_I2CSlaveClearReadBuf
 558              		.section	.text.I2C_1_I2CSlaveClearWriteBuf,"ax",%progbits
 559              		.align	2
 560              		.global	I2C_1_I2CSlaveClearWriteBuf
 561              		.code	16
 562              		.thumb_func
 563              		.type	I2C_1_I2CSlaveClearWriteBuf, %function
 564              	I2C_1_I2CSlaveClearWriteBuf:
 565              	.LFB13:
 394:Generated_Source\PSoC4/I2C_1_I2C_SLAVE.c **** 
 395:Generated_Source\PSoC4/I2C_1_I2C_SLAVE.c **** 
 396:Generated_Source\PSoC4/I2C_1_I2C_SLAVE.c **** /*******************************************************************************
 397:Generated_Source\PSoC4/I2C_1_I2C_SLAVE.c **** * Function Name: I2C_1_I2CSlaveClearWriteBuf
 398:Generated_Source\PSoC4/I2C_1_I2C_SLAVE.c **** ****************************************************************************//**
 399:Generated_Source\PSoC4/I2C_1_I2C_SLAVE.c **** *
 400:Generated_Source\PSoC4/I2C_1_I2C_SLAVE.c **** *  Resets the write pointer to the first byte in the write buffer. The next byte
 401:Generated_Source\PSoC4/I2C_1_I2C_SLAVE.c **** *  written by the master will be the first byte in the write buffer.
 402:Generated_Source\PSoC4/I2C_1_I2C_SLAVE.c **** *
 403:Generated_Source\PSoC4/I2C_1_I2C_SLAVE.c **** * \globalvars
 404:Generated_Source\PSoC4/I2C_1_I2C_SLAVE.c **** *  I2C_1_slWrBufIndex - used to store current index within slave
ARM GAS  C:\Users\sergio\AppData\Local\Temp\cc9Uh5UG.s 			page 18


 405:Generated_Source\PSoC4/I2C_1_I2C_SLAVE.c **** *  write buffer.
 406:Generated_Source\PSoC4/I2C_1_I2C_SLAVE.c **** *
 407:Generated_Source\PSoC4/I2C_1_I2C_SLAVE.c **** *******************************************************************************/
 408:Generated_Source\PSoC4/I2C_1_I2C_SLAVE.c **** void I2C_1_I2CSlaveClearWriteBuf(void)
 409:Generated_Source\PSoC4/I2C_1_I2C_SLAVE.c **** {
 566              		.loc 1 409 0
 567              		.cfi_startproc
 568              		@ args = 0, pretend = 0, frame = 0
 569              		@ frame_needed = 1, uses_anonymous_args = 0
 570 0000 80B5     		push	{r7, lr}
 571              		.cfi_def_cfa_offset 8
 572              		.cfi_offset 7, -8
 573              		.cfi_offset 14, -4
 574 0002 00AF     		add	r7, sp, #0
 575              		.cfi_def_cfa_register 7
 410:Generated_Source\PSoC4/I2C_1_I2C_SLAVE.c ****     I2C_1_slWrBufIndex = 0u;
 576              		.loc 1 410 0
 577 0004 024B     		ldr	r3, .L44
 578 0006 0022     		movs	r2, #0
 579 0008 1A60     		str	r2, [r3]
 411:Generated_Source\PSoC4/I2C_1_I2C_SLAVE.c **** }
 580              		.loc 1 411 0
 581 000a C046     		nop
 582 000c BD46     		mov	sp, r7
 583              		@ sp needed
 584 000e 80BD     		pop	{r7, pc}
 585              	.L45:
 586              		.align	2
 587              	.L44:
 588 0010 00000000 		.word	I2C_1_slWrBufIndex
 589              		.cfi_endproc
 590              	.LFE13:
 591              		.size	I2C_1_I2CSlaveClearWriteBuf, .-I2C_1_I2CSlaveClearWriteBuf
 592              		.text
 593              	.Letext0:
 594              		.file 2 "Generated_Source\\PSoC4/cytypes.h"
 595              		.section	.debug_info,"",%progbits
 596              	.Ldebug_info0:
 597 0000 21030000 		.4byte	0x321
 598 0004 0400     		.2byte	0x4
 599 0006 00000000 		.4byte	.Ldebug_abbrev0
 600 000a 04       		.byte	0x4
 601 000b 01       		.uleb128 0x1
 602 000c 8A010000 		.4byte	.LASF47
 603 0010 0C       		.byte	0xc
 604 0011 00000000 		.4byte	.LASF48
 605 0015 A6020000 		.4byte	.LASF49
 606 0019 00000000 		.4byte	.Ldebug_ranges0+0
 607 001d 00000000 		.4byte	0
 608 0021 00000000 		.4byte	.Ldebug_line0
 609 0025 02       		.uleb128 0x2
 610 0026 01       		.byte	0x1
 611 0027 06       		.byte	0x6
 612 0028 E8030000 		.4byte	.LASF0
 613 002c 02       		.uleb128 0x2
 614 002d 01       		.byte	0x1
 615 002e 08       		.byte	0x8
ARM GAS  C:\Users\sergio\AppData\Local\Temp\cc9Uh5UG.s 			page 19


 616 002f 64010000 		.4byte	.LASF1
 617 0033 02       		.uleb128 0x2
 618 0034 02       		.byte	0x2
 619 0035 05       		.byte	0x5
 620 0036 4B030000 		.4byte	.LASF2
 621 003a 02       		.uleb128 0x2
 622 003b 02       		.byte	0x2
 623 003c 07       		.byte	0x7
 624 003d 9B000000 		.4byte	.LASF3
 625 0041 02       		.uleb128 0x2
 626 0042 04       		.byte	0x4
 627 0043 05       		.byte	0x5
 628 0044 92000000 		.4byte	.LASF4
 629 0048 02       		.uleb128 0x2
 630 0049 04       		.byte	0x4
 631 004a 07       		.byte	0x7
 632 004b 72010000 		.4byte	.LASF5
 633 004f 02       		.uleb128 0x2
 634 0050 08       		.byte	0x8
 635 0051 05       		.byte	0x5
 636 0052 37030000 		.4byte	.LASF6
 637 0056 02       		.uleb128 0x2
 638 0057 08       		.byte	0x8
 639 0058 07       		.byte	0x7
 640 0059 06030000 		.4byte	.LASF7
 641 005d 03       		.uleb128 0x3
 642 005e 04       		.byte	0x4
 643 005f 05       		.byte	0x5
 644 0060 696E7400 		.ascii	"int\000"
 645 0064 02       		.uleb128 0x2
 646 0065 04       		.byte	0x4
 647 0066 07       		.byte	0x7
 648 0067 CC000000 		.4byte	.LASF8
 649 006b 04       		.uleb128 0x4
 650 006c 84010000 		.4byte	.LASF9
 651 0070 02       		.byte	0x2
 652 0071 E401     		.2byte	0x1e4
 653 0073 2C000000 		.4byte	0x2c
 654 0077 04       		.uleb128 0x4
 655 0078 9F020000 		.4byte	.LASF10
 656 007c 02       		.byte	0x2
 657 007d E601     		.2byte	0x1e6
 658 007f 48000000 		.4byte	0x48
 659 0083 02       		.uleb128 0x2
 660 0084 04       		.byte	0x4
 661 0085 04       		.byte	0x4
 662 0086 43010000 		.4byte	.LASF11
 663 008a 02       		.uleb128 0x2
 664 008b 08       		.byte	0x8
 665 008c 04       		.byte	0x4
 666 008d 4B020000 		.4byte	.LASF12
 667 0091 02       		.uleb128 0x2
 668 0092 01       		.byte	0x1
 669 0093 08       		.byte	0x8
 670 0094 46020000 		.4byte	.LASF13
 671 0098 05       		.uleb128 0x5
 672 0099 6B000000 		.4byte	0x6b
ARM GAS  C:\Users\sergio\AppData\Local\Temp\cc9Uh5UG.s 			page 20


 673 009d 04       		.uleb128 0x4
 674 009e 45030000 		.4byte	.LASF14
 675 00a2 02       		.byte	0x2
 676 00a3 9002     		.2byte	0x290
 677 00a5 A9000000 		.4byte	0xa9
 678 00a9 05       		.uleb128 0x5
 679 00aa 77000000 		.4byte	0x77
 680 00ae 02       		.uleb128 0x2
 681 00af 08       		.byte	0x8
 682 00b0 04       		.byte	0x4
 683 00b1 DC030000 		.4byte	.LASF15
 684 00b5 02       		.uleb128 0x2
 685 00b6 04       		.byte	0x4
 686 00b7 07       		.byte	0x7
 687 00b8 2E030000 		.4byte	.LASF16
 688 00bc 06       		.uleb128 0x6
 689 00bd 5D030000 		.4byte	.LASF20
 690 00c1 01       		.byte	0x1
 691 00c2 42       		.byte	0x42
 692 00c3 00000000 		.4byte	.LFB2
 693 00c7 1C000000 		.4byte	.LFE2-.LFB2
 694 00cb 01       		.uleb128 0x1
 695 00cc 9C       		.byte	0x9c
 696 00cd E0000000 		.4byte	0xe0
 697 00d1 07       		.uleb128 0x7
 698 00d2 29030000 		.4byte	.LASF22
 699 00d6 01       		.byte	0x1
 700 00d7 42       		.byte	0x42
 701 00d8 E5000000 		.4byte	0xe5
 702 00dc 02       		.uleb128 0x2
 703 00dd 91       		.byte	0x91
 704 00de 74       		.sleb128 -12
 705 00df 00       		.byte	0
 706 00e0 08       		.uleb128 0x8
 707 00e1 77000000 		.4byte	0x77
 708 00e5 09       		.uleb128 0x9
 709 00e6 04       		.byte	0x4
 710 00e7 E0000000 		.4byte	0xe0
 711 00eb 0A       		.uleb128 0xa
 712 00ec D9000000 		.4byte	.LASF32
 713 00f0 01       		.byte	0x1
 714 00f1 75       		.byte	0x75
 715 00f2 77000000 		.4byte	0x77
 716 00f6 00000000 		.4byte	.LFB3
 717 00fa 14000000 		.4byte	.LFE3-.LFB3
 718 00fe 01       		.uleb128 0x1
 719 00ff 9C       		.byte	0x9c
 720 0100 0B       		.uleb128 0xb
 721 0101 F5000000 		.4byte	.LASF17
 722 0105 01       		.byte	0x1
 723 0106 8D       		.byte	0x8d
 724 0107 77000000 		.4byte	0x77
 725 010b 00000000 		.4byte	.LFB4
 726 010f 40000000 		.4byte	.LFE4-.LFB4
 727 0113 01       		.uleb128 0x1
 728 0114 9C       		.byte	0x9c
 729 0115 28010000 		.4byte	0x128
ARM GAS  C:\Users\sergio\AppData\Local\Temp\cc9Uh5UG.s 			page 21


 730 0119 0C       		.uleb128 0xc
 731 011a EE000000 		.4byte	.LASF19
 732 011e 01       		.byte	0x1
 733 011f 8F       		.byte	0x8f
 734 0120 77000000 		.4byte	0x77
 735 0124 02       		.uleb128 0x2
 736 0125 91       		.byte	0x91
 737 0126 74       		.sleb128 -12
 738 0127 00       		.byte	0
 739 0128 0B       		.uleb128 0xb
 740 0129 44000000 		.4byte	.LASF18
 741 012d 01       		.byte	0x1
 742 012e AF       		.byte	0xaf
 743 012f 77000000 		.4byte	0x77
 744 0133 00000000 		.4byte	.LFB5
 745 0137 40000000 		.4byte	.LFE5-.LFB5
 746 013b 01       		.uleb128 0x1
 747 013c 9C       		.byte	0x9c
 748 013d 50010000 		.4byte	0x150
 749 0141 0C       		.uleb128 0xc
 750 0142 EE000000 		.4byte	.LASF19
 751 0146 01       		.byte	0x1
 752 0147 B1       		.byte	0xb1
 753 0148 77000000 		.4byte	0x77
 754 014c 02       		.uleb128 0x2
 755 014d 91       		.byte	0x91
 756 014e 74       		.sleb128 -12
 757 014f 00       		.byte	0
 758 0150 06       		.uleb128 0x6
 759 0151 19010000 		.4byte	.LASF21
 760 0155 01       		.byte	0x1
 761 0156 CC       		.byte	0xcc
 762 0157 00000000 		.4byte	.LFB6
 763 015b 38000000 		.4byte	.LFE6-.LFB6
 764 015f 01       		.uleb128 0x1
 765 0160 9C       		.byte	0x9c
 766 0161 82010000 		.4byte	0x182
 767 0165 07       		.uleb128 0x7
 768 0166 FE020000 		.4byte	.LASF23
 769 016a 01       		.byte	0x1
 770 016b CC       		.byte	0xcc
 771 016c 77000000 		.4byte	0x77
 772 0170 02       		.uleb128 0x2
 773 0171 91       		.byte	0x91
 774 0172 6C       		.sleb128 -20
 775 0173 0C       		.uleb128 0xc
 776 0174 D3030000 		.4byte	.LASF24
 777 0178 01       		.byte	0x1
 778 0179 CE       		.byte	0xce
 779 017a 77000000 		.4byte	0x77
 780 017e 02       		.uleb128 0x2
 781 017f 91       		.byte	0x91
 782 0180 74       		.sleb128 -12
 783 0181 00       		.byte	0
 784 0182 06       		.uleb128 0x6
 785 0183 75000000 		.4byte	.LASF25
 786 0187 01       		.byte	0x1
ARM GAS  C:\Users\sergio\AppData\Local\Temp\cc9Uh5UG.s 			page 22


 787 0188 E9       		.byte	0xe9
 788 0189 00000000 		.4byte	.LFB7
 789 018d 38000000 		.4byte	.LFE7-.LFB7
 790 0191 01       		.uleb128 0x1
 791 0192 9C       		.byte	0x9c
 792 0193 B4010000 		.4byte	0x1b4
 793 0197 07       		.uleb128 0x7
 794 0198 1D030000 		.4byte	.LASF26
 795 019c 01       		.byte	0x1
 796 019d E9       		.byte	0xe9
 797 019e 77000000 		.4byte	0x77
 798 01a2 02       		.uleb128 0x2
 799 01a3 91       		.byte	0x91
 800 01a4 6C       		.sleb128 -20
 801 01a5 0C       		.uleb128 0xc
 802 01a6 D3030000 		.4byte	.LASF24
 803 01aa 01       		.byte	0x1
 804 01ab EB       		.byte	0xeb
 805 01ac 77000000 		.4byte	0x77
 806 01b0 02       		.uleb128 0x2
 807 01b1 91       		.byte	0x91
 808 01b2 74       		.sleb128 -12
 809 01b3 00       		.byte	0
 810 01b4 0D       		.uleb128 0xd
 811 01b5 63020000 		.4byte	.LASF27
 812 01b9 01       		.byte	0x1
 813 01ba 0C01     		.2byte	0x10c
 814 01bc 00000000 		.4byte	.LFB8
 815 01c0 4C000000 		.4byte	.LFE8-.LFB8
 816 01c4 01       		.uleb128 0x1
 817 01c5 9C       		.byte	0x9c
 818 01c6 E9010000 		.4byte	0x1e9
 819 01ca 0E       		.uleb128 0xe
 820 01cb 13010000 		.4byte	.LASF28
 821 01cf 01       		.byte	0x1
 822 01d0 0C01     		.2byte	0x10c
 823 01d2 E9010000 		.4byte	0x1e9
 824 01d6 02       		.uleb128 0x2
 825 01d7 91       		.byte	0x91
 826 01d8 74       		.sleb128 -12
 827 01d9 0E       		.uleb128 0xe
 828 01da 55030000 		.4byte	.LASF29
 829 01de 01       		.byte	0x1
 830 01df 0C01     		.2byte	0x10c
 831 01e1 77000000 		.4byte	0x77
 832 01e5 02       		.uleb128 0x2
 833 01e6 91       		.byte	0x91
 834 01e7 70       		.sleb128 -16
 835 01e8 00       		.byte	0
 836 01e9 09       		.uleb128 0x9
 837 01ea 04       		.byte	0x4
 838 01eb 6B000000 		.4byte	0x6b
 839 01ef 0D       		.uleb128 0xd
 840 01f0 F4030000 		.4byte	.LASF30
 841 01f4 01       		.byte	0x1
 842 01f5 3301     		.2byte	0x133
 843 01f7 00000000 		.4byte	.LFB9
ARM GAS  C:\Users\sergio\AppData\Local\Temp\cc9Uh5UG.s 			page 23


 844 01fb 44000000 		.4byte	.LFE9-.LFB9
 845 01ff 01       		.uleb128 0x1
 846 0200 9C       		.byte	0x9c
 847 0201 24020000 		.4byte	0x224
 848 0205 0E       		.uleb128 0xe
 849 0206 18020000 		.4byte	.LASF31
 850 020a 01       		.byte	0x1
 851 020b 3301     		.2byte	0x133
 852 020d E9010000 		.4byte	0x1e9
 853 0211 02       		.uleb128 0x2
 854 0212 91       		.byte	0x91
 855 0213 74       		.sleb128 -12
 856 0214 0E       		.uleb128 0xe
 857 0215 55030000 		.4byte	.LASF29
 858 0219 01       		.byte	0x1
 859 021a 3301     		.2byte	0x133
 860 021c 77000000 		.4byte	0x77
 861 0220 02       		.uleb128 0x2
 862 0221 91       		.byte	0x91
 863 0222 70       		.sleb128 -16
 864 0223 00       		.byte	0
 865 0224 0F       		.uleb128 0xf
 866 0225 87030000 		.4byte	.LASF33
 867 0229 01       		.byte	0x1
 868 022a 5901     		.2byte	0x159
 869 022c 77000000 		.4byte	0x77
 870 0230 00000000 		.4byte	.LFB10
 871 0234 14000000 		.4byte	.LFE10-.LFB10
 872 0238 01       		.uleb128 0x1
 873 0239 9C       		.byte	0x9c
 874 023a 0F       		.uleb128 0xf
 875 023b AE000000 		.4byte	.LASF34
 876 023f 01       		.byte	0x1
 877 0240 7401     		.2byte	0x174
 878 0242 77000000 		.4byte	0x77
 879 0246 00000000 		.4byte	.LFB11
 880 024a 14000000 		.4byte	.LFE11-.LFB11
 881 024e 01       		.uleb128 0x1
 882 024f 9C       		.byte	0x9c
 883 0250 10       		.uleb128 0x10
 884 0251 49010000 		.4byte	.LASF35
 885 0255 01       		.byte	0x1
 886 0256 8601     		.2byte	0x186
 887 0258 00000000 		.4byte	.LFB12
 888 025c 14000000 		.4byte	.LFE12-.LFB12
 889 0260 01       		.uleb128 0x1
 890 0261 9C       		.byte	0x9c
 891 0262 10       		.uleb128 0x10
 892 0263 B7030000 		.4byte	.LASF36
 893 0267 01       		.byte	0x1
 894 0268 9801     		.2byte	0x198
 895 026a 00000000 		.4byte	.LFB13
 896 026e 14000000 		.4byte	.LFE13-.LFB13
 897 0272 01       		.uleb128 0x1
 898 0273 9C       		.byte	0x9c
 899 0274 11       		.uleb128 0x11
 900 0275 7D020000 		.4byte	.LASF37
ARM GAS  C:\Users\sergio\AppData\Local\Temp\cc9Uh5UG.s 			page 24


 901 0279 01       		.byte	0x1
 902 027a 1B       		.byte	0x1b
 903 027b 98000000 		.4byte	0x98
 904 027f 05       		.uleb128 0x5
 905 0280 03       		.byte	0x3
 906 0281 00000000 		.4byte	I2C_1_slStatus
 907 0285 11       		.uleb128 0x11
 908 0286 52020000 		.4byte	.LASF38
 909 028a 01       		.byte	0x1
 910 028b 1E       		.byte	0x1e
 911 028c 96020000 		.4byte	0x296
 912 0290 05       		.uleb128 0x5
 913 0291 03       		.byte	0x3
 914 0292 00000000 		.4byte	I2C_1_slWrBufPtr
 915 0296 09       		.uleb128 0x9
 916 0297 04       		.byte	0x4
 917 0298 98000000 		.4byte	0x98
 918 029c 11       		.uleb128 0x11
 919 029d 34020000 		.4byte	.LASF39
 920 02a1 01       		.byte	0x1
 921 02a2 1F       		.byte	0x1f
 922 02a3 A9000000 		.4byte	0xa9
 923 02a7 05       		.uleb128 0x5
 924 02a8 03       		.byte	0x3
 925 02a9 00000000 		.4byte	I2C_1_slWrBufSize
 926 02ad 11       		.uleb128 0x11
 927 02ae 8C020000 		.4byte	.LASF40
 928 02b2 01       		.byte	0x1
 929 02b3 20       		.byte	0x20
 930 02b4 A9000000 		.4byte	0xa9
 931 02b8 05       		.uleb128 0x5
 932 02b9 03       		.byte	0x3
 933 02ba 00000000 		.4byte	I2C_1_slWrBufIndex
 934 02be 11       		.uleb128 0x11
 935 02bf 32010000 		.4byte	.LASF41
 936 02c3 01       		.byte	0x1
 937 02c4 23       		.byte	0x23
 938 02c5 96020000 		.4byte	0x296
 939 02c9 05       		.uleb128 0x5
 940 02ca 03       		.byte	0x3
 941 02cb 00000000 		.4byte	I2C_1_slRdBufPtr
 942 02cf 11       		.uleb128 0x11
 943 02d0 63000000 		.4byte	.LASF42
 944 02d4 01       		.byte	0x1
 945 02d5 24       		.byte	0x24
 946 02d6 A9000000 		.4byte	0xa9
 947 02da 05       		.uleb128 0x5
 948 02db 03       		.byte	0x3
 949 02dc 00000000 		.4byte	I2C_1_slRdBufSize
 950 02e0 11       		.uleb128 0x11
 951 02e1 A4030000 		.4byte	.LASF43
 952 02e5 01       		.byte	0x1
 953 02e6 25       		.byte	0x25
 954 02e7 A9000000 		.4byte	0xa9
 955 02eb 05       		.uleb128 0x5
 956 02ec 03       		.byte	0x3
 957 02ed 00000000 		.4byte	I2C_1_slRdBufIndex
ARM GAS  C:\Users\sergio\AppData\Local\Temp\cc9Uh5UG.s 			page 25


 958 02f1 11       		.uleb128 0x11
 959 02f2 E8020000 		.4byte	.LASF44
 960 02f6 01       		.byte	0x1
 961 02f7 26       		.byte	0x26
 962 02f8 A9000000 		.4byte	0xa9
 963 02fc 05       		.uleb128 0x5
 964 02fd 03       		.byte	0x3
 965 02fe 00000000 		.4byte	I2C_1_slRdBufIndexTmp
 966 0302 11       		.uleb128 0x11
 967 0303 1E020000 		.4byte	.LASF45
 968 0307 01       		.byte	0x1
 969 0308 27       		.byte	0x27
 970 0309 98000000 		.4byte	0x98
 971 030d 05       		.uleb128 0x5
 972 030e 03       		.byte	0x3
 973 030f 00000000 		.4byte	I2C_1_slOverFlowCount
 974 0313 11       		.uleb128 0x11
 975 0314 29000000 		.4byte	.LASF46
 976 0318 01       		.byte	0x1
 977 0319 2B       		.byte	0x2b
 978 031a E5000000 		.4byte	0xe5
 979 031e 05       		.uleb128 0x5
 980 031f 03       		.byte	0x3
 981 0320 00000000 		.4byte	I2C_1_customAddressHandler
 982 0324 00       		.byte	0
 983              		.section	.debug_abbrev,"",%progbits
 984              	.Ldebug_abbrev0:
 985 0000 01       		.uleb128 0x1
 986 0001 11       		.uleb128 0x11
 987 0002 01       		.byte	0x1
 988 0003 25       		.uleb128 0x25
 989 0004 0E       		.uleb128 0xe
 990 0005 13       		.uleb128 0x13
 991 0006 0B       		.uleb128 0xb
 992 0007 03       		.uleb128 0x3
 993 0008 0E       		.uleb128 0xe
 994 0009 1B       		.uleb128 0x1b
 995 000a 0E       		.uleb128 0xe
 996 000b 55       		.uleb128 0x55
 997 000c 17       		.uleb128 0x17
 998 000d 11       		.uleb128 0x11
 999 000e 01       		.uleb128 0x1
 1000 000f 10       		.uleb128 0x10
 1001 0010 17       		.uleb128 0x17
 1002 0011 00       		.byte	0
 1003 0012 00       		.byte	0
 1004 0013 02       		.uleb128 0x2
 1005 0014 24       		.uleb128 0x24
 1006 0015 00       		.byte	0
 1007 0016 0B       		.uleb128 0xb
 1008 0017 0B       		.uleb128 0xb
 1009 0018 3E       		.uleb128 0x3e
 1010 0019 0B       		.uleb128 0xb
 1011 001a 03       		.uleb128 0x3
 1012 001b 0E       		.uleb128 0xe
 1013 001c 00       		.byte	0
 1014 001d 00       		.byte	0
ARM GAS  C:\Users\sergio\AppData\Local\Temp\cc9Uh5UG.s 			page 26


 1015 001e 03       		.uleb128 0x3
 1016 001f 24       		.uleb128 0x24
 1017 0020 00       		.byte	0
 1018 0021 0B       		.uleb128 0xb
 1019 0022 0B       		.uleb128 0xb
 1020 0023 3E       		.uleb128 0x3e
 1021 0024 0B       		.uleb128 0xb
 1022 0025 03       		.uleb128 0x3
 1023 0026 08       		.uleb128 0x8
 1024 0027 00       		.byte	0
 1025 0028 00       		.byte	0
 1026 0029 04       		.uleb128 0x4
 1027 002a 16       		.uleb128 0x16
 1028 002b 00       		.byte	0
 1029 002c 03       		.uleb128 0x3
 1030 002d 0E       		.uleb128 0xe
 1031 002e 3A       		.uleb128 0x3a
 1032 002f 0B       		.uleb128 0xb
 1033 0030 3B       		.uleb128 0x3b
 1034 0031 05       		.uleb128 0x5
 1035 0032 49       		.uleb128 0x49
 1036 0033 13       		.uleb128 0x13
 1037 0034 00       		.byte	0
 1038 0035 00       		.byte	0
 1039 0036 05       		.uleb128 0x5
 1040 0037 35       		.uleb128 0x35
 1041 0038 00       		.byte	0
 1042 0039 49       		.uleb128 0x49
 1043 003a 13       		.uleb128 0x13
 1044 003b 00       		.byte	0
 1045 003c 00       		.byte	0
 1046 003d 06       		.uleb128 0x6
 1047 003e 2E       		.uleb128 0x2e
 1048 003f 01       		.byte	0x1
 1049 0040 3F       		.uleb128 0x3f
 1050 0041 19       		.uleb128 0x19
 1051 0042 03       		.uleb128 0x3
 1052 0043 0E       		.uleb128 0xe
 1053 0044 3A       		.uleb128 0x3a
 1054 0045 0B       		.uleb128 0xb
 1055 0046 3B       		.uleb128 0x3b
 1056 0047 0B       		.uleb128 0xb
 1057 0048 27       		.uleb128 0x27
 1058 0049 19       		.uleb128 0x19
 1059 004a 11       		.uleb128 0x11
 1060 004b 01       		.uleb128 0x1
 1061 004c 12       		.uleb128 0x12
 1062 004d 06       		.uleb128 0x6
 1063 004e 40       		.uleb128 0x40
 1064 004f 18       		.uleb128 0x18
 1065 0050 9742     		.uleb128 0x2117
 1066 0052 19       		.uleb128 0x19
 1067 0053 01       		.uleb128 0x1
 1068 0054 13       		.uleb128 0x13
 1069 0055 00       		.byte	0
 1070 0056 00       		.byte	0
 1071 0057 07       		.uleb128 0x7
ARM GAS  C:\Users\sergio\AppData\Local\Temp\cc9Uh5UG.s 			page 27


 1072 0058 05       		.uleb128 0x5
 1073 0059 00       		.byte	0
 1074 005a 03       		.uleb128 0x3
 1075 005b 0E       		.uleb128 0xe
 1076 005c 3A       		.uleb128 0x3a
 1077 005d 0B       		.uleb128 0xb
 1078 005e 3B       		.uleb128 0x3b
 1079 005f 0B       		.uleb128 0xb
 1080 0060 49       		.uleb128 0x49
 1081 0061 13       		.uleb128 0x13
 1082 0062 02       		.uleb128 0x2
 1083 0063 18       		.uleb128 0x18
 1084 0064 00       		.byte	0
 1085 0065 00       		.byte	0
 1086 0066 08       		.uleb128 0x8
 1087 0067 15       		.uleb128 0x15
 1088 0068 00       		.byte	0
 1089 0069 27       		.uleb128 0x27
 1090 006a 19       		.uleb128 0x19
 1091 006b 49       		.uleb128 0x49
 1092 006c 13       		.uleb128 0x13
 1093 006d 00       		.byte	0
 1094 006e 00       		.byte	0
 1095 006f 09       		.uleb128 0x9
 1096 0070 0F       		.uleb128 0xf
 1097 0071 00       		.byte	0
 1098 0072 0B       		.uleb128 0xb
 1099 0073 0B       		.uleb128 0xb
 1100 0074 49       		.uleb128 0x49
 1101 0075 13       		.uleb128 0x13
 1102 0076 00       		.byte	0
 1103 0077 00       		.byte	0
 1104 0078 0A       		.uleb128 0xa
 1105 0079 2E       		.uleb128 0x2e
 1106 007a 00       		.byte	0
 1107 007b 3F       		.uleb128 0x3f
 1108 007c 19       		.uleb128 0x19
 1109 007d 03       		.uleb128 0x3
 1110 007e 0E       		.uleb128 0xe
 1111 007f 3A       		.uleb128 0x3a
 1112 0080 0B       		.uleb128 0xb
 1113 0081 3B       		.uleb128 0x3b
 1114 0082 0B       		.uleb128 0xb
 1115 0083 27       		.uleb128 0x27
 1116 0084 19       		.uleb128 0x19
 1117 0085 49       		.uleb128 0x49
 1118 0086 13       		.uleb128 0x13
 1119 0087 11       		.uleb128 0x11
 1120 0088 01       		.uleb128 0x1
 1121 0089 12       		.uleb128 0x12
 1122 008a 06       		.uleb128 0x6
 1123 008b 40       		.uleb128 0x40
 1124 008c 18       		.uleb128 0x18
 1125 008d 9742     		.uleb128 0x2117
 1126 008f 19       		.uleb128 0x19
 1127 0090 00       		.byte	0
 1128 0091 00       		.byte	0
ARM GAS  C:\Users\sergio\AppData\Local\Temp\cc9Uh5UG.s 			page 28


 1129 0092 0B       		.uleb128 0xb
 1130 0093 2E       		.uleb128 0x2e
 1131 0094 01       		.byte	0x1
 1132 0095 3F       		.uleb128 0x3f
 1133 0096 19       		.uleb128 0x19
 1134 0097 03       		.uleb128 0x3
 1135 0098 0E       		.uleb128 0xe
 1136 0099 3A       		.uleb128 0x3a
 1137 009a 0B       		.uleb128 0xb
 1138 009b 3B       		.uleb128 0x3b
 1139 009c 0B       		.uleb128 0xb
 1140 009d 27       		.uleb128 0x27
 1141 009e 19       		.uleb128 0x19
 1142 009f 49       		.uleb128 0x49
 1143 00a0 13       		.uleb128 0x13
 1144 00a1 11       		.uleb128 0x11
 1145 00a2 01       		.uleb128 0x1
 1146 00a3 12       		.uleb128 0x12
 1147 00a4 06       		.uleb128 0x6
 1148 00a5 40       		.uleb128 0x40
 1149 00a6 18       		.uleb128 0x18
 1150 00a7 9642     		.uleb128 0x2116
 1151 00a9 19       		.uleb128 0x19
 1152 00aa 01       		.uleb128 0x1
 1153 00ab 13       		.uleb128 0x13
 1154 00ac 00       		.byte	0
 1155 00ad 00       		.byte	0
 1156 00ae 0C       		.uleb128 0xc
 1157 00af 34       		.uleb128 0x34
 1158 00b0 00       		.byte	0
 1159 00b1 03       		.uleb128 0x3
 1160 00b2 0E       		.uleb128 0xe
 1161 00b3 3A       		.uleb128 0x3a
 1162 00b4 0B       		.uleb128 0xb
 1163 00b5 3B       		.uleb128 0x3b
 1164 00b6 0B       		.uleb128 0xb
 1165 00b7 49       		.uleb128 0x49
 1166 00b8 13       		.uleb128 0x13
 1167 00b9 02       		.uleb128 0x2
 1168 00ba 18       		.uleb128 0x18
 1169 00bb 00       		.byte	0
 1170 00bc 00       		.byte	0
 1171 00bd 0D       		.uleb128 0xd
 1172 00be 2E       		.uleb128 0x2e
 1173 00bf 01       		.byte	0x1
 1174 00c0 3F       		.uleb128 0x3f
 1175 00c1 19       		.uleb128 0x19
 1176 00c2 03       		.uleb128 0x3
 1177 00c3 0E       		.uleb128 0xe
 1178 00c4 3A       		.uleb128 0x3a
 1179 00c5 0B       		.uleb128 0xb
 1180 00c6 3B       		.uleb128 0x3b
 1181 00c7 05       		.uleb128 0x5
 1182 00c8 27       		.uleb128 0x27
 1183 00c9 19       		.uleb128 0x19
 1184 00ca 11       		.uleb128 0x11
 1185 00cb 01       		.uleb128 0x1
ARM GAS  C:\Users\sergio\AppData\Local\Temp\cc9Uh5UG.s 			page 29


 1186 00cc 12       		.uleb128 0x12
 1187 00cd 06       		.uleb128 0x6
 1188 00ce 40       		.uleb128 0x40
 1189 00cf 18       		.uleb128 0x18
 1190 00d0 9642     		.uleb128 0x2116
 1191 00d2 19       		.uleb128 0x19
 1192 00d3 01       		.uleb128 0x1
 1193 00d4 13       		.uleb128 0x13
 1194 00d5 00       		.byte	0
 1195 00d6 00       		.byte	0
 1196 00d7 0E       		.uleb128 0xe
 1197 00d8 05       		.uleb128 0x5
 1198 00d9 00       		.byte	0
 1199 00da 03       		.uleb128 0x3
 1200 00db 0E       		.uleb128 0xe
 1201 00dc 3A       		.uleb128 0x3a
 1202 00dd 0B       		.uleb128 0xb
 1203 00de 3B       		.uleb128 0x3b
 1204 00df 05       		.uleb128 0x5
 1205 00e0 49       		.uleb128 0x49
 1206 00e1 13       		.uleb128 0x13
 1207 00e2 02       		.uleb128 0x2
 1208 00e3 18       		.uleb128 0x18
 1209 00e4 00       		.byte	0
 1210 00e5 00       		.byte	0
 1211 00e6 0F       		.uleb128 0xf
 1212 00e7 2E       		.uleb128 0x2e
 1213 00e8 00       		.byte	0
 1214 00e9 3F       		.uleb128 0x3f
 1215 00ea 19       		.uleb128 0x19
 1216 00eb 03       		.uleb128 0x3
 1217 00ec 0E       		.uleb128 0xe
 1218 00ed 3A       		.uleb128 0x3a
 1219 00ee 0B       		.uleb128 0xb
 1220 00ef 3B       		.uleb128 0x3b
 1221 00f0 05       		.uleb128 0x5
 1222 00f1 27       		.uleb128 0x27
 1223 00f2 19       		.uleb128 0x19
 1224 00f3 49       		.uleb128 0x49
 1225 00f4 13       		.uleb128 0x13
 1226 00f5 11       		.uleb128 0x11
 1227 00f6 01       		.uleb128 0x1
 1228 00f7 12       		.uleb128 0x12
 1229 00f8 06       		.uleb128 0x6
 1230 00f9 40       		.uleb128 0x40
 1231 00fa 18       		.uleb128 0x18
 1232 00fb 9742     		.uleb128 0x2117
 1233 00fd 19       		.uleb128 0x19
 1234 00fe 00       		.byte	0
 1235 00ff 00       		.byte	0
 1236 0100 10       		.uleb128 0x10
 1237 0101 2E       		.uleb128 0x2e
 1238 0102 00       		.byte	0
 1239 0103 3F       		.uleb128 0x3f
 1240 0104 19       		.uleb128 0x19
 1241 0105 03       		.uleb128 0x3
 1242 0106 0E       		.uleb128 0xe
ARM GAS  C:\Users\sergio\AppData\Local\Temp\cc9Uh5UG.s 			page 30


 1243 0107 3A       		.uleb128 0x3a
 1244 0108 0B       		.uleb128 0xb
 1245 0109 3B       		.uleb128 0x3b
 1246 010a 05       		.uleb128 0x5
 1247 010b 27       		.uleb128 0x27
 1248 010c 19       		.uleb128 0x19
 1249 010d 11       		.uleb128 0x11
 1250 010e 01       		.uleb128 0x1
 1251 010f 12       		.uleb128 0x12
 1252 0110 06       		.uleb128 0x6
 1253 0111 40       		.uleb128 0x40
 1254 0112 18       		.uleb128 0x18
 1255 0113 9742     		.uleb128 0x2117
 1256 0115 19       		.uleb128 0x19
 1257 0116 00       		.byte	0
 1258 0117 00       		.byte	0
 1259 0118 11       		.uleb128 0x11
 1260 0119 34       		.uleb128 0x34
 1261 011a 00       		.byte	0
 1262 011b 03       		.uleb128 0x3
 1263 011c 0E       		.uleb128 0xe
 1264 011d 3A       		.uleb128 0x3a
 1265 011e 0B       		.uleb128 0xb
 1266 011f 3B       		.uleb128 0x3b
 1267 0120 0B       		.uleb128 0xb
 1268 0121 49       		.uleb128 0x49
 1269 0122 13       		.uleb128 0x13
 1270 0123 3F       		.uleb128 0x3f
 1271 0124 19       		.uleb128 0x19
 1272 0125 02       		.uleb128 0x2
 1273 0126 18       		.uleb128 0x18
 1274 0127 00       		.byte	0
 1275 0128 00       		.byte	0
 1276 0129 00       		.byte	0
 1277              		.section	.debug_aranges,"",%progbits
 1278 0000 74000000 		.4byte	0x74
 1279 0004 0200     		.2byte	0x2
 1280 0006 00000000 		.4byte	.Ldebug_info0
 1281 000a 04       		.byte	0x4
 1282 000b 00       		.byte	0
 1283 000c 0000     		.2byte	0
 1284 000e 0000     		.2byte	0
 1285 0010 00000000 		.4byte	.LFB2
 1286 0014 1C000000 		.4byte	.LFE2-.LFB2
 1287 0018 00000000 		.4byte	.LFB3
 1288 001c 14000000 		.4byte	.LFE3-.LFB3
 1289 0020 00000000 		.4byte	.LFB4
 1290 0024 40000000 		.4byte	.LFE4-.LFB4
 1291 0028 00000000 		.4byte	.LFB5
 1292 002c 40000000 		.4byte	.LFE5-.LFB5
 1293 0030 00000000 		.4byte	.LFB6
 1294 0034 38000000 		.4byte	.LFE6-.LFB6
 1295 0038 00000000 		.4byte	.LFB7
 1296 003c 38000000 		.4byte	.LFE7-.LFB7
 1297 0040 00000000 		.4byte	.LFB8
 1298 0044 4C000000 		.4byte	.LFE8-.LFB8
 1299 0048 00000000 		.4byte	.LFB9
ARM GAS  C:\Users\sergio\AppData\Local\Temp\cc9Uh5UG.s 			page 31


 1300 004c 44000000 		.4byte	.LFE9-.LFB9
 1301 0050 00000000 		.4byte	.LFB10
 1302 0054 14000000 		.4byte	.LFE10-.LFB10
 1303 0058 00000000 		.4byte	.LFB11
 1304 005c 14000000 		.4byte	.LFE11-.LFB11
 1305 0060 00000000 		.4byte	.LFB12
 1306 0064 14000000 		.4byte	.LFE12-.LFB12
 1307 0068 00000000 		.4byte	.LFB13
 1308 006c 14000000 		.4byte	.LFE13-.LFB13
 1309 0070 00000000 		.4byte	0
 1310 0074 00000000 		.4byte	0
 1311              		.section	.debug_ranges,"",%progbits
 1312              	.Ldebug_ranges0:
 1313 0000 00000000 		.4byte	.LFB2
 1314 0004 1C000000 		.4byte	.LFE2
 1315 0008 00000000 		.4byte	.LFB3
 1316 000c 14000000 		.4byte	.LFE3
 1317 0010 00000000 		.4byte	.LFB4
 1318 0014 40000000 		.4byte	.LFE4
 1319 0018 00000000 		.4byte	.LFB5
 1320 001c 40000000 		.4byte	.LFE5
 1321 0020 00000000 		.4byte	.LFB6
 1322 0024 38000000 		.4byte	.LFE6
 1323 0028 00000000 		.4byte	.LFB7
 1324 002c 38000000 		.4byte	.LFE7
 1325 0030 00000000 		.4byte	.LFB8
 1326 0034 4C000000 		.4byte	.LFE8
 1327 0038 00000000 		.4byte	.LFB9
 1328 003c 44000000 		.4byte	.LFE9
 1329 0040 00000000 		.4byte	.LFB10
 1330 0044 14000000 		.4byte	.LFE10
 1331 0048 00000000 		.4byte	.LFB11
 1332 004c 14000000 		.4byte	.LFE11
 1333 0050 00000000 		.4byte	.LFB12
 1334 0054 14000000 		.4byte	.LFE12
 1335 0058 00000000 		.4byte	.LFB13
 1336 005c 14000000 		.4byte	.LFE13
 1337 0060 00000000 		.4byte	0
 1338 0064 00000000 		.4byte	0
 1339              		.section	.debug_line,"",%progbits
 1340              	.Ldebug_line0:
 1341 0000 43010000 		.section	.debug_str,"MS",%progbits,1
 1341      02004C00 
 1341      00000201 
 1341      FB0E0D00 
 1341      01010101 
 1342              	.LASF48:
 1343 0000 47656E65 		.ascii	"Generated_Source\\PSoC4\\I2C_1_I2C_SLAVE.c\000"
 1343      72617465 
 1343      645F536F 
 1343      75726365 
 1343      5C50536F 
 1344              	.LASF46:
 1345 0029 4932435F 		.ascii	"I2C_1_customAddressHandler\000"
 1345      315F6375 
 1345      73746F6D 
 1345      41646472 
ARM GAS  C:\Users\sergio\AppData\Local\Temp\cc9Uh5UG.s 			page 32


 1345      65737348 
 1346              	.LASF18:
 1347 0044 4932435F 		.ascii	"I2C_1_I2CSlaveClearWriteStatus\000"
 1347      315F4932 
 1347      43536C61 
 1347      7665436C 
 1347      65617257 
 1348              	.LASF42:
 1349 0063 4932435F 		.ascii	"I2C_1_slRdBufSize\000"
 1349      315F736C 
 1349      52644275 
 1349      6653697A 
 1349      6500
 1350              	.LASF25:
 1351 0075 4932435F 		.ascii	"I2C_1_I2CSlaveSetAddressMask\000"
 1351      315F4932 
 1351      43536C61 
 1351      76655365 
 1351      74416464 
 1352              	.LASF4:
 1353 0092 6C6F6E67 		.ascii	"long int\000"
 1353      20696E74 
 1353      00
 1354              	.LASF3:
 1355 009b 73686F72 		.ascii	"short unsigned int\000"
 1355      7420756E 
 1355      7369676E 
 1355      65642069 
 1355      6E7400
 1356              	.LASF34:
 1357 00ae 4932435F 		.ascii	"I2C_1_I2CSlaveGetWriteBufSize\000"
 1357      315F4932 
 1357      43536C61 
 1357      76654765 
 1357      74577269 
 1358              	.LASF8:
 1359 00cc 756E7369 		.ascii	"unsigned int\000"
 1359      676E6564 
 1359      20696E74 
 1359      00
 1360              	.LASF32:
 1361 00d9 4932435F 		.ascii	"I2C_1_I2CSlaveStatus\000"
 1361      315F4932 
 1361      43536C61 
 1361      76655374 
 1361      61747573 
 1362              	.LASF19:
 1363 00ee 73746174 		.ascii	"status\000"
 1363      757300
 1364              	.LASF17:
 1365 00f5 4932435F 		.ascii	"I2C_1_I2CSlaveClearReadStatus\000"
 1365      315F4932 
 1365      43536C61 
 1365      7665436C 
 1365      65617252 
 1366              	.LASF28:
 1367 0113 72644275 		.ascii	"rdBuf\000"
ARM GAS  C:\Users\sergio\AppData\Local\Temp\cc9Uh5UG.s 			page 33


 1367      6600
 1368              	.LASF21:
 1369 0119 4932435F 		.ascii	"I2C_1_I2CSlaveSetAddress\000"
 1369      315F4932 
 1369      43536C61 
 1369      76655365 
 1369      74416464 
 1370              	.LASF41:
 1371 0132 4932435F 		.ascii	"I2C_1_slRdBufPtr\000"
 1371      315F736C 
 1371      52644275 
 1371      66507472 
 1371      00
 1372              	.LASF11:
 1373 0143 666C6F61 		.ascii	"float\000"
 1373      7400
 1374              	.LASF35:
 1375 0149 4932435F 		.ascii	"I2C_1_I2CSlaveClearReadBuf\000"
 1375      315F4932 
 1375      43536C61 
 1375      7665436C 
 1375      65617252 
 1376              	.LASF1:
 1377 0164 756E7369 		.ascii	"unsigned char\000"
 1377      676E6564 
 1377      20636861 
 1377      7200
 1378              	.LASF5:
 1379 0172 6C6F6E67 		.ascii	"long unsigned int\000"
 1379      20756E73 
 1379      69676E65 
 1379      6420696E 
 1379      7400
 1380              	.LASF9:
 1381 0184 75696E74 		.ascii	"uint8\000"
 1381      3800
 1382              	.LASF47:
 1383 018a 474E5520 		.ascii	"GNU C11 5.4.1 20160609 (release) [ARM/embedded-5-br"
 1383      43313120 
 1383      352E342E 
 1383      31203230 
 1383      31363036 
 1384 01bd 616E6368 		.ascii	"anch revision 237715] -mcpu=cortex-m0 -mthumb -g -O"
 1384      20726576 
 1384      6973696F 
 1384      6E203233 
 1384      37373135 
 1385 01f0 30202D66 		.ascii	"0 -ffunction-sections -ffat-lto-objects\000"
 1385      66756E63 
 1385      74696F6E 
 1385      2D736563 
 1385      74696F6E 
 1386              	.LASF31:
 1387 0218 77724275 		.ascii	"wrBuf\000"
 1387      6600
 1388              	.LASF45:
 1389 021e 4932435F 		.ascii	"I2C_1_slOverFlowCount\000"
ARM GAS  C:\Users\sergio\AppData\Local\Temp\cc9Uh5UG.s 			page 34


 1389      315F736C 
 1389      4F766572 
 1389      466C6F77 
 1389      436F756E 
 1390              	.LASF39:
 1391 0234 4932435F 		.ascii	"I2C_1_slWrBufSize\000"
 1391      315F736C 
 1391      57724275 
 1391      6653697A 
 1391      6500
 1392              	.LASF13:
 1393 0246 63686172 		.ascii	"char\000"
 1393      00
 1394              	.LASF12:
 1395 024b 646F7562 		.ascii	"double\000"
 1395      6C6500
 1396              	.LASF38:
 1397 0252 4932435F 		.ascii	"I2C_1_slWrBufPtr\000"
 1397      315F736C 
 1397      57724275 
 1397      66507472 
 1397      00
 1398              	.LASF27:
 1399 0263 4932435F 		.ascii	"I2C_1_I2CSlaveInitReadBuf\000"
 1399      315F4932 
 1399      43536C61 
 1399      7665496E 
 1399      69745265 
 1400              	.LASF37:
 1401 027d 4932435F 		.ascii	"I2C_1_slStatus\000"
 1401      315F736C 
 1401      53746174 
 1401      757300
 1402              	.LASF40:
 1403 028c 4932435F 		.ascii	"I2C_1_slWrBufIndex\000"
 1403      315F736C 
 1403      57724275 
 1403      66496E64 
 1403      657800
 1404              	.LASF10:
 1405 029f 75696E74 		.ascii	"uint32\000"
 1405      333200
 1406              	.LASF49:
 1407 02a6 433A5C55 		.ascii	"C:\\Users\\sergio\\Documents\\PSoC Creator\\Thermos"
 1407      73657273 
 1407      5C736572 
 1407      67696F5C 
 1407      446F6375 
 1408 02d4 7461745F 		.ascii	"tat_test\\test.cydsn\000"
 1408      74657374 
 1408      5C746573 
 1408      742E6379 
 1408      64736E00 
 1409              	.LASF44:
 1410 02e8 4932435F 		.ascii	"I2C_1_slRdBufIndexTmp\000"
 1410      315F736C 
 1410      52644275 
ARM GAS  C:\Users\sergio\AppData\Local\Temp\cc9Uh5UG.s 			page 35


 1410      66496E64 
 1410      6578546D 
 1411              	.LASF23:
 1412 02fe 61646472 		.ascii	"address\000"
 1412      65737300 
 1413              	.LASF7:
 1414 0306 6C6F6E67 		.ascii	"long long unsigned int\000"
 1414      206C6F6E 
 1414      6720756E 
 1414      7369676E 
 1414      65642069 
 1415              	.LASF26:
 1416 031d 61646472 		.ascii	"addressMask\000"
 1416      6573734D 
 1416      61736B00 
 1417              	.LASF22:
 1418 0329 66756E63 		.ascii	"func\000"
 1418      00
 1419              	.LASF16:
 1420 032e 73697A65 		.ascii	"sizetype\000"
 1420      74797065 
 1420      00
 1421              	.LASF6:
 1422 0337 6C6F6E67 		.ascii	"long long int\000"
 1422      206C6F6E 
 1422      6720696E 
 1422      7400
 1423              	.LASF14:
 1424 0345 72656733 		.ascii	"reg32\000"
 1424      3200
 1425              	.LASF2:
 1426 034b 73686F72 		.ascii	"short int\000"
 1426      7420696E 
 1426      7400
 1427              	.LASF29:
 1428 0355 62756653 		.ascii	"bufSize\000"
 1428      697A6500 
 1429              	.LASF20:
 1430 035d 4932435F 		.ascii	"I2C_1_SetI2cAddressCustomInterruptHandler\000"
 1430      315F5365 
 1430      74493263 
 1430      41646472 
 1430      65737343 
 1431              	.LASF33:
 1432 0387 4932435F 		.ascii	"I2C_1_I2CSlaveGetReadBufSize\000"
 1432      315F4932 
 1432      43536C61 
 1432      76654765 
 1432      74526561 
 1433              	.LASF43:
 1434 03a4 4932435F 		.ascii	"I2C_1_slRdBufIndex\000"
 1434      315F736C 
 1434      52644275 
 1434      66496E64 
 1434      657800
 1435              	.LASF36:
 1436 03b7 4932435F 		.ascii	"I2C_1_I2CSlaveClearWriteBuf\000"
ARM GAS  C:\Users\sergio\AppData\Local\Temp\cc9Uh5UG.s 			page 36


 1436      315F4932 
 1436      43536C61 
 1436      7665436C 
 1436      65617257 
 1437              	.LASF24:
 1438 03d3 6D617463 		.ascii	"matchReg\000"
 1438      68526567 
 1438      00
 1439              	.LASF15:
 1440 03dc 6C6F6E67 		.ascii	"long double\000"
 1440      20646F75 
 1440      626C6500 
 1441              	.LASF0:
 1442 03e8 7369676E 		.ascii	"signed char\000"
 1442      65642063 
 1442      68617200 
 1443              	.LASF30:
 1444 03f4 4932435F 		.ascii	"I2C_1_I2CSlaveInitWriteBuf\000"
 1444      315F4932 
 1444      43536C61 
 1444      7665496E 
 1444      69745772 
 1445              		.ident	"GCC: (GNU Tools for ARM Embedded Processors) 5.4.1 20160609 (release) [ARM/embedded-5-bran
