Archive member included to satisfy reference by file (symbol)

.\CortexM0\ARM_GCC_541\Debug\test.a(I2C_1.o)
                              .\CortexM0\ARM_GCC_541\Debug\main.o (I2C_1_Start)
.\CortexM0\ARM_GCC_541\Debug\test.a(I2C_1_I2C.o)
                              .\CortexM0\ARM_GCC_541\Debug\test.a(I2C_1.o) (I2C_1_I2CInit)
.\CortexM0\ARM_GCC_541\Debug\test.a(I2C_1_PM.o)
                              .\CortexM0\ARM_GCC_541\Debug\main.o (I2C_1_Sleep)
.\CortexM0\ARM_GCC_541\Debug\test.a(I2C_1_I2C_MASTER.o)
                              .\CortexM0\ARM_GCC_541\Debug\test.a(I2C_1_I2C.o) (I2C_1_mstrStatus)
.\CortexM0\ARM_GCC_541\Debug\test.a(BLE_1.o)
                              .\CortexM0\ARM_GCC_541\Debug\main.o (CyBle_Start)
.\CortexM0\ARM_GCC_541\Debug\test.a(BLE_1_gatt.o)
                              .\CortexM0\ARM_GCC_541\Debug\main.o (cyBle_state)
.\CortexM0\ARM_GCC_541\Debug\test.a(BLE_1_eventHandler.o)
                              .\CortexM0\ARM_GCC_541\Debug\main.o (cyBle_connHandle)
.\CortexM0\ARM_GCC_541\Debug\test.a(BLE_1_custom.o)
                              .\CortexM0\ARM_GCC_541\Debug\test.a(BLE_1.o) (CyBle_CustomInit)
.\CortexM0\ARM_GCC_541\Debug\test.a(CyLib.o)
                              .\CortexM0\ARM_GCC_541\Debug\cyfitter_cfg.o (CySysClkWriteImoFreq)
.\CortexM0\ARM_GCC_541\Debug\test.a(CyLFClk.o)
                              .\CortexM0\ARM_GCC_541\Debug\cyfitter_cfg.o (CySysClkWcoStart)
.\CortexM0\ARM_GCC_541\Debug\test.a(GREEN.o)
                              .\CortexM0\ARM_GCC_541\Debug\main.o (GREEN_Write)
.\CortexM0\ARM_GCC_541\Debug\test.a(BLUE.o)
                              .\CortexM0\ARM_GCC_541\Debug\main.o (BLUE_Write)
.\CortexM0\ARM_GCC_541\Debug\test.a(RED.o)
                              .\CortexM0\ARM_GCC_541\Debug\main.o (RED_Write)
.\CortexM0\ARM_GCC_541\Debug\test.a(CEPIN.o)
                              .\CortexM0\ARM_GCC_541\Debug\main.o (CEPIN_Write)
.\CortexM0\ARM_GCC_541\Debug\test.a(MyUART.o)
                              .\CortexM0\ARM_GCC_541\Debug\main.o (MyUART_Start)
.\CortexM0\ARM_GCC_541\Debug\test.a(Comp_out.o)
                              .\CortexM0\ARM_GCC_541\Debug\main.o (Comp_out_Write)
.\CortexM0\ARM_GCC_541\Debug\test.a(HighF_out.o)
                              .\CortexM0\ARM_GCC_541\Debug\main.o (HighF_out_Write)
.\CortexM0\ARM_GCC_541\Debug\test.a(LowF_out.o)
                              .\CortexM0\ARM_GCC_541\Debug\main.o (LowF_out_Write)
.\CortexM0\ARM_GCC_541\Debug\test.a(RelayLF_1.o)
                              .\CortexM0\ARM_GCC_541\Debug\main.o (RelayLF_1_Write)
.\CortexM0\ARM_GCC_541\Debug\test.a(RelayHF_2.o)
                              .\CortexM0\ARM_GCC_541\Debug\main.o (RelayHF_2_Write)
.\CortexM0\ARM_GCC_541\Debug\test.a(RelayC_3.o)
                              .\CortexM0\ARM_GCC_541\Debug\main.o (RelayC_3_Write)
.\CortexM0\ARM_GCC_541\Debug\test.a(int_1.o)
                              .\CortexM0\ARM_GCC_541\Debug\main.o (int_1_StartEx)
.\CortexM0\ARM_GCC_541\Debug\test.a(MyADC.o)
                              .\CortexM0\ARM_GCC_541\Debug\main.o (MyADC_Start)
.\CortexM0\ARM_GCC_541\Debug\test.a(MyADC_INT.o)
                              .\CortexM0\ARM_GCC_541\Debug\test.a(MyADC.o) (MyADC_ISR)
.\CortexM0\ARM_GCC_541\Debug\test.a(AF.o)
                              .\CortexM0\ARM_GCC_541\Debug\main.o (AF_Read)
.\CortexM0\ARM_GCC_541\Debug\test.a(CyBootAsmGnu.o)
                              .\CortexM0\ARM_GCC_541\Debug\cyfitter_cfg.o (CyDelayCycles)
.\CortexM0\ARM_GCC_541\Debug\test.a(MyUART_AsmGnu.o)
                              .\CortexM0\ARM_GCC_541\Debug\test.a(MyUART.o) (MyUART_PutChar)
.\CortexM0\ARM_GCC_541\Debug\test.a(I2C_1_I2C_INT.o)
                              .\CortexM0\ARM_GCC_541\Debug\test.a(I2C_1_I2C.o) (I2C_1_I2C_ISR)
..\..\..\PSoC Creator\4.2\Downloads ( 4.2).cylib\BLE_v3_61\Library\gccCyBLEStack_BLE_SOC_PERIPHERAL.a(CyBle.o)
                              .\CortexM0\ARM_GCC_541\Debug\test.a(BLE_1_eventHandler.o) (CyBle_EnableDefaultDevicePrivacy)
..\..\..\PSoC Creator\4.2\Downloads ( 4.2).cylib\BLE_v3_61\Library\gccCyBLEStack_BLE_SOC_PERIPHERAL.a(CyBleStackMgrIP_Interface.o)
                              ..\..\..\PSoC Creator\4.2\Downloads ( 4.2).cylib\BLE_v3_61\Library\gccCyBLEStack_BLE_SOC_PERIPHERAL.a(CyBle.o) (CyBleStackMgr_Init)
..\..\..\PSoC Creator\4.2\Downloads ( 4.2).cylib\BLE_v3_61\Library\gccCyBLEStack_BLE_SOC_PERIPHERAL.a(BT_os.o)
                              ..\..\..\PSoC Creator\4.2\Downloads ( 4.2).cylib\BLE_v3_61\Library\gccCyBLEStack_BLE_SOC_PERIPHERAL.a(CyBleStackMgrIP_Interface.o) (cyBleStackMemoryConfig)
..\..\..\PSoC Creator\4.2\Downloads ( 4.2).cylib\BLE_v3_61\Library\gccCyBLEStack_BLE_SOC_PERIPHERAL.a(BT_timer.o)
                              ..\..\..\PSoC Creator\4.2\Downloads ( 4.2).cylib\BLE_v3_61\Library\gccCyBLEStack_BLE_SOC_PERIPHERAL.a(CyBleStackMgrIP_Interface.o) (timer_init)
[...]
Memory Configuration

Name             Origin             Length             Attributes
rom              0x00000000         0x00020000         xr
ram              0x20000000         0x00004000         xrw
*default*        0x00000000         0xffffffff

Linker script and memory map

LOAD c:/program files (x86)/cypress/psoc creator/4.2/psoc creator/import/gnu/arm/5.4.1/bin/../lib/gcc/arm-none-eabi/5.4.1/armv6-m/crti.o
LOAD c:/program files (x86)/cypress/psoc creator/4.2/psoc creator/import/gnu/arm/5.4.1/bin/../lib/gcc/arm-none-eabi/5.4.1/armv6-m/crtbegin.o
LOAD c:/program files (x86)/cypress/psoc creator/4.2/psoc creator/import/gnu/arm/5.4.1/bin/../lib/gcc/arm-none-eabi/5.4.1/../../../../arm-none-eabi/lib/armv6-m/crt0.o
START GROUP
LOAD .\CortexM0\ARM_GCC_541\Debug\main.o
LOAD .\CortexM0\ARM_GCC_541\Debug\cyfitter_cfg.o
LOAD .\CortexM0\ARM_GCC_541\Debug\cymetadata.o
LOAD .\CortexM0\ARM_GCC_541\Debug\Cm0Start.o
LOAD .\CortexM0\ARM_GCC_541\Debug\test.a
LOAD ..\..\..\PSoC Creator\4.2\Downloads ( 4.2).cylib\BLE_v3_61\Library\gccCyBLEStack_BLE_SOC_PERIPHERAL.a
END GROUP
START GROUP
LOAD c:/program files (x86)/cypress/psoc creator/4.2/psoc creator/import/gnu/arm/5.4.1/bin/../lib/gcc/arm-none-eabi/5.4.1/armv6-m\libgcc.a
LOAD c:/program files (x86)/cypress/psoc creator/4.2/psoc creator/import/gnu/arm/5.4.1/bin/../lib/gcc/arm-none-eabi/5.4.1/../../../../arm-none-eabi/lib/armv6-m\libg_nano.a
LOAD c:/program files (x86)/cypress/psoc creator/4.2/psoc creator/import/gnu/arm/5.4.1/bin/../lib/gcc/arm-none-eabi/5.4.1/../../../../arm-none-eabi/lib/armv6-m\libc_nano.a
END GROUP
START GROUP
LOAD c:/program files (x86)/cypress/psoc creator/4.2/psoc creator/import/gnu/arm/5.4.1/bin/../lib/gcc/arm-none-eabi/5.4.1/armv6-m\libgcc.a
LOAD c:/program files (x86)/cypress/psoc creator/4.2/psoc creator/import/gnu/arm/5.4.1/bin/../lib/gcc/arm-none-eabi/5.4.1/../../../../arm-none-eabi/lib/armv6-m\libc_nano.a
END GROUP
LOAD c:/program files (x86)/cypress/psoc creator/4.2/psoc creator/import/gnu/arm/5.4.1/bin/../lib/gcc/arm-none-eabi/5.4.1/armv6-m/crtend.o
LOAD c:/program files (x86)/cypress/psoc creator/4.2/psoc creator/import/gnu/arm/5.4.1/bin/../lib/gcc/arm-none-eabi/5.4.1/armv6-m/crtn.o
START GROUP
LOAD c:/program files (x86)/cypress/psoc creator/4.2/psoc creator/import/gnu/arm/5.4.1/bin/../lib/gcc/arm-none-eabi/5.4.1/armv6-m\libgcc.a
LOAD c:/program files (x86)/cypress/psoc creator/4.2/psoc creator/import/gnu/arm/5.4.1/bin/../lib/gcc/arm-none-eabi/5.4.1/../../../../arm-none-eabi/lib/armv6-m\libc.a
LOAD c:/program files (x86)/cypress/psoc creator/4.2/psoc creator/import/gnu/arm/5.4.1/bin/../lib/gcc/arm-none-eabi/5.4.1/../../../../arm-none-eabi/lib/armv6-m\libnosys.a
END GROUP
                0x00000000                CY_APPL_ORIGIN = 0x0
                0x00000080                CY_FLASH_ROW_SIZE = 0x80
                0x00000001                CY_APPL_NUM = 0x1
                0x00000001                CY_APPL_MAX = 0x1
                0x00000040                CY_METADATA_SIZE = 0x40
                0x00000000                CY_APPL_LOADABLE = 0x0
                0x00000000                CY_CHECKSUM_EXCLUDE_SIZE = ALIGN (0x0, CY_FLASH_ROW_SIZE)
                0x00000000                CY_APP_FOR_STACK_AND_COPIER = 0x0
                [!provide]                PROVIDE (__cy_heap_start, _end)
                0x00000001                PROVIDE (__cy_region_num, ((__cy_regions_end - __cy_regions) / 0x10))
                0x20004000                PROVIDE (__cy_stack, (ORIGIN (ram) + LENGTH (ram)))
                [!provide]                PROVIDE (__cy_heap_end, (__cy_stack - 0x800))

.cybootloader   0x00000000        0x0
 *(.cybootloader)
                0x00000000                appl1_start = CY_APPL_ORIGIN?CY_APPL_ORIGIN:ALIGN (CY_FLASH_ROW_SIZE)
                0x0000ff80                appl2_start = (appl1_start + ALIGN ((((LENGTH (rom) - appl1_start) - (0x2 * CY_FLASH_ROW_SIZE)) / 0x2), CY_FLASH_ROW_SIZE))
                0x00000000                appl_start = (CY_APPL_NUM == 0x1)?appl1_start:appl2_start
                0x00000001                cy_project_type_bootloader = (appl_start == 0x0)?0x1:0x0
                0x00000000                cy_project_type_app_for_stack_and_copier = (CY_APP_FOR_STACK_AND_COPIER == 0x1)?0x1:0x0

.text           0x00000000     0x4ab2
 CREATE_OBJECT_SYMBOLS
                0x00000000                PROVIDE (__cy_interrupt_vector, RomVectors)
 *(.romvectors)
 .romvectors    0x00000000       0x10 .\CortexM0\ARM_GCC_541\Debug\Cm0Start.o
                0x00000000                RomVectors
                0x00000001                ASSERT ((. != __cy_interrupt_vector), No interrupt vector)
                0x00000001                ASSERT (CY_APPL_ORIGIN?(SIZEOF (.cybootloader) <= CY_APPL_ORIGIN):0x1, Wrong image location)
                0x00000010                PROVIDE (__cy_reset, Reset)
 *(.text.Reset)
 .text.Reset    0x00000010        0x8 .\CortexM0\ARM_GCC_541\Debug\Cm0Start.o
                0x00000010                Reset
                0x00000001                ASSERT ((. != __cy_reset), No reset code)
 *(.psocinit)
 .psocinit      0x00000018      0x274 .\CortexM0\ARM_GCC_541\Debug\cyfitter_cfg.o
                0x00000138                cyfitter_cfg
                0x0000028c                . = MAX (., 0x100)
 *(.text .text.* .gnu.linkonce.t.*)
 .text          0x0000028c       0x60 c:/program files (x86)/cypress/psoc creator/4.2/psoc creator/import/gnu/arm/5.4.1/bin/../lib/gcc/arm-none-eabi/5.4.1/armv6-m/crtbegin.o
 .text.updateThermostatData
                0x000002ec       0x78 .\CortexM0\ARM_GCC_541\Debug\main.o
                0x000002ec                updateThermostatData
 .text.bleStack
                0x00000364      0x17c .\CortexM0\ARM_GCC_541\Debug\main.o
                0x00000364                bleStack
 .text.send_Thermo_to_phone
                0x000004e0       0x74 .\CortexM0\ARM_GCC_541\Debug\main.o
                0x000004e0                send_Thermo_to_phone
 .text.SendDataNotify
                0x00000554       0x98 .\CortexM0\ARM_GCC_541\Debug\main.o
                0x00000554                SendDataNotify
 .text.updateNotificationCCCD
                0x000005ec       0x58 .\CortexM0\ARM_GCC_541\Debug\main.o
                0x000005ec                updateNotificationCCCD
 .text.initialized_input_gpioExp
                0x00000644       0x2c .\CortexM0\ARM_GCC_541\Debug\main.o
                0x00000644                initialized_input_gpioExp
 .text.configure_temperature_sensor2
                0x00000670       0x4c .\CortexM0\ARM_GCC_541\Debug\main.o
                0x00000670                configure_temperature_sensor2
 .text.configure_temperature_sensor1
                0x000006bc       0x4c .\CortexM0\ARM_GCC_541\Debug\main.o
                0x000006bc                configure_temperature_sensor1
 .text.auto_calibrate_gain
                0x00000708      0x178 .\CortexM0\ARM_GCC_541\Debug\main.o
                0x00000708                auto_calibrate_gain
 .text.read_power_chips
                0x00000880      0x1f0 .\CortexM0\ARM_GCC_541\Debug\main.o
                0x00000880                read_power_chips
 .text.my_interrupt
                0x00000a70       0x20 .\CortexM0\ARM_GCC_541\Debug\main.o
                0x00000a70                my_interrupt
 .text.main     0x00000a90      0xa8c .\CortexM0\ARM_GCC_541\Debug\main.o
                0x00000a90                main
 .text.CYMEMZERO
                0x0000151c       0x20 .\CortexM0\ARM_GCC_541\Debug\cyfitter_cfg.o
 .text.AnalogSetDefault
                0x0000153c       0x44 .\CortexM0\ARM_GCC_541\Debug\cyfitter_cfg.o
 .text.SetAnalogRoutingPumps
                0x00001580       0x40 .\CortexM0\ARM_GCC_541\Debug\cyfitter_cfg.o
                0x00001580                SetAnalogRoutingPumps
 .text.IntDefaultHandler
                0x000015c0       0x14 .\CortexM0\ARM_GCC_541\Debug\Cm0Start.o
                0x000015c0                IntDefaultHandler
 .text._sbrk    0x000015d4       0x50 .\CortexM0\ARM_GCC_541\Debug\Cm0Start.o
                0x000015d4                _sbrk
 .text.Start_c  0x00001624       0x98 .\CortexM0\ARM_GCC_541\Debug\Cm0Start.o
                0x00001624                Start_c
 .text.initialize_psoc
                0x000016bc       0x70 .\CortexM0\ARM_GCC_541\Debug\Cm0Start.o
                0x000016bc                initialize_psoc
 .text.I2C_1_Init
                0x0000172c       0x10 .\CortexM0\ARM_GCC_541\Debug\test.a(I2C_1.o)
                0x0000172c                I2C_1_Init
 .text.I2C_1_Enable
                0x0000173c       0x24 .\CortexM0\ARM_GCC_541\Debug\test.a(I2C_1.o)
                0x0000173c                I2C_1_Enable
 .text.I2C_1_Start
                0x00001760       0x24 .\CortexM0\ARM_GCC_541\Debug\test.a(I2C_1.o)
                0x00001760                I2C_1_Start
 .text.I2C_1_Stop
                0x00001784       0x34 .\CortexM0\ARM_GCC_541\Debug\test.a(I2C_1.o)
                0x00001784                I2C_1_Stop
 .text.I2C_1_ScbEnableIntr
                0x000017b8       0x10 .\CortexM0\ARM_GCC_541\Debug\test.a(I2C_1.o)
 .text.I2C_1_ScbModePostEnable
                0x000017c8        0xc .\CortexM0\ARM_GCC_541\Debug\test.a(I2C_1.o)
 .text.I2C_1_ScbModeStop
                0x000017d4       0x10 .\CortexM0\ARM_GCC_541\Debug\test.a(I2C_1.o)
 .text.I2C_1_I2CInit
                0x000017e4       0xdc .\CortexM0\ARM_GCC_541\Debug\test.a(I2C_1_I2C.o)
                0x000017e4                I2C_1_I2CInit
 .text.I2C_1_I2CStop
                0x000018c0       0x28 .\CortexM0\ARM_GCC_541\Debug\test.a(I2C_1_I2C.o)
                0x000018c0                I2C_1_I2CStop
 .text.I2C_1_I2CFwBlockReset
                0x000018e8       0x70 .\CortexM0\ARM_GCC_541\Debug\test.a(I2C_1_I2C.o)
                0x000018e8                I2C_1_I2CFwBlockReset
 .text.I2C_1_Sleep
                0x00001958       0x2c .\CortexM0\ARM_GCC_541\Debug\test.a(I2C_1_PM.o)
                0x00001958                I2C_1_Sleep
 .text.I2C_1_Wakeup
                0x00001984       0x1c .\CortexM0\ARM_GCC_541\Debug\test.a(I2C_1_PM.o)
                0x00001984                I2C_1_Wakeup
 .text.I2C_1_I2CMasterSendStart
                0x000019a0       0xf4 .\CortexM0\ARM_GCC_541\Debug\test.a(I2C_1_I2C_MASTER.o)
                0x000019a0                I2C_1_I2CMasterSendStart
 .text.I2C_1_I2CMasterSendRestart
                0x00001a94       0xa0 .\CortexM0\ARM_GCC_541\Debug\test.a(I2C_1_I2C_MASTER.o)
                0x00001a94                I2C_1_I2CMasterSendRestart
 .text.I2C_1_I2CMasterSendStop
                0x00001b34       0x84 .\CortexM0\ARM_GCC_541\Debug\test.a(I2C_1_I2C_MASTER.o)
                0x00001b34                I2C_1_I2CMasterSendStop
 .text.I2C_1_I2CMasterWriteByte
                0x00001bb8       0x74 .\CortexM0\ARM_GCC_541\Debug\test.a(I2C_1_I2C_MASTER.o)
                0x00001bb8                I2C_1_I2CMasterWriteByte
 .text.I2C_1_I2CMasterReadByte
                0x00001c2c       0xb4 .\CortexM0\ARM_GCC_541\Debug\test.a(I2C_1_I2C_MASTER.o)
                0x00001c2c                I2C_1_I2CMasterReadByte
 .text.I2C_1_I2CMasterStatus
                0x00001ce0       0x44 .\CortexM0\ARM_GCC_541\Debug\test.a(I2C_1_I2C_MASTER.o)
                0x00001ce0                I2C_1_I2CMasterStatus
 .text.I2C_1_I2CReStartGeneration
                0x00001d24       0x38 .\CortexM0\ARM_GCC_541\Debug\test.a(I2C_1_I2C_MASTER.o)
                0x00001d24                I2C_1_I2CReStartGeneration
 .text.I2C_1_I2CMasterHandleStatus
                0x00001d5c      0x104 .\CortexM0\ARM_GCC_541\Debug\test.a(I2C_1_I2C_MASTER.o)
 .text.I2C_1_I2CMasterWaitOneUnit
                0x00001e60       0x4c .\CortexM0\ARM_GCC_541\Debug\test.a(I2C_1_I2C_MASTER.o)
 .text.CyBle_Init
                0x00001eac       0x40 .\CortexM0\ARM_GCC_541\Debug\test.a(BLE_1.o)
                0x00001eac                CyBle_Init
 .text.CyBle_ServiceInit
                0x00001eec       0x10 .\CortexM0\ARM_GCC_541\Debug\test.a(BLE_1.o)
                0x00001eec                CyBle_ServiceInit
 .text.CyBle_Start
                0x00001efc      0x130 .\CortexM0\ARM_GCC_541\Debug\test.a(BLE_1.o)
                0x00001efc                CyBle_Start
 .text.CyBle_GappStartAdvertisement
                0x0000202c       0xd4 .\CortexM0\ARM_GCC_541\Debug\test.a(BLE_1.o)
                0x0000202c                CyBle_GappStartAdvertisement
 .text.CyBle_GappStopAdvertisement
                0x00002100       0x24 .\CortexM0\ARM_GCC_541\Debug\test.a(BLE_1.o)
                0x00002100                CyBle_GappStopAdvertisement
 .text.CyBle_ChangeAdDeviceAddress
                0x00002124       0x64 .\CortexM0\ARM_GCC_541\Debug\test.a(BLE_1.o)
                0x00002124                CyBle_ChangeAdDeviceAddress
 .text.CyBle_Get16ByPtr
                0x00002188       0x28 .\CortexM0\ARM_GCC_541\Debug\test.a(BLE_1.o)
                0x00002188                CyBle_Get16ByPtr
 .text.CyBle_GattsWriteEventHandler
                0x000021b0       0x98 .\CortexM0\ARM_GCC_541\Debug\test.a(BLE_1_gatt.o)
                0x000021b0                CyBle_GattsWriteEventHandler
 .text.CyBle_WriteReqHandler
                0x00002248       0x74 .\CortexM0\ARM_GCC_541\Debug\test.a(BLE_1_eventHandler.o)
 .text.CyBle_ValueConfirmation
                0x000022bc       0x10 .\CortexM0\ARM_GCC_541\Debug\test.a(BLE_1_eventHandler.o)
 .text.CyBle_GattDisconnectEventHandler
                0x000022cc       0x1c .\CortexM0\ARM_GCC_541\Debug\test.a(BLE_1_eventHandler.o)
 .text.CyBle_TimeOutEventHandler
                0x000022e8       0x10 .\CortexM0\ARM_GCC_541\Debug\test.a(BLE_1_eventHandler.o)
 .text.CyBle_GattConnectReqHandler
                0x000022f8        0xc .\CortexM0\ARM_GCC_541\Debug\test.a(BLE_1_eventHandler.o)
 .text.CyBle_IsDeviceAddressValid
                0x00002304       0x60 .\CortexM0\ARM_GCC_541\Debug\test.a(BLE_1_eventHandler.o)
                0x00002304                CyBle_IsDeviceAddressValid
 .text.CyBle_L2Cap_ConnParamUpdateRspEventHandler
                0x00002364       0x14 .\CortexM0\ARM_GCC_541\Debug\test.a(BLE_1_eventHandler.o)
 .text.CyBle_GapConnUpdateCompleteEventHandler
                0x00002378       0x10 .\CortexM0\ARM_GCC_541\Debug\test.a(BLE_1_eventHandler.o)
 .text.CyBle_EventHandler
                0x00002388      0x464 .\CortexM0\ARM_GCC_541\Debug\test.a(BLE_1_eventHandler.o)
                0x00002388                CyBle_EventHandler
 .text.CyBle_CustomInit
                0x000027ec        0xc .\CortexM0\ARM_GCC_541\Debug\test.a(BLE_1_custom.o)
                0x000027ec                CyBle_CustomInit
 .text.CySysClkWriteImoFreq
                0x000027f8       0x9c .\CortexM0\ARM_GCC_541\Debug\test.a(CyLib.o)
                0x000027f8                CySysClkWriteImoFreq
 .text.CySysClkEcoStart
                0x00002894       0x74 .\CortexM0\ARM_GCC_541\Debug\test.a(CyLib.o)
                0x00002894                CySysClkEcoStart
 .text.CySysClkEcoReadStatus
                0x00002908       0x20 .\CortexM0\ARM_GCC_541\Debug\test.a(CyLib.o)
                0x00002908                CySysClkEcoReadStatus
 .text.CyIntSetVector
                0x00002928       0x4c .\CortexM0\ARM_GCC_541\Debug\test.a(CyLib.o)
                0x00002928                CyIntSetVector
 .text.CyIntSetPriority
                0x00002974       0xa8 .\CortexM0\ARM_GCC_541\Debug\test.a(CyLib.o)
                0x00002974                CyIntSetPriority
 .text.CyIntEnable
                0x00002a1c       0x2c .\CortexM0\ARM_GCC_541\Debug\test.a(CyLib.o)
                0x00002a1c                CyIntEnable
 .text.CyIntDisable
                0x00002a48       0x2c .\CortexM0\ARM_GCC_541\Debug\test.a(CyLib.o)
                0x00002a48                CyIntDisable
 .text.CyIntClearPending
                0x00002a74       0x2c .\CortexM0\ARM_GCC_541\Debug\test.a(CyLib.o)
                0x00002a74                CyIntClearPending
 .text.CyHalt   0x00002aa0       0x18 .\CortexM0\ARM_GCC_541\Debug\test.a(CyLib.o)
                0x00002aa0                CyHalt
 .text.CyDelay  0x00002ab8       0x4c .\CortexM0\ARM_GCC_541\Debug\test.a(CyLib.o)
                0x00002ab8                CyDelay
 .text.CyDelayUs
                0x00002b04       0x28 .\CortexM0\ARM_GCC_541\Debug\test.a(CyLib.o)
                0x00002b04                CyDelayUs
 .text.CySysClkWcoSetHighPowerMode
                0x00002b2c       0x4c .\CortexM0\ARM_GCC_541\Debug\test.a(CyLFClk.o)
 .text.CySysClkWcoSetLowPowerMode
                0x00002b78       0x4c .\CortexM0\ARM_GCC_541\Debug\test.a(CyLFClk.o)
 .text.CySysClkWcoStart
                0x00002bc4       0x20 .\CortexM0\ARM_GCC_541\Debug\test.a(CyLFClk.o)
                0x00002bc4                CySysClkWcoStart
 .text.CySysClkWcoSetPowerMode
                0x00002be4       0x40 .\CortexM0\ARM_GCC_541\Debug\test.a(CyLFClk.o)
                0x00002be4                CySysClkWcoSetPowerMode
 .text.CySysWdtLock
                0x00002c24       0x34 .\CortexM0\ARM_GCC_541\Debug\test.a(CyLFClk.o)
                0x00002c24                CySysWdtLock
 .text.CySysWdtLocked
                0x00002c58       0x20 .\CortexM0\ARM_GCC_541\Debug\test.a(CyLFClk.o)
 .text.CySysWdtUnlock
                0x00002c78       0x50 .\CortexM0\ARM_GCC_541\Debug\test.a(CyLFClk.o)
                0x00002c78                CySysWdtUnlock
 .text.CySysWdtGetEnabledStatus
                0x00002cc8       0x34 .\CortexM0\ARM_GCC_541\Debug\test.a(CyLFClk.o)
                0x00002cc8                CySysWdtGetEnabledStatus
 .text.CySysWdtEnable
                0x00002cfc       0x60 .\CortexM0\ARM_GCC_541\Debug\test.a(CyLFClk.o)
                0x00002cfc                CySysWdtEnable
 .text.CySysWdtClearInterrupt
                0x00002d5c       0x70 .\CortexM0\ARM_GCC_541\Debug\test.a(CyLFClk.o)
                0x00002d5c                CySysWdtClearInterrupt
 .text.GREEN_Write
                0x00002dcc       0x48 .\CortexM0\ARM_GCC_541\Debug\test.a(GREEN.o)
                0x00002dcc                GREEN_Write
 .text.BLUE_Write
                0x00002e14       0x4c .\CortexM0\ARM_GCC_541\Debug\test.a(BLUE.o)
                0x00002e14                BLUE_Write
 .text.BLUE_Read
                0x00002e60       0x1c .\CortexM0\ARM_GCC_541\Debug\test.a(BLUE.o)
                0x00002e60                BLUE_Read
 .text.RED_Write
                0x00002e7c       0x50 .\CortexM0\ARM_GCC_541\Debug\test.a(RED.o)
                0x00002e7c                RED_Write
 .text.RED_Read
                0x00002ecc       0x1c .\CortexM0\ARM_GCC_541\Debug\test.a(RED.o)
                0x00002ecc                RED_Read
 .text.CEPIN_Write
                0x00002ee8       0x50 .\CortexM0\ARM_GCC_541\Debug\test.a(CEPIN.o)
                0x00002ee8                CEPIN_Write
 .text.MyUART_Start
                0x00002f38        0xc .\CortexM0\ARM_GCC_541\Debug\test.a(MyUART.o)
                0x00002f38                MyUART_Start
 .text.MyUART_PutString
                0x00002f44       0x5c .\CortexM0\ARM_GCC_541\Debug\test.a(MyUART.o)
                0x00002f44                MyUART_PutString
 .text.Comp_out_Write
                0x00002fa0       0x50 .\CortexM0\ARM_GCC_541\Debug\test.a(Comp_out.o)
                0x00002fa0                Comp_out_Write
 .text.HighF_out_Write
                0x00002ff0       0x50 .\CortexM0\ARM_GCC_541\Debug\test.a(HighF_out.o)
                0x00002ff0                HighF_out_Write
 .text.LowF_out_Write
                0x00003040       0x50 .\CortexM0\ARM_GCC_541\Debug\test.a(LowF_out.o)
                0x00003040                LowF_out_Write
 .text.RelayLF_1_Write
                0x00003090       0x50 .\CortexM0\ARM_GCC_541\Debug\test.a(RelayLF_1.o)
                0x00003090                RelayLF_1_Write
 .text.RelayHF_2_Write
                0x000030e0       0x50 .\CortexM0\ARM_GCC_541\Debug\test.a(RelayHF_2.o)
                0x000030e0                RelayHF_2_Write
 .text.RelayC_3_Write
                0x00003130       0x50 .\CortexM0\ARM_GCC_541\Debug\test.a(RelayC_3.o)
                0x00003130                RelayC_3_Write
 .text.int_1_StartEx
                0x00003180       0x28 .\CortexM0\ARM_GCC_541\Debug\test.a(int_1.o)
                0x00003180                int_1_StartEx
 .text.int_1_SetVector
                0x000031a8       0x1c .\CortexM0\ARM_GCC_541\Debug\test.a(int_1.o)
                0x000031a8                int_1_SetVector
 .text.int_1_SetPriority
                0x000031c4       0x50 .\CortexM0\ARM_GCC_541\Debug\test.a(int_1.o)
                0x000031c4                int_1_SetPriority
 .text.int_1_Enable
                0x00003214       0x18 .\CortexM0\ARM_GCC_541\Debug\test.a(int_1.o)
                0x00003214                int_1_Enable
 .text.int_1_Disable
                0x0000322c       0x18 .\CortexM0\ARM_GCC_541\Debug\test.a(int_1.o)
                0x0000322c                int_1_Disable
 .text.MyADC_Start
                0x00003244       0x24 .\CortexM0\ARM_GCC_541\Debug\test.a(MyADC.o)
                0x00003244                MyADC_Start
 .text.MyADC_Init
                0x00003268      0x1d8 .\CortexM0\ARM_GCC_541\Debug\test.a(MyADC.o)
                0x00003268                MyADC_Init
 .text.MyADC_Enable
                0x00003440       0x38 .\CortexM0\ARM_GCC_541\Debug\test.a(MyADC.o)
                0x00003440                MyADC_Enable
 .text.MyADC_StartConvert
                0x00003478       0x1c .\CortexM0\ARM_GCC_541\Debug\test.a(MyADC.o)
                0x00003478                MyADC_StartConvert
 .text.MyADC_IsEndConversion
                0x00003494       0x48 .\CortexM0\ARM_GCC_541\Debug\test.a(MyADC.o)
                0x00003494                MyADC_IsEndConversion
 .text.MyADC_GetResult16
                0x000034dc       0x44 .\CortexM0\ARM_GCC_541\Debug\test.a(MyADC.o)
                0x000034dc                MyADC_GetResult16
 .text.MyADC_ISR
                0x00003520       0x20 .\CortexM0\ARM_GCC_541\Debug\test.a(MyADC_INT.o)
                0x00003520                MyADC_ISR
 .text          0x00003540       0x20 .\CortexM0\ARM_GCC_541\Debug\test.a(CyBootAsmGnu.o)
                0x00003540                CyDelayCycles
                0x00003552                CyEnterCriticalSection
                0x0000355a                CyExitCriticalSection
 .text          0x00003560       0xd4 .\CortexM0\ARM_GCC_541\Debug\test.a(MyUART_AsmGnu.o)
                0x00003560                MyUART_PutChar
 .text.I2C_1_I2C_ISR
                0x00003634      0x454 .\CortexM0\ARM_GCC_541\Debug\test.a(I2C_1_I2C_INT.o)
                0x00003634                I2C_1_I2C_ISR
 .text.CyBLE_Bless_LlRegWrite
                0x00003a88       0x20 .\CortexM0\ARM_GCC_541\Debug\test.a(BLE_1_HAL_PVT.o)
                0x00003a88                CyBLE_Bless_LlRegWrite
 .text.CyBLE_Bless_RfRegWrite
                0x00003aa8       0x20 .\CortexM0\ARM_GCC_541\Debug\test.a(BLE_1_HAL_PVT.o)
                0x00003aa8                CyBLE_Bless_RfRegWrite
 .text.CyBLE_BlessDeviceConfig
                0x00003ac8      0x194 .\CortexM0\ARM_GCC_541\Debug\test.a(BLE_1_HAL_PVT.o)
                0x00003ac8                CyBLE_BlessDeviceConfig
 .text.CyBleHal_DelayUs
                0x00003c5c       0x20 .\CortexM0\ARM_GCC_541\Debug\test.a(BLE_1_HAL_PVT.o)
                0x00003c5c                CyBleHal_DelayUs
 .text.CyBleHal_DelayMs
                0x00003c7c       0x18 .\CortexM0\ARM_GCC_541\Debug\test.a(BLE_1_HAL_PVT.o)
                0x00003c7c                CyBleHal_DelayMs
 .text.CyBleHal_EnableGlobalInterrupts
                0x00003c94       0x10 .\CortexM0\ARM_GCC_541\Debug\test.a(BLE_1_HAL_PVT.o)
                0x00003c94                CyBleHal_EnableGlobalInterrupts
 .text.CyBleHal_DisableGlobalInterrupts
                0x00003ca4       0x10 .\CortexM0\ARM_GCC_541\Debug\test.a(BLE_1_HAL_PVT.o)
                0x00003ca4                CyBleHal_DisableGlobalInterrupts
 .text.CyBle_HalInit
                0x00003cb4       0x20 .\CortexM0\ARM_GCC_541\Debug\test.a(BLE_1_HAL_PVT.o)
                0x00003cb4                CyBle_HalInit
 .text.CYBLE_BlessStart
                0x00003cd4       0x18 .\CortexM0\ARM_GCC_541\Debug\test.a(BLE_1_HAL_PVT.o)
                0x00003cd4                CYBLE_BlessStart
 .text.CyBLE_GetIpBlockVersion
                0x00003cec       0x10 .\CortexM0\ARM_GCC_541\Debug\test.a(BLE_1_HAL_PVT.o)
                0x00003cec                CyBLE_GetIpBlockVersion
 .text.CyBle_Hal_pairing_local_public_key_handler
                0x00003cfc       0x14 .\CortexM0\ARM_GCC_541\Debug\test.a(BLE_1_HAL_PVT.o)
                0x00003cfc                CyBle_Hal_pairing_local_public_key_handler
 .text.CyBle_Hal_pairing_remote_key_handler
                0x00003d10       0x14 .\CortexM0\ARM_GCC_541\Debug\test.a(BLE_1_HAL_PVT.o)
                0x00003d10                CyBle_Hal_pairing_remote_key_handler
 .text.CyBle_Hal_pairing_dhkey_handler
                0x00003d24       0x14 .\CortexM0\ARM_GCC_541\Debug\test.a(BLE_1_HAL_PVT.o)
                0x00003d24                CyBle_Hal_pairing_dhkey_handler
 .text.CyBle_Hal_pairing_dhkey_check_handler
                0x00003d38       0x14 .\CortexM0\ARM_GCC_541\Debug\test.a(BLE_1_HAL_PVT.o)
                0x00003d38                CyBle_Hal_pairing_dhkey_check_handler
 .text.CyBle_Hal_pairing_keypress_notification_handler
                0x00003d4c       0x14 .\CortexM0\ARM_GCC_541\Debug\test.a(BLE_1_HAL_PVT.o)
                0x00003d4c                CyBle_Hal_pairing_keypress_notification_handler
 .text.CyBle_Hal_pairing_rand_handler
                0x00003d60       0x14 .\CortexM0\ARM_GCC_541\Debug\test.a(BLE_1_HAL_PVT.o)
                0x00003d60                CyBle_Hal_pairing_rand_handler
 .text.CyBle_Hal_pairing_confirm_handler
                0x00003d74       0x14 .\CortexM0\ARM_GCC_541\Debug\test.a(BLE_1_HAL_PVT.o)
                0x00003d74                CyBle_Hal_pairing_confirm_handler
 .text.CyBle_Hal_pairing_lr_confirming_handler
                0x00003d88       0x14 .\CortexM0\ARM_GCC_541\Debug\test.a(BLE_1_HAL_PVT.o)
                0x00003d88                CyBle_Hal_pairing_lr_confirming_handler
 .text.CyBle_Hal_pairing_sc_tbx_local_pubkey_generate_complete
                0x00003d9c        0xc .\CortexM0\ARM_GCC_541\Debug\test.a(BLE_1_HAL_PVT.o)
                0x00003d9c                CyBle_Hal_pairing_sc_tbx_local_pubkey_generate_complete
 .text.CyBle_Hal_pairing_sc_generate_local_P256_public_key
                0x00003da8       0x18 .\CortexM0\ARM_GCC_541\Debug\test.a(BLE_1_HAL_PVT.o)
                0x00003da8                CyBle_Hal_pairing_sc_generate_local_P256_public_key
 .text.CyBle_Hal_se_smp_sc_user_passkey_handler
                0x00003dc0       0x14 .\CortexM0\ARM_GCC_541\Debug\test.a(BLE_1_HAL_PVT.o)
                0x00003dc0                CyBle_Hal_se_smp_sc_user_passkey_handler
 .text.CyBle_Hal_EccPointMult
                0x00003dd4        0xc .\CortexM0\ARM_GCC_541\Debug\test.a(BLE_1_HAL_PVT.o)
                0x00003dd4                CyBle_Hal_EccPointMult
 .text.BLE_1_bless_isr_StartEx
                0x00003de0       0x28 .\CortexM0\ARM_GCC_541\Debug\test.a(BLE_1_bless_isr.o)
                0x00003de0                BLE_1_bless_isr_StartEx
 .text.BLE_1_bless_isr_SetVector
                0x00003e08       0x1c .\CortexM0\ARM_GCC_541\Debug\test.a(BLE_1_bless_isr.o)
                0x00003e08                BLE_1_bless_isr_SetVector
 .text.BLE_1_bless_isr_SetPriority
                0x00003e24       0x50 .\CortexM0\ARM_GCC_541\Debug\test.a(BLE_1_bless_isr.o)
                0x00003e24                BLE_1_bless_isr_SetPriority
 .text.BLE_1_bless_isr_Enable
                0x00003e74       0x18 .\CortexM0\ARM_GCC_541\Debug\test.a(BLE_1_bless_isr.o)
                0x00003e74                BLE_1_bless_isr_Enable
 .text.BLE_1_bless_isr_Disable
                0x00003e8c       0x18 .\CortexM0\ARM_GCC_541\Debug\test.a(BLE_1_bless_isr.o)
                0x00003e8c                BLE_1_bless_isr_Disable
 .text.CySysPmSleep
                0x00003ea4       0x34 .\CortexM0\ARM_GCC_541\Debug\test.a(cyPm.o)
                0x00003ea4                CySysPmSleep
 .text.CyBLE_Bless_Interrupt
                0x00003ed8       0x10 .\CortexM0\ARM_GCC_541\Debug\test.a(BLE_1_HAL_INT.o)
                0x00003ed8                CyBLE_Bless_Interrupt
 .text          0x00003ee8      0x114 c:/program files (x86)/cypress/psoc creator/4.2/psoc creator/import/gnu/arm/5.4.1/bin/../lib/gcc/arm-none-eabi/5.4.1/armv6-m\libgcc.a(_udivsi3.o)
                0x00003ee8                __aeabi_uidiv
                0x00003ee8                __udivsi3
                0x00003ff4                __aeabi_uidivmod
 .text          0x00003ffc      0x1d4 c:/program files (x86)/cypress/psoc creator/4.2/psoc creator/import/gnu/arm/5.4.1/bin/../lib/gcc/arm-none-eabi/5.4.1/armv6-m\libgcc.a(_divsi3.o)
                0x00003ffc                __divsi3
                0x00003ffc                __aeabi_idiv
                0x000041c8                __aeabi_idivmod
 .text          0x000041d0        0x4 c:/program files (x86)/cypress/psoc creator/4.2/psoc creator/import/gnu/arm/5.4.1/bin/../lib/gcc/arm-none-eabi/5.4.1/armv6-m\libgcc.a(_dvmd_tls.o)
                0x000041d0                __aeabi_idiv0
                0x000041d0                __aeabi_ldiv0
 .text.__errno  0x000041d4        0xc c:/program files (x86)/cypress/psoc creator/4.2/psoc creator/import/gnu/arm/5.4.1/bin/../lib/gcc/arm-none-eabi/5.4.1/../../../../arm-none-eabi/lib/armv6-m\libg_nano.a(lib_a-errno.o)
                0x000041d4                __errno
 .text.__libc_init_array
                0x000041e0       0x4c c:/program files (x86)/cypress/psoc creator/4.2/psoc creator/import/gnu/arm/5.4.1/bin/../lib/gcc/arm-none-eabi/5.4.1/../../../../arm-none-eabi/lib/armv6-m\libg_nano.a(lib_a-init.o)
                0x000041e0                __libc_init_array
 .text.memcmp   0x0000422c       0x1e c:/program files (x86)/cypress/psoc creator/4.2/psoc creator/import/gnu/arm/5.4.1/bin/../lib/gcc/arm-none-eabi/5.4.1/../../../../arm-none-eabi/lib/armv6-m\libg_nano.a(lib_a-memcmp.o)
                0x0000422c                memcmp
 .text.memcpy   0x0000424a       0x12 c:/program files (x86)/cypress/psoc creator/4.2/psoc creator/import/gnu/arm/5.4.1/bin/../lib/gcc/arm-none-eabi/5.4.1/../../../../arm-none-eabi/lib/armv6-m\libg_nano.a(lib_a-memcpy-stub.o)
                0x0000424a                memcpy
 .text.memset   0x0000425c       0x10 c:/program files (x86)/cypress/psoc creator/4.2/psoc creator/import/gnu/arm/5.4.1/bin/../lib/gcc/arm-none-eabi/5.4.1/../../../../arm-none-eabi/lib/armv6-m\libg_nano.a(lib_a-memset.o)
                0x0000425c                memset
 .text.sprintf  0x0000426c       0x44 c:/program files (x86)/cypress/psoc creator/4.2/psoc creator/import/gnu/arm/5.4.1/bin/../lib/gcc/arm-none-eabi/5.4.1/../../../../arm-none-eabi/lib/armv6-m\libg_nano.a(lib_a-sprintf.o)
                0x0000426c                siprintf
                0x0000426c                sprintf
 .text.__ssputs_r
                0x000042b0       0xc4 c:/program files (x86)/cypress/psoc creator/4.2/psoc creator/import/gnu/arm/5.4.1/bin/../lib/gcc/arm-none-eabi/5.4.1/../../../../arm-none-eabi/lib/armv6-m\libg_nano.a(lib_a-nano-svfprintf.o)
                0x000042b0                __ssputs_r
 .text._svfprintf_r
                0x00004374      0x1fc c:/program files (x86)/cypress/psoc creator/4.2/psoc creator/import/gnu/arm/5.4.1/bin/../lib/gcc/arm-none-eabi/5.4.1/../../../../arm-none-eabi/lib/armv6-m\libg_nano.a(lib_a-nano-svfprintf.o)
                0x00004374                _svfiprintf_r
                0x00004374                _svfprintf_r
 .text._printf_common
                0x00004570       0xdc c:/program files (x86)/cypress/psoc creator/4.2/psoc creator/import/gnu/arm/5.4.1/bin/../lib/gcc/arm-none-eabi/5.4.1/../../../../arm-none-eabi/lib/armv6-m\libg_nano.a(lib_a-nano-vfprintf_i.o)
                0x00004570                _printf_common
 .text._printf_i
                0x0000464c      0x244 c:/program files (x86)/cypress/psoc creator/4.2/psoc creator/import/gnu/arm/5.4.1/bin/../lib/gcc/arm-none-eabi/5.4.1/../../../../arm-none-eabi/lib/armv6-m\libg_nano.a(lib_a-nano-vfprintf_i.o)
                0x0000464c                _printf_i
 .text.memchr   0x00004890       0x16 c:/program files (x86)/cypress/psoc creator/4.2/psoc creator/import/gnu/arm/5.4.1/bin/../lib/gcc/arm-none-eabi/5.4.1/../../../../arm-none-eabi/lib/armv6-m\libg_nano.a(lib_a-memchr-stub.o)
                0x00004890                memchr
 .text.memmove  0x000048a6       0x2a c:/program files (x86)/cypress/psoc creator/4.2/psoc creator/import/gnu/arm/5.4.1/bin/../lib/gcc/arm-none-eabi/5.4.1/../../../../arm-none-eabi/lib/armv6-m\libg_nano.a(lib_a-memmove.o)
                0x000048a6                memmove
 .text._free_r  0x000048d0       0x98 c:/program files (x86)/cypress/psoc creator/4.2/psoc creator/import/gnu/arm/5.4.1/bin/../lib/gcc/arm-none-eabi/5.4.1/../../../../arm-none-eabi/lib/armv6-m\libg_nano.a(lib_a-nano-freer.o)
                0x000048d0                _free_r
 .text._malloc_r
                0x00004968       0xc0 c:/program files (x86)/cypress/psoc creator/4.2/psoc creator/import/gnu/arm/5.4.1/bin/../lib/gcc/arm-none-eabi/5.4.1/../../../../arm-none-eabi/lib/armv6-m\libg_nano.a(lib_a-nano-mallocr.o)
                0x00004968                _malloc_r
 .text._realloc_r
                0x00004a28       0x4c c:/program files (x86)/cypress/psoc creator/4.2/psoc creator/import/gnu/arm/5.4.1/bin/../lib/gcc/arm-none-eabi/5.4.1/../../../../arm-none-eabi/lib/armv6-m\libg_nano.a(lib_a-nano-reallocr.o)
                0x00004a28                _realloc_r
 .text._sbrk_r  0x00004a74       0x24 c:/program files (x86)/cypress/psoc creator/4.2/psoc creator/import/gnu/arm/5.4.1/bin/../lib/gcc/arm-none-eabi/5.4.1/../../../../arm-none-eabi/lib/armv6-m\libg_nano.a(lib_a-sbrkr.o)
                0x00004a74                _sbrk_r
 .text.__malloc_lock
                0x00004a98        0x2 c:/program files (x86)/cypress/psoc creator/4.2/psoc creator/import/gnu/arm/5.4.1/bin/../lib/gcc/arm-none-eabi/5.4.1/../../../../arm-none-eabi/lib/armv6-m\libg_nano.a(lib_a-mlock.o)
                0x00004a98                __malloc_lock
 .text.__malloc_unlock
                0x00004a9a        0x2 c:/program files (x86)/cypress/psoc creator/4.2/psoc creator/import/gnu/arm/5.4.1/bin/../lib/gcc/arm-none-eabi/5.4.1/../../../../arm-none-eabi/lib/armv6-m\libg_nano.a(lib_a-mlock.o)
                0x00004a9a                __malloc_unlock
 .text._malloc_usable_size_r
                0x00004a9c       0x16 c:/program files (x86)/cypress/psoc creator/4.2/psoc creator/import/gnu/arm/5.4.1/bin/../lib/gcc/arm-none-eabi/5.4.1/../../../../arm-none-eabi/lib/armv6-m\libg_nano.a(lib_a-nano-msizer.o)
                0x00004a9c                _malloc_usable_size_r
 *(.plt)
 *(.gnu.warning)
 *(.glue_7t)
 .glue_7t       0x00004ab2        0x0 linker stubs
 *(.glue_7)
 .glue_7        0x00004ab2        0x0 linker stubs
 *(.vfp11_veneer)
 .vfp11_veneer  0x00004ab2        0x0 linker stubs
 *(.bootloader)
 *(.ARM.extab* .gnu.linkonce.armextab.*)
 *(.gcc_except_table)

.v4_bx          0x00004ab4        0x0
 .v4_bx         0x00004ab4        0x0 linker stubs

.iplt           0x00004ab4        0x0
 .iplt          0x00004ab4        0x0 c:/program files (x86)/cypress/psoc creator/4.2/psoc creator/import/gnu/arm/5.4.1/bin/../lib/gcc/arm-none-eabi/5.4.1/armv6-m/crtbegin.o

i.CyBle_ControllerGetFeatureHeapReq
                0x00004ab4       0x58
 i.CyBle_ControllerGetFeatureHeapReq
                0x00004ab4       0x58 ..\..\..\PSoC Creator\4.2\Downloads ( 4.2).cylib\BLE_v3_61\Library\gccCyBLEStack_BLE_SOC_PERIPHERAL.a(CyBle.o)
                0x00004ab4                CyBle_ControllerGetFeatureHeapReq

i.CyBle_EnableDefaultDevicePrivacy
                0x00004b0c        0x8
 i.CyBle_EnableDefaultDevicePrivacy
                0x00004b0c        0x8 ..\..\..\PSoC Creator\4.2\Downloads ( 4.2).cylib\BLE_v3_61\Library\gccCyBLEStack_BLE_SOC_PERIPHERAL.a(CyBle.o)
                0x00004b0c                CyBle_EnableDefaultDevicePrivacy

i.CyBle_ExitLPM
                0x00004b14        0x8
 i.CyBle_ExitLPM
                0x00004b14        0x8 ..\..\..\PSoC Creator\4.2\Downloads ( 4.2).cylib\BLE_v3_61\Library\gccCyBLEStack_BLE_SOC_PERIPHERAL.a(CyBle.o)
                0x00004b14                CyBle_ExitLPM

i.CyBle_ProcessEvents
                0x00004b1c        0x8
 i.CyBle_ProcessEvents
                0x00004b1c        0x8 ..\..\..\PSoC Creator\4.2\Downloads ( 4.2).cylib\BLE_v3_61\Library\gccCyBLEStack_BLE_SOC_PERIPHERAL.a(CyBle.o)
                0x00004b1c                CyBle_ProcessEvents

i.CyBle_SetDeviceAddress
                0x00004b24       0x24
 i.CyBle_SetDeviceAddress
                0x00004b24       0x24 ..\..\..\PSoC Creator\4.2\Downloads ( 4.2).cylib\BLE_v3_61\Library\gccCyBLEStack_BLE_SOC_PERIPHERAL.a(CyBle.o)
                0x00004b24                CyBle_SetDeviceAddress

i.CyBle_StackGetFeatureConfig
                0x00004b48       0x38
 i.CyBle_StackGetFeatureConfig
                0x00004b48       0x38 ..\..\..\PSoC Creator\4.2\Downloads ( 4.2).cylib\BLE_v3_61\Library\gccCyBLEStack_BLE_SOC_PERIPHERAL.a(CyBle.o)
                0x00004b48                CyBle_StackGetFeatureConfig

i.CyBle_StackInit
                0x00004b80      0x154
 i.CyBle_StackInit
                0x00004b80      0x154 ..\..\..\PSoC Creator\4.2\Downloads ( 4.2).cylib\BLE_v3_61\Library\gccCyBLEStack_BLE_SOC_PERIPHERAL.a(CyBle.o)
                0x00004b80                CyBle_StackInit

i.CyBle_StackSetFeatureConfig
                0x00004cd4       0xe8
 i.CyBle_StackSetFeatureConfig
                0x00004cd4       0xe8 ..\..\..\PSoC Creator\4.2\Downloads ( 4.2).cylib\BLE_v3_61\Library\gccCyBLEStack_BLE_SOC_PERIPHERAL.a(CyBle.o)
                0x00004cd4                CyBle_StackSetFeatureConfig

i.CyBle_StackValidateInputParams
                0x00004dbc       0xf4
 i.CyBle_StackValidateInputParams
                0x00004dbc       0xf4 ..\..\..\PSoC Creator\4.2\Downloads ( 4.2).cylib\BLE_v3_61\Library\gccCyBLEStack_BLE_SOC_PERIPHERAL.a(CyBle.o)

i.__ARM_common_switch8
                0x00004eb0       0x1a
 i.__ARM_common_switch8
                0x00004eb0       0x1a ..\..\..\PSoC Creator\4.2\Downloads ( 4.2).cylib\BLE_v3_61\Library\gccCyBLEStack_BLE_SOC_PERIPHERAL.a(CyBle.o)
                0x00004eb0                __ARM_common_switch8

i.CyBleStackMgr_Init
                0x00004ecc      0x10c
 i.CyBleStackMgr_Init
                0x00004ecc      0x10c ..\..\..\PSoC Creator\4.2\Downloads ( 4.2).cylib\BLE_v3_61\Library\gccCyBLEStack_BLE_SOC_PERIPHERAL.a(CyBleStackMgrIP_Interface.o)
                0x00004ecc                CyBleStackMgr_Init

i.CyBleStackMgr_ProcessBleEvents
                0x00004fd8       0x14
 i.CyBleStackMgr_ProcessBleEvents
                0x00004fd8       0x14 ..\..\..\PSoC Creator\4.2\Downloads ( 4.2).cylib\BLE_v3_61\Library\gccCyBLEStack_BLE_SOC_PERIPHERAL.a(CyBleStackMgrIP_Interface.o)
                0x00004fd8                CyBleStackMgr_ProcessBleEvents

i.CyBle_GetHeapMemory
                0x00004fec       0x28
 i.CyBle_GetHeapMemory
                0x00004fec       0x28 ..\..\..\PSoC Creator\4.2\Downloads ( 4.2).cylib\BLE_v3_61\Library\gccCyBLEStack_BLE_SOC_PERIPHERAL.a(CyBleStackMgrIP_Interface.o)
                0x00004fec                CyBle_GetHeapMemory

i.CyBle_GetNumAppBufferPools
                0x00005014        0xc
 i.CyBle_GetNumAppBufferPools
                0x00005014        0xc ..\..\..\PSoC Creator\4.2\Downloads ( 4.2).cylib\BLE_v3_61\Library\gccCyBLEStack_BLE_SOC_PERIPHERAL.a(CyBleStackMgrIP_Interface.o)
                0x00005014                CyBle_GetNumAppBufferPools

i.CyBle_HostStackBufferPoolInit
                0x00005020       0xec
 i.CyBle_HostStackBufferPoolInit
                0x00005020       0xec ..\..\..\PSoC Creator\4.2\Downloads ( 4.2).cylib\BLE_v3_61\Library\gccCyBLEStack_BLE_SOC_PERIPHERAL.a(CyBleStackMgrIP_Interface.o)

i.ble_stack_idle_task_callback
                0x0000510c        0x2
 i.ble_stack_idle_task_callback
                0x0000510c        0x2 ..\..\..\PSoC Creator\4.2\Downloads ( 4.2).cylib\BLE_v3_61\Library\gccCyBLEStack_BLE_SOC_PERIPHERAL.a(CyBleStackMgrIP_Interface.o)
                0x0000510c                ble_stack_idle_task_callback

i.BT_OSFreeBuf  0x00005110       0x20
 i.BT_OSFreeBuf
                0x00005110       0x20 ..\..\..\PSoC Creator\4.2\Downloads ( 4.2).cylib\BLE_v3_61\Library\gccCyBLEStack_BLE_SOC_PERIPHERAL.a(BT_os.o)
                0x00005110                BT_OSFreeBuf

i.BT_OSGetBuF   0x00005130       0x34
 i.BT_OSGetBuF  0x00005130       0x34 ..\..\..\PSoC Creator\4.2\Downloads ( 4.2).cylib\BLE_v3_61\Library\gccCyBLEStack_BLE_SOC_PERIPHERAL.a(BT_os.o)
                0x00005130                BT_OSGetBuF

i.BT_OSMemCreate
                0x00005164       0x3c
 i.BT_OSMemCreate
                0x00005164       0x3c ..\..\..\PSoC Creator\4.2\Downloads ( 4.2).cylib\BLE_v3_61\Library\gccCyBLEStack_BLE_SOC_PERIPHERAL.a(BT_os.o)
                0x00005164                BT_OSMemCreate

i.BT_alloc_mem_ext
                0x000051a0       0x3c
 i.BT_alloc_mem_ext
                0x000051a0       0x3c ..\..\..\PSoC Creator\4.2\Downloads ( 4.2).cylib\BLE_v3_61\Library\gccCyBLEStack_BLE_SOC_PERIPHERAL.a(BT_os.o)
                0x000051a0                BT_alloc_mem_ext

i.BT_free_mem   0x000051dc        0xc
 i.BT_free_mem  0x000051dc        0xc ..\..\..\PSoC Creator\4.2\Downloads ( 4.2).cylib\BLE_v3_61\Library\gccCyBLEStack_BLE_SOC_PERIPHERAL.a(BT_os.o)
                0x000051dc                BT_free_mem

i.bt_stack_create_buffer_pool
                0x000051e8       0x30
 i.bt_stack_create_buffer_pool
                0x000051e8       0x30 ..\..\..\PSoC Creator\4.2\Downloads ( 4.2).cylib\BLE_v3_61\Library\gccCyBLEStack_BLE_SOC_PERIPHERAL.a(BT_os.o)
                0x000051e8                bt_stack_create_buffer_pool

i.BT_start_timer
                0x00005218       0xa8
 i.BT_start_timer
                0x00005218       0xa8 ..\..\..\PSoC Creator\4.2\Downloads ( 4.2).cylib\BLE_v3_61\Library\gccCyBLEStack_BLE_SOC_PERIPHERAL.a(BT_timer.o)
                0x00005218                BT_start_timer

i.BT_stop_timer
                0x000052c0       0x64
 i.BT_stop_timer
                0x000052c0       0x64 ..\..\..\PSoC Creator\4.2\Downloads ( 4.2).cylib\BLE_v3_61\Library\gccCyBLEStack_BLE_SOC_PERIPHERAL.a(BT_timer.o)
                0x000052c0                BT_stop_timer

i.BT_timer_process_signals
                0x00005324       0xa4
 i.BT_timer_process_signals
                0x00005324       0xa4 ..\..\..\PSoC Creator\4.2\Downloads ( 4.2).cylib\BLE_v3_61\Library\gccCyBLEStack_BLE_SOC_PERIPHERAL.a(BT_timer.o)
                0x00005324                BT_timer_process_signals

i.pf_timer_handle_callback
                0x000053c8       0x20
 i.pf_timer_handle_callback
                0x000053c8       0x20 ..\..\..\PSoC Creator\4.2\Downloads ( 4.2).cylib\BLE_v3_61\Library\gccCyBLEStack_BLE_SOC_PERIPHERAL.a(BT_timer.o)
                0x000053c8                pf_timer_handle_callback

i.timer_active_entity
                0x000053e8       0x24
 i.timer_active_entity
                0x000053e8       0x24 ..\..\..\PSoC Creator\4.2\Downloads ( 4.2).cylib\BLE_v3_61\Library\gccCyBLEStack_BLE_SOC_PERIPHERAL.a(BT_timer.o)
                0x000053e8                timer_active_entity

i.timer_alloc_entity
                0x0000540c       0x1c
 i.timer_alloc_entity
                0x0000540c       0x1c ..\..\..\PSoC Creator\4.2\Downloads ( 4.2).cylib\BLE_v3_61\Library\gccCyBLEStack_BLE_SOC_PERIPHERAL.a(BT_timer.o)
                0x0000540c                timer_alloc_entity

i.timer_allocated_entity
                0x00005428       0x34
 i.timer_allocated_entity
                0x00005428       0x34 ..\..\..\PSoC Creator\4.2\Downloads ( 4.2).cylib\BLE_v3_61\Library\gccCyBLEStack_BLE_SOC_PERIPHERAL.a(BT_timer.o)
                0x00005428                timer_allocated_entity

i.timer_bt_init
                0x0000545c        0x2
 i.timer_bt_init
                0x0000545c        0x2 ..\..\..\PSoC Creator\4.2\Downloads ( 4.2).cylib\BLE_v3_61\Library\gccCyBLEStack_BLE_SOC_PERIPHERAL.a(BT_timer.o)
                0x0000545c                timer_bt_init

i.timer_init    0x00005460       0x28
 i.timer_init   0x00005460       0x28 ..\..\..\PSoC Creator\4.2\Downloads ( 4.2).cylib\BLE_v3_61\Library\gccCyBLEStack_BLE_SOC_PERIPHERAL.a(BT_timer.o)
                0x00005460                timer_init

i.timer_update_offsets
                0x00005488       0x2c
 i.timer_update_offsets
                0x00005488       0x2c ..\..\..\PSoC Creator\4.2\Downloads ( 4.2).cylib\BLE_v3_61\Library\gccCyBLEStack_BLE_SOC_PERIPHERAL.a(BT_timer.o)

i.CyBle_CheckBleStackTaskStatus
                0x000054b4        0x4
 i.CyBle_CheckBleStackTaskStatus
                0x000054b4        0x4 ..\..\..\PSoC Creator\4.2\Downloads ( 4.2).cylib\BLE_v3_61\Library\gccCyBLEStack_BLE_SOC_PERIPHERAL.a(CyBleStackMgr_StackTaskHandler.o)
                0x000054b4                CyBle_CheckBleStackTaskStatus

i.CyBle_CreateBleStackTask
                0x000054b8       0x2c
 i.CyBle_CreateBleStackTask
                0x000054b8       0x2c ..\..\..\PSoC Creator\4.2\Downloads ( 4.2).cylib\BLE_v3_61\Library\gccCyBLEStack_BLE_SOC_PERIPHERAL.a(CyBleStackMgr_StackTaskHandler.o)
                0x000054b8                CyBle_CreateBleStackTask

i.CyBle_SignalBleStackTask
                0x000054e4       0x50
 i.CyBle_SignalBleStackTask
                0x000054e4       0x50 ..\..\..\PSoC Creator\4.2\Downloads ( 4.2).cylib\BLE_v3_61\Library\gccCyBLEStack_BLE_SOC_PERIPHERAL.a(CyBleStackMgr_StackTaskHandler.o)
                0x000054e4                CyBle_SignalBleStackTask

i.CyBle_StackTaskHandler
                0x00005534       0x64
 i.CyBle_StackTaskHandler
                0x00005534       0x64 ..\..\..\PSoC Creator\4.2\Downloads ( 4.2).cylib\BLE_v3_61\Library\gccCyBLEStack_BLE_SOC_PERIPHERAL.a(CyBleStackMgr_StackTaskHandler.o)
                0x00005534                CyBle_StackTaskHandler

i.hci_soft_transport_notify_data_received
                0x00005598        0xc
 i.hci_soft_transport_notify_data_received
                0x00005598        0xc ..\..\..\PSoC Creator\4.2\Downloads ( 4.2).cylib\BLE_v3_61\Library\gccCyBLEStack_BLE_SOC_PERIPHERAL.a(transport_sf.o)
                0x00005598                hci_soft_transport_notify_data_received

i.hci_soft_transport_rx_data
                0x000055a4       0x40
 i.hci_soft_transport_rx_data
                0x000055a4       0x40 ..\..\..\PSoC Creator\4.2\Downloads ( 4.2).cylib\BLE_v3_61\Library\gccCyBLEStack_BLE_SOC_PERIPHERAL.a(transport_sf.o)
                0x000055a4                hci_soft_transport_rx_data

i.hci_transport_bt_init
                0x000055e4        0x2
 i.hci_transport_bt_init
                0x000055e4        0x2 ..\..\..\PSoC Creator\4.2\Downloads ( 4.2).cylib\BLE_v3_61\Library\gccCyBLEStack_BLE_SOC_PERIPHERAL.a(transport_sf.o)
                0x000055e4                hci_transport_bt_init

i.hci_transport_init
                0x000055e8       0x10
 i.hci_transport_init
                0x000055e8       0x10 ..\..\..\PSoC Creator\4.2\Downloads ( 4.2).cylib\BLE_v3_61\Library\gccCyBLEStack_BLE_SOC_PERIPHERAL.a(transport_sf.o)
                0x000055e8                hci_transport_init

i.hci_transport_write_data
                0x000055f8       0xd4
 i.hci_transport_write_data
                0x000055f8       0xd4 ..\..\..\PSoC Creator\4.2\Downloads ( 4.2).cylib\BLE_v3_61\Library\gccCyBLEStack_BLE_SOC_PERIPHERAL.a(transport_sf.o)
                0x000055f8                hci_transport_write_data

i.pf_hci_soft_transport_write
                0x000056cc       0x44
 i.pf_hci_soft_transport_write
                0x000056cc       0x44 ..\..\..\PSoC Creator\4.2\Downloads ( 4.2).cylib\BLE_v3_61\Library\gccCyBLEStack_BLE_SOC_PERIPHERAL.a(transport_sf.o)
                0x000056cc                pf_hci_soft_transport_write

i.pf_soft_hci_transport_init
                0x00005710        0xc
 i.pf_soft_hci_transport_init
                0x00005710        0xc ..\..\..\PSoC Creator\4.2\Downloads ( 4.2).cylib\BLE_v3_61\Library\gccCyBLEStack_BLE_SOC_PERIPHERAL.a(transport_sf.o)
                0x00005710                pf_soft_hci_transport_init

i.CyBleStackMgr_GetTime
                0x0000571c       0x14
 i.CyBleStackMgr_GetTime
                0x0000571c       0x14 ..\..\..\PSoC Creator\4.2\Downloads ( 4.2).cylib\BLE_v3_61\Library\gccCyBLEStack_BLE_SOC_PERIPHERAL.a(CyBleStackMgr_PSoCHal.o)
                0x0000571c                CyBleStackMgr_GetTime

i.CyBleStackMgr_HalInit
                0x00005730       0x24
 i.CyBleStackMgr_HalInit
                0x00005730       0x24 ..\..\..\PSoC Creator\4.2\Downloads ( 4.2).cylib\BLE_v3_61\Library\gccCyBLEStack_BLE_SOC_PERIPHERAL.a(CyBleStackMgr_PSoCHal.o)
                0x00005730                CyBleStackMgr_HalInit

i.CyBleStackMgr_HalIntrEnable
                0x00005754        0x8
 i.CyBleStackMgr_HalIntrEnable
                0x00005754        0x8 ..\..\..\PSoC Creator\4.2\Downloads ( 4.2).cylib\BLE_v3_61\Library\gccCyBLEStack_BLE_SOC_PERIPHERAL.a(CyBleStackMgr_PSoCHal.o)
                0x00005754                CyBleStackMgr_HalIntrEnable

i.CyBleStackMgr_HandleLinkLayerTick
                0x0000575c       0x5c
 i.CyBleStackMgr_HandleLinkLayerTick
                0x0000575c       0x5c ..\..\..\PSoC Creator\4.2\Downloads ( 4.2).cylib\BLE_v3_61\Library\gccCyBLEStack_BLE_SOC_PERIPHERAL.a(CyBleStackMgr_PSoCHal.o)
                0x0000575c                CyBleStackMgr_HandleLinkLayerTick

i.CyBleStackMgr_HciPortInit
                0x000057b8        0xc
 i.CyBleStackMgr_HciPortInit
                0x000057b8        0xc ..\..\..\PSoC Creator\4.2\Downloads ( 4.2).cylib\BLE_v3_61\Library\gccCyBLEStack_BLE_SOC_PERIPHERAL.a(CyBleStackMgr_PSoCHal.o)
                0x000057b8                CyBleStackMgr_HciPortInit

i.CyBleStackMgr_HciPortReset
                0x000057c4        0x2
 i.CyBleStackMgr_HciPortReset
                0x000057c4        0x2 ..\..\..\PSoC Creator\4.2\Downloads ( 4.2).cylib\BLE_v3_61\Library\gccCyBLEStack_BLE_SOC_PERIPHERAL.a(CyBleStackMgr_PSoCHal.o)
                0x000057c4                CyBleStackMgr_HciPortReset

i.CyBleStackMgr_HciPortWrite
                0x000057c6        0x8
 i.CyBleStackMgr_HciPortWrite
                0x000057c6        0x8 ..\..\..\PSoC Creator\4.2\Downloads ( 4.2).cylib\BLE_v3_61\Library\gccCyBLEStack_BLE_SOC_PERIPHERAL.a(CyBleStackMgr_PSoCHal.o)
                0x000057c6                CyBleStackMgr_HciPortWrite

i.CyBleStackMgr_ResetLinkLayerTimerEntity
                0x000057d0       0x14
 i.CyBleStackMgr_ResetLinkLayerTimerEntity
                0x000057d0       0x14 ..\..\..\PSoC Creator\4.2\Downloads ( 4.2).cylib\BLE_v3_61\Library\gccCyBLEStack_BLE_SOC_PERIPHERAL.a(CyBleStackMgr_PSoCHal.o)
                0x000057d0                CyBleStackMgr_ResetLinkLayerTimerEntity

i.CyBleStackMgr_TimerStart
                0x000057e4       0x2c
 i.CyBleStackMgr_TimerStart
                0x000057e4       0x2c ..\..\..\PSoC Creator\4.2\Downloads ( 4.2).cylib\BLE_v3_61\Library\gccCyBLEStack_BLE_SOC_PERIPHERAL.a(CyBleStackMgr_PSoCHal.o)
                0x000057e4                CyBleStackMgr_TimerStart

i.CyBleStackMgr_TimerStop
                0x00005810       0x18
 i.CyBleStackMgr_TimerStop
                0x00005810       0x18 ..\..\..\PSoC Creator\4.2\Downloads ( 4.2).cylib\BLE_v3_61\Library\gccCyBLEStack_BLE_SOC_PERIPHERAL.a(CyBleStackMgr_PSoCHal.o)
                0x00005810                CyBleStackMgr_TimerStop

i.CyBleStackMgr_isTimerRunning
                0x00005828       0x10
 i.CyBleStackMgr_isTimerRunning
                0x00005828       0x10 ..\..\..\PSoC Creator\4.2\Downloads ( 4.2).cylib\BLE_v3_61\Library\gccCyBLEStack_BLE_SOC_PERIPHERAL.a(CyBleStackMgr_PSoCHal.o)
                0x00005828                CyBleStackMgr_isTimerRunning

i.CyBleAtlantisRadioInit
                0x00005838      0x168
 i.CyBleAtlantisRadioInit
                0x00005838      0x168 ..\..\..\PSoC Creator\4.2\Downloads ( 4.2).cylib\BLE_v3_61\Library\gccCyBLEStack_BLE_SOC_PERIPHERAL.a(CyBleStackMgr_BleSSDriver.o)

i.CyBleStackMgr_BleSSFifoRead
                0x000059a0       0x38
 i.CyBleStackMgr_BleSSFifoRead
                0x000059a0       0x38 ..\..\..\PSoC Creator\4.2\Downloads ( 4.2).cylib\BLE_v3_61\Library\gccCyBLEStack_BLE_SOC_PERIPHERAL.a(CyBleStackMgr_BleSSDriver.o)
                0x000059a0                CyBleStackMgr_BleSSFifoRead

i.CyBleStackMgr_BleSSFifoWrite
                0x000059d8       0x30
 i.CyBleStackMgr_BleSSFifoWrite
                0x000059d8       0x30 ..\..\..\PSoC Creator\4.2\Downloads ( 4.2).cylib\BLE_v3_61\Library\gccCyBLEStack_BLE_SOC_PERIPHERAL.a(CyBleStackMgr_BleSSDriver.o)
                0x000059d8                CyBleStackMgr_BleSSFifoWrite

i.CyBleStackMgr_BleSSInit
                0x00005a08       0x50
 i.CyBleStackMgr_BleSSInit
                0x00005a08       0x50 ..\..\..\PSoC Creator\4.2\Downloads ( 4.2).cylib\BLE_v3_61\Library\gccCyBLEStack_BLE_SOC_PERIPHERAL.a(CyBleStackMgr_BleSSDriver.o)
                0x00005a08                CyBleStackMgr_BleSSInit

i.CyBleStackMgr_BleSSMemRead
                0x00005a58       0x32
 i.CyBleStackMgr_BleSSMemRead
                0x00005a58       0x32 ..\..\..\PSoC Creator\4.2\Downloads ( 4.2).cylib\BLE_v3_61\Library\gccCyBLEStack_BLE_SOC_PERIPHERAL.a(CyBleStackMgr_BleSSDriver.o)
                0x00005a58                CyBleStackMgr_BleSSMemRead

i.CyBleStackMgr_BleSSMemWrite
                0x00005a8c       0x34
 i.CyBleStackMgr_BleSSMemWrite
                0x00005a8c       0x34 ..\..\..\PSoC Creator\4.2\Downloads ( 4.2).cylib\BLE_v3_61\Library\gccCyBLEStack_BLE_SOC_PERIPHERAL.a(CyBleStackMgr_BleSSDriver.o)
                0x00005a8c                CyBleStackMgr_BleSSMemWrite

i.CyBleStackMgr_BleSSMemWriteFields
                0x00005ac0       0x78
 i.CyBleStackMgr_BleSSMemWriteFields
                0x00005ac0       0x78 ..\..\..\PSoC Creator\4.2\Downloads ( 4.2).cylib\BLE_v3_61\Library\gccCyBLEStack_BLE_SOC_PERIPHERAL.a(CyBleStackMgr_BleSSDriver.o)
                0x00005ac0                CyBleStackMgr_BleSSMemWriteFields

i.CyBleStackMgr_BleSSRegRead
                0x00005b38        0xc
 i.CyBleStackMgr_BleSSRegRead
                0x00005b38        0xc ..\..\..\PSoC Creator\4.2\Downloads ( 4.2).cylib\BLE_v3_61\Library\gccCyBLEStack_BLE_SOC_PERIPHERAL.a(CyBleStackMgr_BleSSDriver.o)
                0x00005b38                CyBleStackMgr_BleSSRegRead

i.CyBleStackMgr_BleSSReset
                0x00005b44       0x38
 i.CyBleStackMgr_BleSSReset
                0x00005b44       0x38 ..\..\..\PSoC Creator\4.2\Downloads ( 4.2).cylib\BLE_v3_61\Library\gccCyBLEStack_BLE_SOC_PERIPHERAL.a(CyBleStackMgr_BleSSDriver.o)
                0x00005b44                CyBleStackMgr_BleSSReset

i.CyBleStackMgr_GenericIface
                0x00005b7c       0x3c
 i.CyBleStackMgr_GenericIface
                0x00005b7c       0x3c ..\..\..\PSoC Creator\4.2\Downloads ( 4.2).cylib\BLE_v3_61\Library\gccCyBLEStack_BLE_SOC_PERIPHERAL.a(CyBleStackMgr_BleSSDriver.o)
                0x00005b7c                CyBleStackMgr_GenericIface

i.CyBleStackMgr_HandleBleSSIntr
                0x00005bb8       0xa0
 i.CyBleStackMgr_HandleBleSSIntr
                0x00005bb8       0xa0 ..\..\..\PSoC Creator\4.2\Downloads ( 4.2).cylib\BLE_v3_61\Library\gccCyBLEStack_BLE_SOC_PERIPHERAL.a(CyBleStackMgr_BleSSDriver.o)
                0x00005bb8                CyBleStackMgr_HandleBleSSIntr

i.CyBleStackMgr_SetClockParam
                0x00005c58       0xb4
 i.CyBleStackMgr_SetClockParam
                0x00005c58       0xb4 ..\..\..\PSoC Creator\4.2\Downloads ( 4.2).cylib\BLE_v3_61\Library\gccCyBLEStack_BLE_SOC_PERIPHERAL.a(CyBleStackMgr_BleSSDriver.o)

i.CyBle_ExitDsmMode
                0x00005d0c       0x2c
 i.CyBle_ExitDsmMode
                0x00005d0c       0x2c ..\..\..\PSoC Creator\4.2\Downloads ( 4.2).cylib\BLE_v3_61\Library\gccCyBLEStack_BLE_SOC_PERIPHERAL.a(CyBleStackMgr_BleSSDriver.o)
                0x00005d0c                CyBle_ExitDsmMode

i.CyBle_GetBleSsOperationalMode
                0x00005d38        0xc
 i.CyBle_GetBleSsOperationalMode
                0x00005d38        0xc ..\..\..\PSoC Creator\4.2\Downloads ( 4.2).cylib\BLE_v3_61\Library\gccCyBLEStack_BLE_SOC_PERIPHERAL.a(CyBleStackMgr_BleSSDriver.o)
                0x00005d38                CyBle_GetBleSsOperationalMode

i.CyBle_GetLpMode
                0x00005d44       0x26
 i.CyBle_GetLpMode
                0x00005d44       0x26 ..\..\..\PSoC Creator\4.2\Downloads ( 4.2).cylib\BLE_v3_61\Library\gccCyBLEStack_BLE_SOC_PERIPHERAL.a(CyBleStackMgr_BleSSDriver.o)
                0x00005d44                CyBle_GetLpMode

i.CyBle_GetTxGainMode
                0x00005d6c       0x2c
 i.CyBle_GetTxGainMode
                0x00005d6c       0x2c ..\..\..\PSoC Creator\4.2\Downloads ( 4.2).cylib\BLE_v3_61\Library\gccCyBLEStack_BLE_SOC_PERIPHERAL.a(CyBleStackMgr_BleSSDriver.o)
                0x00005d6c                CyBle_GetTxGainMode

i.CyBle_SetBleSsOperationalMode
                0x00005d98       0x20
 i.CyBle_SetBleSsOperationalMode
                0x00005d98       0x20 ..\..\..\PSoC Creator\4.2\Downloads ( 4.2).cylib\BLE_v3_61\Library\gccCyBLEStack_BLE_SOC_PERIPHERAL.a(CyBleStackMgr_BleSSDriver.o)
                0x00005d98                CyBle_SetBleSsOperationalMode

i.CyBle_SetEventCloseState
                0x00005db8        0xc
 i.CyBle_SetEventCloseState
                0x00005db8        0xc ..\..\..\PSoC Creator\4.2\Downloads ( 4.2).cylib\BLE_v3_61\Library\gccCyBLEStack_BLE_SOC_PERIPHERAL.a(CyBleStackMgr_BleSSDriver.o)
                0x00005db8                CyBle_SetEventCloseState

i.CyBle_SetRxGainMode
                0x00005dc4       0x20
 i.CyBle_SetRxGainMode
                0x00005dc4       0x20 ..\..\..\PSoC Creator\4.2\Downloads ( 4.2).cylib\BLE_v3_61\Library\gccCyBLEStack_BLE_SOC_PERIPHERAL.a(CyBleStackMgr_BleSSDriver.o)
                0x00005dc4                CyBle_SetRxGainMode

i.CyBle_SetTxGainMode
                0x00005de4       0x38
 i.CyBle_SetTxGainMode
                0x00005de4       0x38 ..\..\..\PSoC Creator\4.2\Downloads ( 4.2).cylib\BLE_v3_61\Library\gccCyBLEStack_BLE_SOC_PERIPHERAL.a(CyBleStackMgr_BleSSDriver.o)
                0x00005de4                CyBle_SetTxGainMode

i.pf_rf_get_abs_rssi
                0x00005e1c       0x50
 i.pf_rf_get_abs_rssi
                0x00005e1c       0x50 ..\..\..\PSoC Creator\4.2\Downloads ( 4.2).cylib\BLE_v3_61\Library\gccCyBLEStack_BLE_SOC_PERIPHERAL.a(CyBleStackMgr_BleSSDriver.o)
                0x00005e1c                pf_rf_get_abs_rssi

i.BleStackFlashStorageInit
                0x00005e6c       0x84
 i.BleStackFlashStorageInit
                0x00005e6c       0x84 ..\..\..\PSoC Creator\4.2\Downloads ( 4.2).cylib\BLE_v3_61\Library\gccCyBLEStack_BLE_SOC_PERIPHERAL.a(storage_pl.o)
                0x00005e6c                BleStackFlashStorageInit

i.BleStackIsFlashCorrupted
                0x00005ef0       0x3c
 i.BleStackIsFlashCorrupted
                0x00005ef0       0x3c ..\..\..\PSoC Creator\4.2\Downloads ( 4.2).cylib\BLE_v3_61\Library\gccCyBLEStack_BLE_SOC_PERIPHERAL.a(storage_pl.o)
                0x00005ef0                BleStackIsFlashCorrupted

i.BleStackWriteToFlashPending
                0x00005f2c       0x24
 i.BleStackWriteToFlashPending
                0x00005f2c       0x24 ..\..\..\PSoC Creator\4.2\Downloads ( 4.2).cylib\BLE_v3_61\Library\gccCyBLEStack_BLE_SOC_PERIPHERAL.a(storage_pl.o)
                0x00005f2c                BleStackWriteToFlashPending

i.BleStackWriteToFlashRam
                0x00005f50       0x7c
 i.BleStackWriteToFlashRam
                0x00005f50       0x7c ..\..\..\PSoC Creator\4.2\Downloads ( 4.2).cylib\BLE_v3_61\Library\gccCyBLEStack_BLE_SOC_PERIPHERAL.a(storage_pl.o)
                0x00005f50                BleStackWriteToFlashRam

i.calc_checksum
                0x00005fcc       0x1a
 i.calc_checksum
                0x00005fcc       0x1a ..\..\..\PSoC Creator\4.2\Downloads ( 4.2).cylib\BLE_v3_61\Library\gccCyBLEStack_BLE_SOC_PERIPHERAL.a(storage_pl.o)
                0x00005fcc                calc_checksum

i.storage_bt_init_pl
                0x00005fe8       0x30
 i.storage_bt_init_pl
                0x00005fe8       0x30 ..\..\..\PSoC Creator\4.2\Downloads ( 4.2).cylib\BLE_v3_61\Library\gccCyBLEStack_BLE_SOC_PERIPHERAL.a(storage_pl.o)
                0x00005fe8                storage_bt_init_pl

i.storage_close_pl
                0x00006018        0x4
 i.storage_close_pl
                0x00006018        0x4 ..\..\..\PSoC Creator\4.2\Downloads ( 4.2).cylib\BLE_v3_61\Library\gccCyBLEStack_BLE_SOC_PERIPHERAL.a(storage_pl.o)
                0x00006018                storage_close_pl

i.storage_open_pl
                0x0000601c       0x1c
 i.storage_open_pl
                0x0000601c       0x1c ..\..\..\PSoC Creator\4.2\Downloads ( 4.2).cylib\BLE_v3_61\Library\gccCyBLEStack_BLE_SOC_PERIPHERAL.a(storage_pl.o)
                0x0000601c                storage_open_pl

i.storage_read_pl
                0x00006038       0x28
 i.storage_read_pl
                0x00006038       0x28 ..\..\..\PSoC Creator\4.2\Downloads ( 4.2).cylib\BLE_v3_61\Library\gccCyBLEStack_BLE_SOC_PERIPHERAL.a(storage_pl.o)
                0x00006038                storage_read_pl

i.storage_read_signature_pl
                0x00006060       0x2c
 i.storage_read_signature_pl
                0x00006060       0x2c ..\..\..\PSoC Creator\4.2\Downloads ( 4.2).cylib\BLE_v3_61\Library\gccCyBLEStack_BLE_SOC_PERIPHERAL.a(storage_pl.o)
                0x00006060                storage_read_signature_pl

i.storage_register_flash_pointer
                0x0000608c       0x20
 i.storage_register_flash_pointer
                0x0000608c       0x20 ..\..\..\PSoC Creator\4.2\Downloads ( 4.2).cylib\BLE_v3_61\Library\gccCyBLEStack_BLE_SOC_PERIPHERAL.a(storage_pl.o)
                0x0000608c                storage_register_flash_pointer

i.storage_reset_storage_offset
                0x000060ac       0x10
 i.storage_reset_storage_offset
                0x000060ac       0x10 ..\..\..\PSoC Creator\4.2\Downloads ( 4.2).cylib\BLE_v3_61\Library\gccCyBLEStack_BLE_SOC_PERIPHERAL.a(storage_pl.o)

i.storage_write_pl
                0x000060bc       0x24
 i.storage_write_pl
                0x000060bc       0x24 ..\..\..\PSoC Creator\4.2\Downloads ( 4.2).cylib\BLE_v3_61\Library\gccCyBLEStack_BLE_SOC_PERIPHERAL.a(storage_pl.o)
                0x000060bc                storage_write_pl

i.storage_write_signature_pl
                0x000060e0       0x14
 i.storage_write_signature_pl
                0x000060e0       0x14 ..\..\..\PSoC Creator\4.2\Downloads ( 4.2).cylib\BLE_v3_61\Library\gccCyBLEStack_BLE_SOC_PERIPHERAL.a(storage_pl.o)
                0x000060e0                storage_write_signature_pl

i.OS_init       0x000060f4       0x64
 i.OS_init      0x000060f4       0x64 ..\..\..\PSoC Creator\4.2\Downloads ( 4.2).cylib\BLE_v3_61\Library\gccCyBLEStack_BLE_SOC_PERIPHERAL.a(mint_os.o)
                0x000060f4                OS_init

i.mintos_malloc
                0x00006158       0x34
 i.mintos_malloc
                0x00006158       0x34 ..\..\..\PSoC Creator\4.2\Downloads ( 4.2).cylib\BLE_v3_61\Library\gccCyBLEStack_BLE_SOC_PERIPHERAL.a(mint_os.o)
                0x00006158                mintos_malloc

i.OS_create_queue
                0x0000618c       0x64
 i.OS_create_queue
                0x0000618c       0x64 ..\..\..\PSoC Creator\4.2\Downloads ( 4.2).cylib\BLE_v3_61\Library\gccCyBLEStack_BLE_SOC_PERIPHERAL.a(mint_os_queue.o)
                0x0000618c                OS_create_queue

i.OS_enqueue_item
                0x000061f0       0x8c
 i.OS_enqueue_item
                0x000061f0       0x8c ..\..\..\PSoC Creator\4.2\Downloads ( 4.2).cylib\BLE_v3_61\Library\gccCyBLEStack_BLE_SOC_PERIPHERAL.a(mint_os_queue.o)
                0x000061f0                OS_enqueue_item

i.OS_queue_get_num_of_items
                0x0000627c       0x28
 i.OS_queue_get_num_of_items
                0x0000627c       0x28 ..\..\..\PSoC Creator\4.2\Downloads ( 4.2).cylib\BLE_v3_61\Library\gccCyBLEStack_BLE_SOC_PERIPHERAL.a(mint_os_queue.o)
                0x0000627c                OS_queue_get_num_of_items

i.OS_queue_mgmt_init
                0x000062a4       0x40
 i.OS_queue_mgmt_init
                0x000062a4       0x40 ..\..\..\PSoC Creator\4.2\Downloads ( 4.2).cylib\BLE_v3_61\Library\gccCyBLEStack_BLE_SOC_PERIPHERAL.a(mint_os_queue.o)
                0x000062a4                OS_queue_mgmt_init

i.OS_remove_item
                0x000062e4       0xa0
 i.OS_remove_item
                0x000062e4       0xa0 ..\..\..\PSoC Creator\4.2\Downloads ( 4.2).cylib\BLE_v3_61\Library\gccCyBLEStack_BLE_SOC_PERIPHERAL.a(mint_os_queue.o)
                0x000062e4                OS_remove_item

i.OS_create_task
                0x00006384       0x88
 i.OS_create_task
                0x00006384       0x88 ..\..\..\PSoC Creator\4.2\Downloads ( 4.2).cylib\BLE_v3_61\Library\gccCyBLEStack_BLE_SOC_PERIPHERAL.a(mint_os_task.o)
                0x00006384                OS_create_task

i.OS_isr_send_signal_to_task
                0x0000640c        0xc
 i.OS_isr_send_signal_to_task
                0x0000640c        0xc ..\..\..\PSoC Creator\4.2\Downloads ( 4.2).cylib\BLE_v3_61\Library\gccCyBLEStack_BLE_SOC_PERIPHERAL.a(mint_os_task.o)
                0x0000640c                OS_isr_send_signal_to_task

i.OS_scheduler  0x00006418       0x64
 i.OS_scheduler
                0x00006418       0x64 ..\..\..\PSoC Creator\4.2\Downloads ( 4.2).cylib\BLE_v3_61\Library\gccCyBLEStack_BLE_SOC_PERIPHERAL.a(mint_os_task.o)
                0x00006418                OS_scheduler

i.OS_send_signal_to_task
                0x0000647c        0xc
 i.OS_send_signal_to_task
                0x0000647c        0xc ..\..\..\PSoC Creator\4.2\Downloads ( 4.2).cylib\BLE_v3_61\Library\gccCyBLEStack_BLE_SOC_PERIPHERAL.a(mint_os_task.o)
                0x0000647c                OS_send_signal_to_task

i.OS_send_signal_to_task_context
                0x00006488       0x3c
 i.OS_send_signal_to_task_context
                0x00006488       0x3c ..\..\..\PSoC Creator\4.2\Downloads ( 4.2).cylib\BLE_v3_61\Library\gccCyBLEStack_BLE_SOC_PERIPHERAL.a(mint_os_task.o)

i.OS_task_mgmt_init
                0x000064c4       0x50
 i.OS_task_mgmt_init
                0x000064c4       0x50 ..\..\..\PSoC Creator\4.2\Downloads ( 4.2).cylib\BLE_v3_61\Library\gccCyBLEStack_BLE_SOC_PERIPHERAL.a(mint_os_task.o)
                0x000064c4                OS_task_mgmt_init

i.mint_buf_mgmt_allocate_buffer
                0x00006514       0x4c
 i.mint_buf_mgmt_allocate_buffer
                0x00006514       0x4c ..\..\..\PSoC Creator\4.2\Downloads ( 4.2).cylib\BLE_v3_61\Library\gccCyBLEStack_BLE_SOC_PERIPHERAL.a(mint_buf_mgmt.o)
                0x00006514                mint_buf_mgmt_allocate_buffer

i.mint_buf_mgmt_create_pool
                0x00006560       0xd0
 i.mint_buf_mgmt_create_pool
                0x00006560       0xd0 ..\..\..\PSoC Creator\4.2\Downloads ( 4.2).cylib\BLE_v3_61\Library\gccCyBLEStack_BLE_SOC_PERIPHERAL.a(mint_buf_mgmt.o)
                0x00006560                mint_buf_mgmt_create_pool

i.mint_buf_mgmt_free_buffer
                0x00006630       0xa4
 i.mint_buf_mgmt_free_buffer
                0x00006630       0xa4 ..\..\..\PSoC Creator\4.2\Downloads ( 4.2).cylib\BLE_v3_61\Library\gccCyBLEStack_BLE_SOC_PERIPHERAL.a(mint_buf_mgmt.o)
                0x00006630                mint_buf_mgmt_free_buffer

i.mint_buf_mgmt_init
                0x000066d4       0x44
 i.mint_buf_mgmt_init
                0x000066d4       0x44 ..\..\..\PSoC Creator\4.2\Downloads ( 4.2).cylib\BLE_v3_61\Library\gccCyBLEStack_BLE_SOC_PERIPHERAL.a(mint_buf_mgmt.o)
                0x000066d4                mint_buf_mgmt_init

i.mint_buf_mgmt_malloc
                0x00006718       0x28
 i.mint_buf_mgmt_malloc
                0x00006718       0x28 ..\..\..\PSoC Creator\4.2\Downloads ( 4.2).cylib\BLE_v3_61\Library\gccCyBLEStack_BLE_SOC_PERIPHERAL.a(mint_buf_mgmt.o)
                0x00006718                mint_buf_mgmt_malloc

i.mint_buf_mgmt_pl_init
                0x00006740       0x48
 i.mint_buf_mgmt_pl_init
                0x00006740       0x48 ..\..\..\PSoC Creator\4.2\Downloads ( 4.2).cylib\BLE_v3_61\Library\gccCyBLEStack_BLE_SOC_PERIPHERAL.a(mint_buf_mgmt.o)
                0x00006740                mint_buf_mgmt_pl_init

i.mint_buf_mgmt_reset_pool
                0x00006788       0x70
 i.mint_buf_mgmt_reset_pool
                0x00006788       0x70 ..\..\..\PSoC Creator\4.2\Downloads ( 4.2).cylib\BLE_v3_61\Library\gccCyBLEStack_BLE_SOC_PERIPHERAL.a(mint_buf_mgmt.o)
                0x00006788                mint_buf_mgmt_reset_pool

i.mint_buf_mgmt_stack_init
                0x000067f8       0x24
 i.mint_buf_mgmt_stack_init
                0x000067f8       0x24 ..\..\..\PSoC Creator\4.2\Downloads ( 4.2).cylib\BLE_v3_61\Library\gccCyBLEStack_BLE_SOC_PERIPHERAL.a(mint_buf_mgmt.o)
                0x000067f8                mint_buf_mgmt_stack_init

i.mint_buf_mgmt_stack_pop
                0x0000681c       0x36
 i.mint_buf_mgmt_stack_pop
                0x0000681c       0x36 ..\..\..\PSoC Creator\4.2\Downloads ( 4.2).cylib\BLE_v3_61\Library\gccCyBLEStack_BLE_SOC_PERIPHERAL.a(mint_buf_mgmt.o)
                0x0000681c                mint_buf_mgmt_stack_pop

i.mint_buf_mgmt_stack_push
                0x00006852       0x36
 i.mint_buf_mgmt_stack_push
                0x00006852       0x36 ..\..\..\PSoC Creator\4.2\Downloads ( 4.2).cylib\BLE_v3_61\Library\gccCyBLEStack_BLE_SOC_PERIPHERAL.a(mint_buf_mgmt.o)
                0x00006852                mint_buf_mgmt_stack_push

i.mint_buf_mgmt_stack_reset
                0x00006888       0x1e
 i.mint_buf_mgmt_stack_reset
                0x00006888       0x1e ..\..\..\PSoC Creator\4.2\Downloads ( 4.2).cylib\BLE_v3_61\Library\gccCyBLEStack_BLE_SOC_PERIPHERAL.a(mint_buf_mgmt.o)
                0x00006888                mint_buf_mgmt_stack_reset

i.mint_buf_mgmt_stack_search_item
                0x000068a6       0x30
 i.mint_buf_mgmt_stack_search_item
                0x000068a6       0x30 ..\..\..\PSoC Creator\4.2\Downloads ( 4.2).cylib\BLE_v3_61\Library\gccCyBLEStack_BLE_SOC_PERIPHERAL.a(mint_buf_mgmt.o)
                0x000068a6                mint_buf_mgmt_stack_search_item

i.CyBleControllerIP_GetPingState
                0x000068d8        0xc
 i.CyBleControllerIP_GetPingState
                0x000068d8        0xc ..\..\..\PSoC Creator\4.2\Downloads ( 4.2).cylib\BLE_v3_61\Library\gccCyBLEStack_BLE_SOC_PERIPHERAL.a(CyBleControllerIP_Interface.o)
                0x000068d8                CyBleControllerIP_GetPingState

i.CyBleController_AddDeviceToWhiteList
                0x000068e4       0x48
 i.CyBleController_AddDeviceToWhiteList
                0x000068e4       0x48 ..\..\..\PSoC Creator\4.2\Downloads ( 4.2).cylib\BLE_v3_61\Library\gccCyBLEStack_BLE_SOC_PERIPHERAL.a(CyBleControllerIP_Interface.o)
                0x000068e4                CyBleController_AddDeviceToWhiteList

i.CyBleController_EnableDefaultDevicePrivacy
                0x0000692c        0xc
 i.CyBleController_EnableDefaultDevicePrivacy
                0x0000692c        0xc ..\..\..\PSoC Creator\4.2\Downloads ( 4.2).cylib\BLE_v3_61\Library\gccCyBLEStack_BLE_SOC_PERIPHERAL.a(CyBleControllerIP_Interface.o)
                0x0000692c                CyBleController_EnableDefaultDevicePrivacy

i.CyBleController_ExitLowPowerMode
                0x00006938       0x10
 i.CyBleController_ExitLowPowerMode
                0x00006938       0x10 ..\..\..\PSoC Creator\4.2\Downloads ( 4.2).cylib\BLE_v3_61\Library\gccCyBLEStack_BLE_SOC_PERIPHERAL.a(CyBleControllerIP_Interface.o)
                0x00006938                CyBleController_ExitLowPowerMode

i.CyBleController_GetDeviceAddress
                0x00006948       0x22
 i.CyBleController_GetDeviceAddress
                0x00006948       0x22 ..\..\..\PSoC Creator\4.2\Downloads ( 4.2).cylib\BLE_v3_61\Library\gccCyBLEStack_BLE_SOC_PERIPHERAL.a(CyBleControllerIP_Interface.o)
                0x00006948                CyBleController_GetDeviceAddress

i.CyBleController_GetDleHeapMemory
                0x0000696a       0x10
 i.CyBleController_GetDleHeapMemory
                0x0000696a       0x10 ..\..\..\PSoC Creator\4.2\Downloads ( 4.2).cylib\BLE_v3_61\Library\gccCyBLEStack_BLE_SOC_PERIPHERAL.a(CyBleControllerIP_Interface.o)
                0x0000696a                CyBleController_GetDleHeapMemory

i.CyBleController_GetPrivacyHeapMemory
                0x0000697c       0x1c
 i.CyBleController_GetPrivacyHeapMemory
                0x0000697c       0x1c ..\..\..\PSoC Creator\4.2\Downloads ( 4.2).cylib\BLE_v3_61\Library\gccCyBLEStack_BLE_SOC_PERIPHERAL.a(CyBleControllerIP_Interface.o)
                0x0000697c                CyBleController_GetPrivacyHeapMemory

i.CyBleController_Init
                0x00006998       0x40
 i.CyBleController_Init
                0x00006998       0x40 ..\..\..\PSoC Creator\4.2\Downloads ( 4.2).cylib\BLE_v3_61\Library\gccCyBLEStack_BLE_SOC_PERIPHERAL.a(CyBleControllerIP_Interface.o)
                0x00006998                CyBleController_Init

i.CyBleController_SetDeviceAddress
                0x000069d8       0x2e
 i.CyBleController_SetDeviceAddress
                0x000069d8       0x2e ..\..\..\PSoC Creator\4.2\Downloads ( 4.2).cylib\BLE_v3_61\Library\gccCyBLEStack_BLE_SOC_PERIPHERAL.a(CyBleControllerIP_Interface.o)
                0x000069d8                CyBleController_SetDeviceAddress

i.CyBleController_SetDleParams
                0x00006a08       0x1c
 i.CyBleController_SetDleParams
                0x00006a08       0x1c ..\..\..\PSoC Creator\4.2\Downloads ( 4.2).cylib\BLE_v3_61\Library\gccCyBLEStack_BLE_SOC_PERIPHERAL.a(CyBleControllerIP_Interface.o)
                0x00006a08                CyBleController_SetDleParams

i.CyBleController_SetLePrivacyParams
                0x00006a24       0x18
 i.CyBleController_SetLePrivacyParams
                0x00006a24       0x18 ..\..\..\PSoC Creator\4.2\Downloads ( 4.2).cylib\BLE_v3_61\Library\gccCyBLEStack_BLE_SOC_PERIPHERAL.a(CyBleControllerIP_Interface.o)
                0x00006a24                CyBleController_SetLePrivacyParams

i.CyBle_GetFirmwareProgrammedDSM
                0x00006a3c        0xc
 i.CyBle_GetFirmwareProgrammedDSM
                0x00006a3c        0xc ..\..\..\PSoC Creator\4.2\Downloads ( 4.2).cylib\BLE_v3_61\Library\gccCyBLEStack_BLE_SOC_PERIPHERAL.a(CyBleControllerIP_Interface.o)
                0x00006a3c                CyBle_GetFirmwareProgrammedDSM

i.CyBle_GetTxPowerLevel
                0x00006a48       0x54
 i.CyBle_GetTxPowerLevel
                0x00006a48       0x54 ..\..\..\PSoC Creator\4.2\Downloads ( 4.2).cylib\BLE_v3_61\Library\gccCyBLEStack_BLE_SOC_PERIPHERAL.a(CyBleControllerIP_Interface.o)
                0x00006a48                CyBle_GetTxPowerLevel

i.CyBle_SendBlessEvtoAPP
                0x00006a9c        0xc
 i.CyBle_SendBlessEvtoAPP
                0x00006a9c        0xc ..\..\..\PSoC Creator\4.2\Downloads ( 4.2).cylib\BLE_v3_61\Library\gccCyBLEStack_BLE_SOC_PERIPHERAL.a(CyBleControllerIP_Interface.o)
                0x00006a9c                CyBle_SendBlessEvtoAPP

i.CyBle_SendEventToApp
                0x00006aa8       0x38
 i.CyBle_SendEventToApp
                0x00006aa8       0x38 ..\..\..\PSoC Creator\4.2\Downloads ( 4.2).cylib\BLE_v3_61\Library\gccCyBLEStack_BLE_SOC_PERIPHERAL.a(CyBleControllerIP_Interface.o)
                0x00006aa8                CyBle_SendEventToApp

i.CyBle_SetFirmwareProgrammedDSM
                0x00006ae0        0xc
 i.CyBle_SetFirmwareProgrammedDSM
                0x00006ae0        0xc ..\..\..\PSoC Creator\4.2\Downloads ( 4.2).cylib\BLE_v3_61\Library\gccCyBLEStack_BLE_SOC_PERIPHERAL.a(CyBleControllerIP_Interface.o)
                0x00006ae0                CyBle_SetFirmwareProgrammedDSM

i.CyBle_SetTxPowerLevel
                0x00006aec       0x88
 i.CyBle_SetTxPowerLevel
                0x00006aec       0x88 ..\..\..\PSoC Creator\4.2\Downloads ( 4.2).cylib\BLE_v3_61\Library\gccCyBLEStack_BLE_SOC_PERIPHERAL.a(CyBleControllerIP_Interface.o)
                0x00006aec                CyBle_SetTxPowerLevel

i.ll_check_and_mark_packet_ready_for_transmission
                0x00006b74       0x44
 i.ll_check_and_mark_packet_ready_for_transmission
                0x00006b74       0x44 ..\..\..\PSoC Creator\4.2\Downloads ( 4.2).cylib\BLE_v3_61\Library\gccCyBLEStack_BLE_SOC_PERIPHERAL.a(ll.o)
                0x00006b74                ll_check_and_mark_packet_ready_for_transmission

i.ll_cleanup_pending_data_pdu
                0x00006bb8       0x44
 i.ll_cleanup_pending_data_pdu
                0x00006bb8       0x44 ..\..\..\PSoC Creator\4.2\Downloads ( 4.2).cylib\BLE_v3_61\Library\gccCyBLEStack_BLE_SOC_PERIPHERAL.a(ll.o)
                0x00006bb8                ll_cleanup_pending_data_pdu

i.ll_exit_low_power_mode
                0x00006bfc       0x84
 i.ll_exit_low_power_mode
                0x00006bfc       0x84 ..\..\..\PSoC Creator\4.2\Downloads ( 4.2).cylib\BLE_v3_61\Library\gccCyBLEStack_BLE_SOC_PERIPHERAL.a(ll.o)
                0x00006bfc                ll_exit_low_power_mode

i.ll_get_ack_status
                0x00006c80       0x44
 i.ll_get_ack_status
                0x00006c80       0x44 ..\..\..\PSoC Creator\4.2\Downloads ( 4.2).cylib\BLE_v3_61\Library\gccCyBLEStack_BLE_SOC_PERIPHERAL.a(ll.o)
                0x00006c80                ll_get_ack_status

i.ll_get_adv_ch_tx_power
                0x00006cc4       0x20
 i.ll_get_adv_ch_tx_power
                0x00006cc4       0x20 ..\..\..\PSoC Creator\4.2\Downloads ( 4.2).cylib\BLE_v3_61\Library\gccCyBLEStack_BLE_SOC_PERIPHERAL.a(ll.o)
                0x00006cc4                ll_get_adv_ch_tx_power

i.ll_get_data_channel_map
                0x00006ce4       0x28
 i.ll_get_data_channel_map
                0x00006ce4       0x28 ..\..\..\PSoC Creator\4.2\Downloads ( 4.2).cylib\BLE_v3_61\Library\gccCyBLEStack_BLE_SOC_PERIPHERAL.a(ll.o)
                0x00006ce4                ll_get_data_channel_map

i.ll_get_max_white_list_size
                0x00006d0c        0xc
 i.ll_get_max_white_list_size
                0x00006d0c        0xc ..\..\..\PSoC Creator\4.2\Downloads ( 4.2).cylib\BLE_v3_61\Library\gccCyBLEStack_BLE_SOC_PERIPHERAL.a(ll.o)
                0x00006d0c                ll_get_max_white_list_size

i.ll_get_my_role
                0x00006d18        0xc
 i.ll_get_my_role
                0x00006d18        0xc ..\..\..\PSoC Creator\4.2\Downloads ( 4.2).cylib\BLE_v3_61\Library\gccCyBLEStack_BLE_SOC_PERIPHERAL.a(ll.o)
                0x00006d18                ll_get_my_role

i.ll_get_next_available_fifo_for_data_pdu
                0x00006d24        0x8
 i.ll_get_next_available_fifo_for_data_pdu
                0x00006d24        0x8 ..\..\..\PSoC Creator\4.2\Downloads ( 4.2).cylib\BLE_v3_61\Library\gccCyBLEStack_BLE_SOC_PERIPHERAL.a(ll.o)
                0x00006d24                ll_get_next_available_fifo_for_data_pdu

i.ll_get_next_available_fifo_for_ll_pdu
                0x00006d2c       0x2c
 i.ll_get_next_available_fifo_for_ll_pdu
                0x00006d2c       0x2c ..\..\..\PSoC Creator\4.2\Downloads ( 4.2).cylib\BLE_v3_61\Library\gccCyBLEStack_BLE_SOC_PERIPHERAL.a(ll.o)
                0x00006d2c                ll_get_next_available_fifo_for_ll_pdu

i.ll_get_rssi_value
                0x00006d58       0x26
 i.ll_get_rssi_value
                0x00006d58       0x26 ..\..\..\PSoC Creator\4.2\Downloads ( 4.2).cylib\BLE_v3_61\Library\gccCyBLEStack_BLE_SOC_PERIPHERAL.a(ll.o)
                0x00006d58                ll_get_rssi_value

i.ll_get_transmit_power_level
                0x00006d80       0x2c
 i.ll_get_transmit_power_level
                0x00006d80       0x2c ..\..\..\PSoC Creator\4.2\Downloads ( 4.2).cylib\BLE_v3_61\Library\gccCyBLEStack_BLE_SOC_PERIPHERAL.a(ll.o)
                0x00006d80                ll_get_transmit_power_level

i.ll_handle_ack_received
                0x00006dac       0x74
 i.ll_handle_ack_received
                0x00006dac       0x74 ..\..\..\PSoC Creator\4.2\Downloads ( 4.2).cylib\BLE_v3_61\Library\gccCyBLEStack_BLE_SOC_PERIPHERAL.a(ll.o)
                0x00006dac                ll_handle_ack_received

i.ll_handle_add_device_in_whitelist
                0x00006e20       0x50
 i.ll_handle_add_device_in_whitelist
                0x00006e20       0x50 ..\..\..\PSoC Creator\4.2\Downloads ( 4.2).cylib\BLE_v3_61\Library\gccCyBLEStack_BLE_SOC_PERIPHERAL.a(ll.o)
                0x00006e20                ll_handle_add_device_in_whitelist

i.ll_handle_clear_whitelist
                0x00006e70       0x24
 i.ll_handle_clear_whitelist
                0x00006e70       0x24 ..\..\..\PSoC Creator\4.2\Downloads ( 4.2).cylib\BLE_v3_61\Library\gccCyBLEStack_BLE_SOC_PERIPHERAL.a(ll.o)
                0x00006e70                ll_handle_clear_whitelist

i.ll_handle_encrypt_host_data
                0x00006e94       0x36
 i.ll_handle_encrypt_host_data
                0x00006e94       0x36 ..\..\..\PSoC Creator\4.2\Downloads ( 4.2).cylib\BLE_v3_61\Library\gccCyBLEStack_BLE_SOC_PERIPHERAL.a(ll.o)
                0x00006e94                ll_handle_encrypt_host_data

i.ll_handle_host_data_packet
                0x00006ecc       0x9c
 i.ll_handle_host_data_packet
                0x00006ecc       0x9c ..\..\..\PSoC Creator\4.2\Downloads ( 4.2).cylib\BLE_v3_61\Library\gccCyBLEStack_BLE_SOC_PERIPHERAL.a(ll.o)
                0x00006ecc                ll_handle_host_data_packet

i.ll_handle_read_host_channel_map
                0x00006f68        0x4
 i.ll_handle_read_host_channel_map
                0x00006f68        0x4 ..\..\..\PSoC Creator\4.2\Downloads ( 4.2).cylib\BLE_v3_61\Library\gccCyBLEStack_BLE_SOC_PERIPHERAL.a(ll.o)
                0x00006f68                ll_handle_read_host_channel_map

i.ll_handle_remove_device_in_whitelist
                0x00006f6c       0x38
 i.ll_handle_remove_device_in_whitelist
                0x00006f6c       0x38 ..\..\..\PSoC Creator\4.2\Downloads ( 4.2).cylib\BLE_v3_61\Library\gccCyBLEStack_BLE_SOC_PERIPHERAL.a(ll.o)
                0x00006f6c                ll_handle_remove_device_in_whitelist

i.ll_handle_reset
                0x00006fa4        0xe
 i.ll_handle_reset
                0x00006fa4        0xe ..\..\..\PSoC Creator\4.2\Downloads ( 4.2).cylib\BLE_v3_61\Library\gccCyBLEStack_BLE_SOC_PERIPHERAL.a(ll.o)
                0x00006fa4                ll_handle_reset

i.ll_handle_set_random_address
                0x00006fb2       0x36
 i.ll_handle_set_random_address
                0x00006fb2       0x36 ..\..\..\PSoC Creator\4.2\Downloads ( 4.2).cylib\BLE_v3_61\Library\gccCyBLEStack_BLE_SOC_PERIPHERAL.a(ll.o)
                0x00006fb2                ll_handle_set_random_address

i.ll_init       0x00006fe8       0x20
 i.ll_init      0x00006fe8       0x20 ..\..\..\PSoC Creator\4.2\Downloads ( 4.2).cylib\BLE_v3_61\Library\gccCyBLEStack_BLE_SOC_PERIPHERAL.a(ll.o)
                0x00006fe8                ll_init

i.ll_initialize_device_attributes
                0x00007008       0xc0
 i.ll_initialize_device_attributes
                0x00007008       0xc0 ..\..\..\PSoC Creator\4.2\Downloads ( 4.2).cylib\BLE_v3_61\Library\gccCyBLEStack_BLE_SOC_PERIPHERAL.a(ll.o)
                0x00007008                ll_initialize_device_attributes

i.ll_is_pkt_pending
                0x000070c8       0x2a
 i.ll_is_pkt_pending
                0x000070c8       0x2a ..\..\..\PSoC Creator\4.2\Downloads ( 4.2).cylib\BLE_v3_61\Library\gccCyBLEStack_BLE_SOC_PERIPHERAL.a(ll.o)
                0x000070c8                ll_is_pkt_pending

i.ll_is_sent_pkt_pending
                0x000070f2       0x1a
 i.ll_is_sent_pkt_pending
                0x000070f2       0x1a ..\..\..\PSoC Creator\4.2\Downloads ( 4.2).cylib\BLE_v3_61\Library\gccCyBLEStack_BLE_SOC_PERIPHERAL.a(ll.o)
                0x000070f2                ll_is_sent_pkt_pending

i.ll_isr_exit_low_power_mode
                0x0000710c       0x16
 i.ll_isr_exit_low_power_mode
                0x0000710c       0x16 ..\..\..\PSoC Creator\4.2\Downloads ( 4.2).cylib\BLE_v3_61\Library\gccCyBLEStack_BLE_SOC_PERIPHERAL.a(ll.o)
                0x0000710c                ll_isr_exit_low_power_mode

i.ll_load_host_data_packet
                0x00007122       0x3c
 i.ll_load_host_data_packet
                0x00007122       0x3c ..\..\..\PSoC Creator\4.2\Downloads ( 4.2).cylib\BLE_v3_61\Library\gccCyBLEStack_BLE_SOC_PERIPHERAL.a(ll.o)
                0x00007122                ll_load_host_data_packet

i.ll_load_packet_to_fifo
                0x00007160       0xc0
 i.ll_load_packet_to_fifo
                0x00007160       0xc0 ..\..\..\PSoC Creator\4.2\Downloads ( 4.2).cylib\BLE_v3_61\Library\gccCyBLEStack_BLE_SOC_PERIPHERAL.a(ll.o)
                0x00007160                ll_load_packet_to_fifo

i.ll_process_acks
                0x00007220       0x60
 i.ll_process_acks
                0x00007220       0x60 ..\..\..\PSoC Creator\4.2\Downloads ( 4.2).cylib\BLE_v3_61\Library\gccCyBLEStack_BLE_SOC_PERIPHERAL.a(ll.o)
                0x00007220                ll_process_acks

i.ll_reset      0x00007280       0x14
 i.ll_reset     0x00007280       0x14 ..\..\..\PSoC Creator\4.2\Downloads ( 4.2).cylib\BLE_v3_61\Library\gccCyBLEStack_BLE_SOC_PERIPHERAL.a(ll.o)
                0x00007280                ll_reset

i.ll_update_active_features
                0x00007294       0x58
 i.ll_update_active_features
                0x00007294       0x58 ..\..\..\PSoC Creator\4.2\Downloads ( 4.2).cylib\BLE_v3_61\Library\gccCyBLEStack_BLE_SOC_PERIPHERAL.a(ll.o)
                0x00007294                ll_update_active_features

i.ll_update_device_fsm
                0x000072ec        0x8
 i.ll_update_device_fsm
                0x000072ec        0x8 ..\..\..\PSoC Creator\4.2\Downloads ( 4.2).cylib\BLE_v3_61\Library\gccCyBLEStack_BLE_SOC_PERIPHERAL.a(ll.o)
                0x000072ec                ll_update_device_fsm

i.ll_validate_add_device_to_whitelist_params
                0x000072f4       0x14
 i.ll_validate_add_device_to_whitelist_params
                0x000072f4       0x14 ..\..\..\PSoC Creator\4.2\Downloads ( 4.2).cylib\BLE_v3_61\Library\gccCyBLEStack_BLE_SOC_PERIPHERAL.a(ll.o)
                0x000072f4                ll_validate_add_device_to_whitelist_params

i.ll_validate_bd_addr
                0x00007308       0x1a
 i.ll_validate_bd_addr
                0x00007308       0x1a ..\..\..\PSoC Creator\4.2\Downloads ( 4.2).cylib\BLE_v3_61\Library\gccCyBLEStack_BLE_SOC_PERIPHERAL.a(ll.o)
                0x00007308                ll_validate_bd_addr

i.ll_wait_to_exit_dsm
                0x00007322       0x2c
 i.ll_wait_to_exit_dsm
                0x00007322       0x2c ..\..\..\PSoC Creator\4.2\Downloads ( 4.2).cylib\BLE_v3_61\Library\gccCyBLEStack_BLE_SOC_PERIPHERAL.a(ll.o)

i.pf_le_start_timer
                0x0000734e       0x16
 i.pf_le_start_timer
                0x0000734e       0x16 ..\..\..\PSoC Creator\4.2\Downloads ( 4.2).cylib\BLE_v3_61\Library\gccCyBLEStack_BLE_SOC_PERIPHERAL.a(ll.o)
                0x0000734e                pf_le_start_timer

i.pf_le_stop_timer
                0x00007364       0x12
 i.pf_le_stop_timer
                0x00007364       0x12 ..\..\..\PSoC Creator\4.2\Downloads ( 4.2).cylib\BLE_v3_61\Library\gccCyBLEStack_BLE_SOC_PERIPHERAL.a(ll.o)
                0x00007364                pf_le_stop_timer

i.CyBleControllerIP_TuneAdvEventInterPktSlots
                0x00007378       0x3c
 i.CyBleControllerIP_TuneAdvEventInterPktSlots
                0x00007378       0x3c ..\..\..\PSoC Creator\4.2\Downloads ( 4.2).cylib\BLE_v3_61\Library\gccCyBLEStack_BLE_SOC_PERIPHERAL.a(ll_advertiser.o)
                0x00007378                CyBleControllerIP_TuneAdvEventInterPktSlots

i.ll_adv_is_configured_connection_adv
                0x000073b4       0x1e
 i.ll_adv_is_configured_connection_adv
                0x000073b4       0x1e ..\..\..\PSoC Creator\4.2\Downloads ( 4.2).cylib\BLE_v3_61\Library\gccCyBLEStack_BLE_SOC_PERIPHERAL.a(ll_advertiser.o)
                0x000073b4                ll_adv_is_configured_connection_adv

i.ll_check_random_address_in_use_by_advertiser
                0x000073d2       0x10
 i.ll_check_random_address_in_use_by_advertiser
                0x000073d2       0x10 ..\..\..\PSoC Creator\4.2\Downloads ( 4.2).cylib\BLE_v3_61\Library\gccCyBLEStack_BLE_SOC_PERIPHERAL.a(ll_advertiser.o)
                0x000073d2                ll_check_random_address_in_use_by_advertiser

i.ll_check_whitelist_in_use_by_advertiser
                0x000073e2       0x10
 i.ll_check_whitelist_in_use_by_advertiser
                0x000073e2       0x10 ..\..\..\PSoC Creator\4.2\Downloads ( 4.2).cylib\BLE_v3_61\Library\gccCyBLEStack_BLE_SOC_PERIPHERAL.a(ll_advertiser.o)
                0x000073e2                ll_check_whitelist_in_use_by_advertiser

i.ll_get_adv_data
                0x000073f4        0xc
 i.ll_get_adv_data
                0x000073f4        0xc ..\..\..\PSoC Creator\4.2\Downloads ( 4.2).cylib\BLE_v3_61\Library\gccCyBLEStack_BLE_SOC_PERIPHERAL.a(ll_advertiser.o)
                0x000073f4                ll_get_adv_data

i.ll_get_adv_status
                0x00007400        0xc
 i.ll_get_adv_status
                0x00007400        0xc ..\..\..\PSoC Creator\4.2\Downloads ( 4.2).cylib\BLE_v3_61\Library\gccCyBLEStack_BLE_SOC_PERIPHERAL.a(ll_advertiser.o)
                0x00007400                ll_get_adv_status

i.ll_get_adv_type
                0x0000740c       0x18
 i.ll_get_adv_type
                0x0000740c       0x18 ..\..\..\PSoC Creator\4.2\Downloads ( 4.2).cylib\BLE_v3_61\Library\gccCyBLEStack_BLE_SOC_PERIPHERAL.a(ll_advertiser.o)
                0x0000740c                ll_get_adv_type

i.ll_get_scan_rsp_data
                0x00007424        0xc
 i.ll_get_scan_rsp_data
                0x00007424        0xc ..\..\..\PSoC Creator\4.2\Downloads ( 4.2).cylib\BLE_v3_61\Library\gccCyBLEStack_BLE_SOC_PERIPHERAL.a(ll_advertiser.o)
                0x00007424                ll_get_scan_rsp_data

i.ll_handle_adv_intr
                0x00007430       0x70
 i.ll_handle_adv_intr
                0x00007430       0x70 ..\..\..\PSoC Creator\4.2\Downloads ( 4.2).cylib\BLE_v3_61\Library\gccCyBLEStack_BLE_SOC_PERIPHERAL.a(ll_advertiser.o)
                0x00007430                ll_handle_adv_intr

i.ll_handle_set_adv_data
                0x000074a0       0x38
 i.ll_handle_set_adv_data
                0x000074a0       0x38 ..\..\..\PSoC Creator\4.2\Downloads ( 4.2).cylib\BLE_v3_61\Library\gccCyBLEStack_BLE_SOC_PERIPHERAL.a(ll_advertiser.o)
                0x000074a0                ll_handle_set_adv_data

i.ll_handle_set_adv_parameters
                0x000074d8       0xa4
 i.ll_handle_set_adv_parameters
                0x000074d8       0xa4 ..\..\..\PSoC Creator\4.2\Downloads ( 4.2).cylib\BLE_v3_61\Library\gccCyBLEStack_BLE_SOC_PERIPHERAL.a(ll_advertiser.o)
                0x000074d8                ll_handle_set_adv_parameters

i.ll_handle_set_advertise_enable
                0x0000757c       0x6a
 i.ll_handle_set_advertise_enable
                0x0000757c       0x6a ..\..\..\PSoC Creator\4.2\Downloads ( 4.2).cylib\BLE_v3_61\Library\gccCyBLEStack_BLE_SOC_PERIPHERAL.a(ll_advertiser.o)
                0x0000757c                ll_handle_set_advertise_enable

i.ll_handle_set_scan_resp_data
                0x000075e8       0x38
 i.ll_handle_set_scan_resp_data
                0x000075e8       0x38 ..\..\..\PSoC Creator\4.2\Downloads ( 4.2).cylib\BLE_v3_61\Library\gccCyBLEStack_BLE_SOC_PERIPHERAL.a(ll_advertiser.o)
                0x000075e8                ll_handle_set_scan_resp_data

i.ll_init_advertiser
                0x00007620       0x70
 i.ll_init_advertiser
                0x00007620       0x70 ..\..\..\PSoC Creator\4.2\Downloads ( 4.2).cylib\BLE_v3_61\Library\gccCyBLEStack_BLE_SOC_PERIPHERAL.a(ll_advertiser.o)
                0x00007620                ll_init_advertiser

i.ll_update_adv_data
                0x00007690       0x44
 i.ll_update_adv_data
                0x00007690       0x44 ..\..\..\PSoC Creator\4.2\Downloads ( 4.2).cylib\BLE_v3_61\Library\gccCyBLEStack_BLE_SOC_PERIPHERAL.a(ll_advertiser.o)
                0x00007690                ll_update_adv_data

i.ll_update_scan_rsp_data
                0x000076d4       0x44
 i.ll_update_scan_rsp_data
                0x000076d4       0x44 ..\..\..\PSoC Creator\4.2\Downloads ( 4.2).cylib\BLE_v3_61\Library\gccCyBLEStack_BLE_SOC_PERIPHERAL.a(ll_advertiser.o)
                0x000076d4                ll_update_scan_rsp_data

i.is_le_connection_handle
                0x00007718       0x28
 i.is_le_connection_handle
                0x00007718       0x28 ..\..\..\PSoC Creator\4.2\Downloads ( 4.2).cylib\BLE_v3_61\Library\gccCyBLEStack_BLE_SOC_PERIPHERAL.a(ll_connection.o)
                0x00007718                is_le_connection_handle

i.le_assign_connection_handle
                0x00007740       0x28
 i.le_assign_connection_handle
                0x00007740       0x28 ..\..\..\PSoC Creator\4.2\Downloads ( 4.2).cylib\BLE_v3_61\Library\gccCyBLEStack_BLE_SOC_PERIPHERAL.a(ll_connection.o)
                0x00007740                le_assign_connection_handle

i.le_get_connection_index
                0x00007768        0x6
 i.le_get_connection_index
                0x00007768        0x6 ..\..\..\PSoC Creator\4.2\Downloads ( 4.2).cylib\BLE_v3_61\Library\gccCyBLEStack_BLE_SOC_PERIPHERAL.a(ll_connection.o)
                0x00007768                le_get_connection_index

i.ll_allocate_connection
                0x00007770       0x44
 i.ll_allocate_connection
                0x00007770       0x44 ..\..\..\PSoC Creator\4.2\Downloads ( 4.2).cylib\BLE_v3_61\Library\gccCyBLEStack_BLE_SOC_PERIPHERAL.a(ll_connection.o)
                0x00007770                ll_allocate_connection

i.ll_calculate_and_program_def_win_widen_drift
                0x000077b4       0x14
 i.ll_calculate_and_program_def_win_widen_drift
                0x000077b4       0x14 ..\..\..\PSoC Creator\4.2\Downloads ( 4.2).cylib\BLE_v3_61\Library\gccCyBLEStack_BLE_SOC_PERIPHERAL.a(ll_connection.o)