Archive member included to satisfy reference by file (symbol)

.\CortexM0\ARM_GCC_541\Debug\test.a(I2C_1.o)
                              .\CortexM0\ARM_GCC_541\Debug\main.o (I2C_1_Start)
.\CortexM0\ARM_GCC_541\Debug\test.a(I2C_1_I2C.o)
                              .\CortexM0\ARM_GCC_541\Debug\test.a(I2C_1.o) (I2C_1_I2CInit)
.\CortexM0\ARM_GCC_541\Debug\test.a(I2C_1_I2C_MASTER.o)
                              .\CortexM0\ARM_GCC_541\Debug\test.a(I2C_1_I2C.o) (I2C_1_mstrStatus)
.\CortexM0\ARM_GCC_541\Debug\test.a(CyLib.o)
                              .\CortexM0\ARM_GCC_541\Debug\cyfitter_cfg.o (CySysClkWriteImoFreq)
.\CortexM0\ARM_GCC_541\Debug\test.a(CyLFClk.o)
                              .\CortexM0\ARM_GCC_541\Debug\cyfitter_cfg.o (CySysClkWcoStart)
.\CortexM0\ARM_GCC_541\Debug\test.a(GREEN.o)
                              .\CortexM0\ARM_GCC_541\Debug\main.o (GREEN_Write)
.\CortexM0\ARM_GCC_541\Debug\test.a(BLUE.o)
                              .\CortexM0\ARM_GCC_541\Debug\main.o (BLUE_Write)
.\CortexM0\ARM_GCC_541\Debug\test.a(RED.o)
                              .\CortexM0\ARM_GCC_541\Debug\main.o (RED_Write)
.\CortexM0\ARM_GCC_541\Debug\test.a(CEPIN.o)
                              .\CortexM0\ARM_GCC_541\Debug\main.o (CEPIN_Write)
.\CortexM0\ARM_GCC_541\Debug\test.a(CyBootAsmGnu.o)
                              .\CortexM0\ARM_GCC_541\Debug\cyfitter_cfg.o (CyDelayCycles)
.\CortexM0\ARM_GCC_541\Debug\test.a(I2C_1_I2C_INT.o)
                              .\CortexM0\ARM_GCC_541\Debug\test.a(I2C_1_I2C.o) (I2C_1_I2C_ISR)
c:/program files (x86)/cypress/psoc creator/4.2/psoc creator/import/gnu/arm/5.4.1/bin/../lib/gcc/arm-none-eabi/5.4.1/armv6-m\libgcc.a(_udivsi3.o)
                              .\CortexM0\ARM_GCC_541\Debug\test.a(CyLib.o) (__aeabi_uidiv)
c:/program files (x86)/cypress/psoc creator/4.2/psoc creator/import/gnu/arm/5.4.1/bin/../lib/gcc/arm-none-eabi/5.4.1/armv6-m\libgcc.a(_divsi3.o)
                              .\CortexM0\ARM_GCC_541\Debug\test.a(CyLFClk.o) (__aeabi_idiv)
c:/program files (x86)/cypress/psoc creator/4.2/psoc creator/import/gnu/arm/5.4.1/bin/../lib/gcc/arm-none-eabi/5.4.1/armv6-m\libgcc.a(_dvmd_tls.o)
                              c:/program files (x86)/cypress/psoc creator/4.2/psoc creator/import/gnu/arm/5.4.1/bin/../lib/gcc/arm-none-eabi/5.4.1/armv6-m\libgcc.a(_udivsi3.o) (__aeabi_idiv0)
c:/program files (x86)/cypress/psoc creator/4.2/psoc creator/import/gnu/arm/5.4.1/bin/../lib/gcc/arm-none-eabi/5.4.1/../../../../arm-none-eabi/lib/armv6-m\libg_nano.a(lib_a-errno.o)
                              .\CortexM0\ARM_GCC_541\Debug\Cm0Start.o (__errno)
c:/program files (x86)/cypress/psoc creator/4.2/psoc creator/import/gnu/arm/5.4.1/bin/../lib/gcc/arm-none-eabi/5.4.1/../../../../arm-none-eabi/lib/armv6-m\libg_nano.a(lib_a-exit.o)
                              c:/program files (x86)/cypress/psoc creator/4.2/psoc creator/import/gnu/arm/5.4.1/bin/../lib/gcc/arm-none-eabi/5.4.1/../../../../arm-none-eabi/lib/armv6-m/crt0.o (exit)
c:/program files (x86)/cypress/psoc creator/4.2/psoc creator/import/gnu/arm/5.4.1/bin/../lib/gcc/arm-none-eabi/5.4.1/../../../../arm-none-eabi/lib/armv6-m\libg_nano.a(lib_a-impure.o)
                              c:/program files (x86)/cypress/psoc creator/4.2/psoc creator/import/gnu/arm/5.4.1/bin/../lib/gcc/arm-none-eabi/5.4.1/../../../../arm-none-eabi/lib/armv6-m\libg_nano.a(lib_a-exit.o) (_global_impure_ptr)
c:/program files (x86)/cypress/psoc creator/4.2/psoc creator/import/gnu/arm/5.4.1/bin/../lib/gcc/arm-none-eabi/5.4.1/../../../../arm-none-eabi/lib/armv6-m\libg_nano.a(lib_a-init.o)
                              c:/program files (x86)/cypress/psoc creator/4.2/psoc creator/import/gnu/arm/5.4.1/bin/../lib/gcc/arm-none-eabi/5.4.1/../../../../arm-none-eabi/lib/armv6-m/crt0.o (__libc_init_array)
c:/program files (x86)/cypress/psoc creator/4.2/psoc creator/import/gnu/arm/5.4.1/bin/../lib/gcc/arm-none-eabi/5.4.1/../../../../arm-none-eabi/lib/armv6-m\libg_nano.a(lib_a-memcpy-stub.o)
                              .\CortexM0\ARM_GCC_541\Debug\cyfitter_cfg.o (memcpy)
c:/program files (x86)/cypress/psoc creator/4.2/psoc creator/import/gnu/arm/5.4.1/bin/../lib/gcc/arm-none-eabi/5.4.1/../../../../arm-none-eabi/lib/armv6-m\libg_nano.a(lib_a-memset.o)
                              c:/program files (x86)/cypress/psoc creator/4.2/psoc creator/import/gnu/arm/5.4.1/bin/../lib/gcc/arm-none-eabi/5.4.1/../../../../arm-none-eabi/lib/armv6-m/crt0.o (memset)

Allocating common symbols
Common symbol       size              file

I2C_1_mstrWrBufIndexTmp
                    0x4               .\CortexM0\ARM_GCC_541\Debug\test.a(I2C_1_I2C_MASTER.o)
I2C_1_mstrWrBufIndex
                    0x4               .\CortexM0\ARM_GCC_541\Debug\test.a(I2C_1_I2C_MASTER.o)
I2C_1_mstrControl   0x1               .\CortexM0\ARM_GCC_541\Debug\test.a(I2C_1_I2C_MASTER.o)
I2C_1_mstrStatus    0x2               .\CortexM0\ARM_GCC_541\Debug\test.a(I2C_1_I2C_MASTER.o)
I2C_1_mstrWrBufSize
                    0x4               .\CortexM0\ARM_GCC_541\Debug\test.a(I2C_1_I2C_MASTER.o)
I2C_1_mstrRdBufIndex
                    0x4               .\CortexM0\ARM_GCC_541\Debug\test.a(I2C_1_I2C_MASTER.o)
I2C_1_state         0x1               .\CortexM0\ARM_GCC_541\Debug\test.a(I2C_1_I2C.o)
I2C_1_mstrWrBufPtr  0x4               .\CortexM0\ARM_GCC_541\Debug\test.a(I2C_1_I2C_MASTER.o)
I2C_1_mstrRdBufPtr  0x4               .\CortexM0\ARM_GCC_541\Debug\test.a(I2C_1_I2C_MASTER.o)
I2C_1_mstrRdBufSize
                    0x4               .\CortexM0\ARM_GCC_541\Debug\test.a(I2C_1_I2C_MASTER.o)

Discarded input sections

 .text          0x00000000        0x0 c:/program files (x86)/cypress/psoc creator/4.2/psoc creator/import/gnu/arm/5.4.1/bin/../lib/gcc/arm-none-eabi/5.4.1/armv6-m/crti.o
 .data          0x00000000        0x0 c:/program files (x86)/cypress/psoc creator/4.2/psoc creator/import/gnu/arm/5.4.1/bin/../lib/gcc/arm-none-eabi/5.4.1/armv6-m/crti.o
 .bss           0x00000000        0x0 c:/program files (x86)/cypress/psoc creator/4.2/psoc creator/import/gnu/arm/5.4.1/bin/../lib/gcc/arm-none-eabi/5.4.1/armv6-m/crti.o
 .data          0x00000000        0x4 c:/program files (x86)/cypress/psoc creator/4.2/psoc creator/import/gnu/arm/5.4.1/bin/../lib/gcc/arm-none-eabi/5.4.1/armv6-m/crtbegin.o
 .text          0x00000000       0x78 c:/program files (x86)/cypress/psoc creator/4.2/psoc creator/import/gnu/arm/5.4.1/bin/../lib/gcc/arm-none-eabi/5.4.1/../../../../arm-none-eabi/lib/armv6-m/crt0.o
 .data          0x00000000        0x0 c:/program files (x86)/cypress/psoc creator/4.2/psoc creator/import/gnu/arm/5.4.1/bin/../lib/gcc/arm-none-eabi/5.4.1/../../../../arm-none-eabi/lib/armv6-m/crt0.o
 .bss           0x00000000        0x0 c:/program files (x86)/cypress/psoc creator/4.2/psoc creator/import/gnu/arm/5.4.1/bin/../lib/gcc/arm-none-eabi/5.4.1/../../../../arm-none-eabi/lib/armv6-m/crt0.o
 .ARM.extab     0x00000000        0x0 c:/program files (x86)/cypress/psoc creator/4.2/psoc creator/import/gnu/arm/5.4.1/bin/../lib/gcc/arm-none-eabi/5.4.1/../../../../arm-none-eabi/lib/armv6-m/crt0.o
 .ARM.exidx     0x00000000        0x8 c:/program files (x86)/cypress/psoc creator/4.2/psoc creator/import/gnu/arm/5.4.1/bin/../lib/gcc/arm-none-eabi/5.4.1/../../../../arm-none-eabi/lib/armv6-m/crt0.o
 .text          0x00000000        0x0 .\CortexM0\ARM_GCC_541\Debug\main.o
 .data          0x00000000        0x0 .\CortexM0\ARM_GCC_541\Debug\main.o
 .text          0x00000000        0x0 .\CortexM0\ARM_GCC_541\Debug\cyfitter_cfg.o
 .data          0x00000000        0x0 .\CortexM0\ARM_GCC_541\Debug\cyfitter_cfg.o
 .bss           0x00000000        0x0 .\CortexM0\ARM_GCC_541\Debug\cyfitter_cfg.o
 .text.CYCONFIGCPY
                0x00000000       0x20 .\CortexM0\ARM_GCC_541\Debug\cyfitter_cfg.o
 .text.CYCONFIGCPYCODE
                0x00000000       0x20 .\CortexM0\ARM_GCC_541\Debug\cyfitter_cfg.o
 .text          0x00000000        0x0 .\CortexM0\ARM_GCC_541\Debug\cymetadata.o
 .data          0x00000000        0x0 .\CortexM0\ARM_GCC_541\Debug\cymetadata.o
 .bss           0x00000000        0x0 .\CortexM0\ARM_GCC_541\Debug\cymetadata.o
 .text          0x00000000        0x0 .\CortexM0\ARM_GCC_541\Debug\Cm0Start.o
 .data          0x00000000        0x4 .\CortexM0\ARM_GCC_541\Debug\Cm0Start.o
 .bss           0x00000000        0x0 .\CortexM0\ARM_GCC_541\Debug\Cm0Start.o
 .text._exit    0x00000000       0x14 .\CortexM0\ARM_GCC_541\Debug\Cm0Start.o
 .text._sbrk    0x00000000       0x50 .\CortexM0\ARM_GCC_541\Debug\Cm0Start.o
 .text          0x00000000        0x0 .\CortexM0\ARM_GCC_541\Debug\test.a(I2C_1.o)
 .data          0x00000000        0x0 .\CortexM0\ARM_GCC_541\Debug\test.a(I2C_1.o)
 .text.I2C_1_Stop
                0x00000000       0x34 .\CortexM0\ARM_GCC_541\Debug\test.a(I2C_1.o)
 .text.I2C_1_SetRxFifoLevel
                0x00000000       0x34 .\CortexM0\ARM_GCC_541\Debug\test.a(I2C_1.o)
 .text.I2C_1_SetTxFifoLevel
                0x00000000       0x34 .\CortexM0\ARM_GCC_541\Debug\test.a(I2C_1.o)
 .text.I2C_1_SetCustomInterruptHandler
                0x00000000       0x1c .\CortexM0\ARM_GCC_541\Debug\test.a(I2C_1.o)
 .text.I2C_1_ScbModeStop
                0x00000000       0x10 .\CortexM0\ARM_GCC_541\Debug\test.a(I2C_1.o)
 .text          0x00000000        0x0 .\CortexM0\ARM_GCC_541\Debug\test.a(I2C_1_I2C.o)
 .data          0x00000000        0x0 .\CortexM0\ARM_GCC_541\Debug\test.a(I2C_1_I2C.o)
 .bss           0x00000000        0x0 .\CortexM0\ARM_GCC_541\Debug\test.a(I2C_1_I2C.o)
 .text.I2C_1_I2CStop
                0x00000000       0x28 .\CortexM0\ARM_GCC_541\Debug\test.a(I2C_1_I2C.o)
 .text          0x00000000        0x0 .\CortexM0\ARM_GCC_541\Debug\test.a(I2C_1_I2C_MASTER.o)
 .data          0x00000000        0x0 .\CortexM0\ARM_GCC_541\Debug\test.a(I2C_1_I2C_MASTER.o)
 .bss           0x00000000        0x0 .\CortexM0\ARM_GCC_541\Debug\test.a(I2C_1_I2C_MASTER.o)
 .text.I2C_1_I2CMasterSendStart
                0x00000000       0xf4 .\CortexM0\ARM_GCC_541\Debug\test.a(I2C_1_I2C_MASTER.o)
 .text.I2C_1_I2CMasterSendRestart
                0x00000000       0xa0 .\CortexM0\ARM_GCC_541\Debug\test.a(I2C_1_I2C_MASTER.o)
 .text.I2C_1_I2CMasterSendStop
                0x00000000       0x84 .\CortexM0\ARM_GCC_541\Debug\test.a(I2C_1_I2C_MASTER.o)
 .text.I2C_1_I2CMasterWriteByte
                0x00000000       0x74 .\CortexM0\ARM_GCC_541\Debug\test.a(I2C_1_I2C_MASTER.o)
 .text.I2C_1_I2CMasterReadByte
                0x00000000       0xb4 .\CortexM0\ARM_GCC_541\Debug\test.a(I2C_1_I2C_MASTER.o)
 .text.I2C_1_I2CMasterGetReadBufSize
                0x00000000       0x14 .\CortexM0\ARM_GCC_541\Debug\test.a(I2C_1_I2C_MASTER.o)
 .text.I2C_1_I2CMasterGetWriteBufSize
                0x00000000       0x14 .\CortexM0\ARM_GCC_541\Debug\test.a(I2C_1_I2C_MASTER.o)
 .text.I2C_1_I2CMasterClearReadBuf
                0x00000000       0x34 .\CortexM0\ARM_GCC_541\Debug\test.a(I2C_1_I2C_MASTER.o)
 .text.I2C_1_I2CMasterClearWriteBuf
                0x00000000       0x34 .\CortexM0\ARM_GCC_541\Debug\test.a(I2C_1_I2C_MASTER.o)
 .text.I2C_1_I2CMasterClearStatus
                0x00000000       0x30 .\CortexM0\ARM_GCC_541\Debug\test.a(I2C_1_I2C_MASTER.o)
 .text.I2C_1_I2CMasterHandleStatus
                0x00000000      0x104 .\CortexM0\ARM_GCC_541\Debug\test.a(I2C_1_I2C_MASTER.o)
 .text.I2C_1_I2CMasterWaitOneUnit
                0x00000000       0x4c .\CortexM0\ARM_GCC_541\Debug\test.a(I2C_1_I2C_MASTER.o)
 .text          0x00000000        0x0 .\CortexM0\ARM_GCC_541\Debug\test.a(CyLib.o)
 .bss           0x00000000       0x18 .\CortexM0\ARM_GCC_541\Debug\test.a(CyLib.o)
 .text.CySysClkImoStart
                0x00000000       0x1c .\CortexM0\ARM_GCC_541\Debug\test.a(CyLib.o)
 .text.CySysClkImoStop
                0x00000000       0x1c .\CortexM0\ARM_GCC_541\Debug\test.a(CyLib.o)
 .text.CySysClkWriteHfclkDirect
                0x00000000       0x48 .\CortexM0\ARM_GCC_541\Debug\test.a(CyLib.o)
 .text.CySysEnablePumpClock
                0x00000000       0x50 .\CortexM0\ARM_GCC_541\Debug\test.a(CyLib.o)
 .text.CySysClkGetSysclkSource
                0x00000000       0x34 .\CortexM0\ARM_GCC_541\Debug\test.a(CyLib.o)
 .text.CySysClkWriteSysclkDiv
                0x00000000       0x48 .\CortexM0\ARM_GCC_541\Debug\test.a(CyLib.o)
 .text.CySysClkEcoStop
                0x00000000       0x30 .\CortexM0\ARM_GCC_541\Debug\test.a(CyLib.o)
 .text.CySysClkWriteEcoDiv
                0x00000000       0x58 .\CortexM0\ARM_GCC_541\Debug\test.a(CyLib.o)
 .text.CySysLvdEnable
                0x00000000       0x64 .\CortexM0\ARM_GCC_541\Debug\test.a(CyLib.o)
 .text.CySysLvdDisable
                0x00000000       0x2c .\CortexM0\ARM_GCC_541\Debug\test.a(CyLib.o)
 .text.CySysLvdGetInterruptSource
                0x00000000       0x18 .\CortexM0\ARM_GCC_541\Debug\test.a(CyLib.o)
 .text.CySysLvdClearInterrupt
                0x00000000       0x14 .\CortexM0\ARM_GCC_541\Debug\test.a(CyLib.o)
 .text.CySysGetResetReason
                0x00000000       0x30 .\CortexM0\ARM_GCC_541\Debug\test.a(CyLib.o)
 .text.CyDisableInts
                0x00000000       0x24 .\CortexM0\ARM_GCC_541\Debug\test.a(CyLib.o)
 .text.CyEnableInts
                0x00000000       0x1c .\CortexM0\ARM_GCC_541\Debug\test.a(CyLib.o)
 .text.CyIntSetSysVector
                0x00000000       0x48 .\CortexM0\ARM_GCC_541\Debug\test.a(CyLib.o)
 .text.CyIntGetSysVector
                0x00000000       0x34 .\CortexM0\ARM_GCC_541\Debug\test.a(CyLib.o)
 .text.CyIntGetVector
                0x00000000       0x38 .\CortexM0\ARM_GCC_541\Debug\test.a(CyLib.o)
 .text.CyIntGetPriority
                0x00000000       0x58 .\CortexM0\ARM_GCC_541\Debug\test.a(CyLib.o)
 .text.CyIntGetState
                0x00000000       0x30 .\CortexM0\ARM_GCC_541\Debug\test.a(CyLib.o)
 .text.CyIntSetPending
                0x00000000       0x2c .\CortexM0\ARM_GCC_541\Debug\test.a(CyLib.o)
 .text.CyIntClearPending
                0x00000000       0x2c .\CortexM0\ARM_GCC_541\Debug\test.a(CyLib.o)
 .text.CySoftwareReset
                0x00000000       0x24 .\CortexM0\ARM_GCC_541\Debug\test.a(CyLib.o)
 .text.CyDelayFreq
                0x00000000       0x84 .\CortexM0\ARM_GCC_541\Debug\test.a(CyLib.o)
 .text.CySysTickStart
                0x00000000       0x24 .\CortexM0\ARM_GCC_541\Debug\test.a(CyLib.o)
 .text.CySysTickInit
                0x00000000       0x60 .\CortexM0\ARM_GCC_541\Debug\test.a(CyLib.o)
 .text.CySysTickEnable
                0x00000000       0x20 .\CortexM0\ARM_GCC_541\Debug\test.a(CyLib.o)
 .text.CySysTickStop
                0x00000000       0x1c .\CortexM0\ARM_GCC_541\Debug\test.a(CyLib.o)
 .text.CySysTickEnableInterrupt
                0x00000000       0x1c .\CortexM0\ARM_GCC_541\Debug\test.a(CyLib.o)
 .text.CySysTickDisableInterrupt
                0x00000000       0x1c .\CortexM0\ARM_GCC_541\Debug\test.a(CyLib.o)
 .text.CySysTickSetReload
                0x00000000       0x20 .\CortexM0\ARM_GCC_541\Debug\test.a(CyLib.o)
 .text.CySysTickGetReload
                0x00000000       0x18 .\CortexM0\ARM_GCC_541\Debug\test.a(CyLib.o)
 .text.CySysTickGetValue
                0x00000000       0x18 .\CortexM0\ARM_GCC_541\Debug\test.a(CyLib.o)
 .text.CySysTickSetClockSource
                0x00000000       0x34 .\CortexM0\ARM_GCC_541\Debug\test.a(CyLib.o)
 .text.CySysTickGetClockSource
                0x00000000       0x18 .\CortexM0\ARM_GCC_541\Debug\test.a(CyLib.o)
 .text.CySysTickGetCountFlag
                0x00000000       0x18 .\CortexM0\ARM_GCC_541\Debug\test.a(CyLib.o)
 .text.CySysTickClear
                0x00000000       0x14 .\CortexM0\ARM_GCC_541\Debug\test.a(CyLib.o)
 .text.CySysTickSetCallback
                0x00000000       0x2c .\CortexM0\ARM_GCC_541\Debug\test.a(CyLib.o)
 .text.CySysTickGetCallback
                0x00000000       0x1c .\CortexM0\ARM_GCC_541\Debug\test.a(CyLib.o)
 .text.CySysTickServiceCallbacks
                0x00000000       0x44 .\CortexM0\ARM_GCC_541\Debug\test.a(CyLib.o)
 .text.CyGetUniqueId
                0x00000000       0xc0 .\CortexM0\ARM_GCC_541\Debug\test.a(CyLib.o)
 .text          0x00000000        0x0 .\CortexM0\ARM_GCC_541\Debug\test.a(CyLFClk.o)
 .rodata        0x00000000        0xc .\CortexM0\ARM_GCC_541\Debug\test.a(CyLFClk.o)
 .text.CySysClkIloStart
                0x00000000       0x1c .\CortexM0\ARM_GCC_541\Debug\test.a(CyLFClk.o)
 .text.CySysClkIloStop
                0x00000000       0x60 .\CortexM0\ARM_GCC_541\Debug\test.a(CyLFClk.o)
 .text.CySysClkIloStartMeasurement
                0x00000000       0x6c .\CortexM0\ARM_GCC_541\Debug\test.a(CyLFClk.o)
 .text.CySysClkIloStopMeasurement
                0x00000000       0x20 .\CortexM0\ARM_GCC_541\Debug\test.a(CyLFClk.o)
 .text.CySysClkIloCompensate
                0x00000000      0x158 .\CortexM0\ARM_GCC_541\Debug\test.a(CyLFClk.o)
 .text.CySysClkIloEnabled
                0x00000000       0x1c .\CortexM0\ARM_GCC_541\Debug\test.a(CyLFClk.o)
 .text.CySysClkIloTrim
                0x00000000      0x124 .\CortexM0\ARM_GCC_541\Debug\test.a(CyLFClk.o)
 .text.CySysClkIloUpdateTrimReg
                0x00000000       0xfc .\CortexM0\ARM_GCC_541\Debug\test.a(CyLFClk.o)
 .text.CySysClkIloRestoreFactoryTrim
                0x00000000       0x4c .\CortexM0\ARM_GCC_541\Debug\test.a(CyLFClk.o)
 .text.CySysClkGetLfclkSource
                0x00000000       0x20 .\CortexM0\ARM_GCC_541\Debug\test.a(CyLFClk.o)
 .text.CySysClkSetLfclkSource
                0x00000000       0x54 .\CortexM0\ARM_GCC_541\Debug\test.a(CyLFClk.o)
 .text.CySysClkWcoStop
                0x00000000       0x60 .\CortexM0\ARM_GCC_541\Debug\test.a(CyLFClk.o)
 .text.CySysClkWcoEnabled
                0x00000000       0x1c .\CortexM0\ARM_GCC_541\Debug\test.a(CyLFClk.o)
 .text.CySysClkWcoClockOutSelect
                0x00000000       0x40 .\CortexM0\ARM_GCC_541\Debug\test.a(CyLFClk.o)
 .text.CySysWdtGetEnabledStatus
                0x00000000       0x34 .\CortexM0\ARM_GCC_541\Debug\test.a(CyLFClk.o)
 .text.CySysWdtSetMode
                0x00000000       0x5c .\CortexM0\ARM_GCC_541\Debug\test.a(CyLFClk.o)
 .text.CySysWdtGetMode
                0x00000000       0x24 .\CortexM0\ARM_GCC_541\Debug\test.a(CyLFClk.o)
 .text.CySysWdtSetClearOnMatch
                0x00000000       0x6c .\CortexM0\ARM_GCC_541\Debug\test.a(CyLFClk.o)
 .text.CySysWdtGetClearOnMatch
                0x00000000       0x44 .\CortexM0\ARM_GCC_541\Debug\test.a(CyLFClk.o)
 .text.CySysWdtEnable
                0x00000000       0x60 .\CortexM0\ARM_GCC_541\Debug\test.a(CyLFClk.o)
 .text.CySysWdtDisable
                0x00000000       0x6c .\CortexM0\ARM_GCC_541\Debug\test.a(CyLFClk.o)
 .text.CySysWdtSetCascade
                0x00000000       0x58 .\CortexM0\ARM_GCC_541\Debug\test.a(CyLFClk.o)
 .text.CySysWdtGetCascade
                0x00000000       0x1c .\CortexM0\ARM_GCC_541\Debug\test.a(CyLFClk.o)
 .text.CySysWdtSetMatch
                0x00000000       0x90 .\CortexM0\ARM_GCC_541\Debug\test.a(CyLFClk.o)
 .text.CySysWdtSetToggleBit
                0x00000000       0x48 .\CortexM0\ARM_GCC_541\Debug\test.a(CyLFClk.o)
 .text.CySysWdtGetToggleBit
                0x00000000       0x18 .\CortexM0\ARM_GCC_541\Debug\test.a(CyLFClk.o)
 .text.CySysWdtGetMatch
                0x00000000       0x40 .\CortexM0\ARM_GCC_541\Debug\test.a(CyLFClk.o)
 .text.CySysWdtGetCount
                0x00000000       0x54 .\CortexM0\ARM_GCC_541\Debug\test.a(CyLFClk.o)
 .text.CySysWdtGetInterruptSource
                0x00000000       0x1c .\CortexM0\ARM_GCC_541\Debug\test.a(CyLFClk.o)
 .text.CySysWdtResetCounters
                0x00000000       0x34 .\CortexM0\ARM_GCC_541\Debug\test.a(CyLFClk.o)
 .text.CySysWdtSetInterruptCallback
                0x00000000       0x40 .\CortexM0\ARM_GCC_541\Debug\test.a(CyLFClk.o)
 .text.CySysWdtGetInterruptCallback
                0x00000000       0x34 .\CortexM0\ARM_GCC_541\Debug\test.a(CyLFClk.o)
 .text.CySysWdtEnableCounterIsr
                0x00000000       0x50 .\CortexM0\ARM_GCC_541\Debug\test.a(CyLFClk.o)
 .text.CySysWdtDisableCounterIsr
                0x00000000       0x3c .\CortexM0\ARM_GCC_541\Debug\test.a(CyLFClk.o)
 .text.CySysWatchdogFeed
                0x00000000       0x8c .\CortexM0\ARM_GCC_541\Debug\test.a(CyLFClk.o)
 .text.CySysClkLfclkPosedgeCatch
                0x00000000       0x98 .\CortexM0\ARM_GCC_541\Debug\test.a(CyLFClk.o)
 .text.CySysClkLfclkPosedgeRestore
                0x00000000       0x3c .\CortexM0\ARM_GCC_541\Debug\test.a(CyLFClk.o)
 .text.CySysTimerDelay
                0x00000000       0x68 .\CortexM0\ARM_GCC_541\Debug\test.a(CyLFClk.o)
 .text.CySysTimerDelayUntilMatch
                0x00000000       0xb0 .\CortexM0\ARM_GCC_541\Debug\test.a(CyLFClk.o)
 .text          0x00000000        0x0 .\CortexM0\ARM_GCC_541\Debug\test.a(GREEN.o)
 .data          0x00000000        0x0 .\CortexM0\ARM_GCC_541\Debug\test.a(GREEN.o)
 .bss           0x00000000        0x0 .\CortexM0\ARM_GCC_541\Debug\test.a(GREEN.o)
 .text.GREEN_SetDriveMode
                0x00000000       0x30 .\CortexM0\ARM_GCC_541\Debug\test.a(GREEN.o)
 .text.GREEN_Read
                0x00000000       0x1c .\CortexM0\ARM_GCC_541\Debug\test.a(GREEN.o)
 .text.GREEN_ReadDataReg
                0x00000000       0x1c .\CortexM0\ARM_GCC_541\Debug\test.a(GREEN.o)
 .text.GREEN_SetInterruptMode
                0x00000000       0x44 .\CortexM0\ARM_GCC_541\Debug\test.a(GREEN.o)
 .text.GREEN_ClearInterrupt
                0x00000000       0x30 .\CortexM0\ARM_GCC_541\Debug\test.a(GREEN.o)
 .text          0x00000000        0x0 .\CortexM0\ARM_GCC_541\Debug\test.a(BLUE.o)
 .data          0x00000000        0x0 .\CortexM0\ARM_GCC_541\Debug\test.a(BLUE.o)
 .bss           0x00000000        0x0 .\CortexM0\ARM_GCC_541\Debug\test.a(BLUE.o)
 .text.BLUE_SetDriveMode
                0x00000000       0x2c .\CortexM0\ARM_GCC_541\Debug\test.a(BLUE.o)
 .text.BLUE_Read
                0x00000000       0x1c .\CortexM0\ARM_GCC_541\Debug\test.a(BLUE.o)
 .text.BLUE_ReadDataReg
                0x00000000       0x1c .\CortexM0\ARM_GCC_541\Debug\test.a(BLUE.o)
 .text.BLUE_SetInterruptMode
                0x00000000       0x44 .\CortexM0\ARM_GCC_541\Debug\test.a(BLUE.o)
 .text.BLUE_ClearInterrupt
                0x00000000       0x2c .\CortexM0\ARM_GCC_541\Debug\test.a(BLUE.o)
 .text          0x00000000        0x0 .\CortexM0\ARM_GCC_541\Debug\test.a(RED.o)
 .data          0x00000000        0x0 .\CortexM0\ARM_GCC_541\Debug\test.a(RED.o)
 .bss           0x00000000        0x0 .\CortexM0\ARM_GCC_541\Debug\test.a(RED.o)
 .text.RED_SetDriveMode
                0x00000000       0x30 .\CortexM0\ARM_GCC_541\Debug\test.a(RED.o)
 .text.RED_Read
                0x00000000       0x1c .\CortexM0\ARM_GCC_541\Debug\test.a(RED.o)
 .text.RED_ReadDataReg
                0x00000000       0x1c .\CortexM0\ARM_GCC_541\Debug\test.a(RED.o)
 .text.RED_SetInterruptMode
                0x00000000       0x44 .\CortexM0\ARM_GCC_541\Debug\test.a(RED.o)
 .text.RED_ClearInterrupt
                0x00000000       0x30 .\CortexM0\ARM_GCC_541\Debug\test.a(RED.o)
 .text          0x00000000        0x0 .\CortexM0\ARM_GCC_541\Debug\test.a(CEPIN.o)
 .data          0x00000000        0x0 .\CortexM0\ARM_GCC_541\Debug\test.a(CEPIN.o)
 .bss           0x00000000        0x0 .\CortexM0\ARM_GCC_541\Debug\test.a(CEPIN.o)
 .text.CEPIN_SetDriveMode
                0x00000000       0x30 .\CortexM0\ARM_GCC_541\Debug\test.a(CEPIN.o)
 .text.CEPIN_Read
                0x00000000       0x1c .\CortexM0\ARM_GCC_541\Debug\test.a(CEPIN.o)
 .text.CEPIN_ReadDataReg
                0x00000000       0x1c .\CortexM0\ARM_GCC_541\Debug\test.a(CEPIN.o)
 .text.CEPIN_SetInterruptMode
                0x00000000       0x44 .\CortexM0\ARM_GCC_541\Debug\test.a(CEPIN.o)
 .text.CEPIN_ClearInterrupt
                0x00000000       0x30 .\CortexM0\ARM_GCC_541\Debug\test.a(CEPIN.o)
 .data          0x00000000        0x0 .\CortexM0\ARM_GCC_541\Debug\test.a(CyBootAsmGnu.o)
 .bss           0x00000000        0x0 .\CortexM0\ARM_GCC_541\Debug\test.a(CyBootAsmGnu.o)
 .text          0x00000000        0x0 .\CortexM0\ARM_GCC_541\Debug\test.a(I2C_1_I2C_INT.o)
 .data          0x00000000        0x0 .\CortexM0\ARM_GCC_541\Debug\test.a(I2C_1_I2C_INT.o)
 .bss           0x00000000        0x0 .\CortexM0\ARM_GCC_541\Debug\test.a(I2C_1_I2C_INT.o)
 .text          0x00000000      0x114 c:/program files (x86)/cypress/psoc creator/4.2/psoc creator/import/gnu/arm/5.4.1/bin/../lib/gcc/arm-none-eabi/5.4.1/armv6-m\libgcc.a(_udivsi3.o)
 .data          0x00000000        0x0 c:/program files (x86)/cypress/psoc creator/4.2/psoc creator/import/gnu/arm/5.4.1/bin/../lib/gcc/arm-none-eabi/5.4.1/armv6-m\libgcc.a(_udivsi3.o)
 .bss           0x00000000        0x0 c:/program files (x86)/cypress/psoc creator/4.2/psoc creator/import/gnu/arm/5.4.1/bin/../lib/gcc/arm-none-eabi/5.4.1/armv6-m\libgcc.a(_udivsi3.o)
 .text          0x00000000      0x1d4 c:/program files (x86)/cypress/psoc creator/4.2/psoc creator/import/gnu/arm/5.4.1/bin/../lib/gcc/arm-none-eabi/5.4.1/armv6-m\libgcc.a(_divsi3.o)
 .data          0x00000000        0x0 c:/program files (x86)/cypress/psoc creator/4.2/psoc creator/import/gnu/arm/5.4.1/bin/../lib/gcc/arm-none-eabi/5.4.1/armv6-m\libgcc.a(_divsi3.o)
 .bss           0x00000000        0x0 c:/program files (x86)/cypress/psoc creator/4.2/psoc creator/import/gnu/arm/5.4.1/bin/../lib/gcc/arm-none-eabi/5.4.1/armv6-m\libgcc.a(_divsi3.o)
 .text          0x00000000        0x4 c:/program files (x86)/cypress/psoc creator/4.2/psoc creator/import/gnu/arm/5.4.1/bin/../lib/gcc/arm-none-eabi/5.4.1/armv6-m\libgcc.a(_dvmd_tls.o)
 .data          0x00000000        0x0 c:/program files (x86)/cypress/psoc creator/4.2/psoc creator/import/gnu/arm/5.4.1/bin/../lib/gcc/arm-none-eabi/5.4.1/armv6-m\libgcc.a(_dvmd_tls.o)
 .bss           0x00000000        0x0 c:/program files (x86)/cypress/psoc creator/4.2/psoc creator/import/gnu/arm/5.4.1/bin/../lib/gcc/arm-none-eabi/5.4.1/armv6-m\libgcc.a(_dvmd_tls.o)
 .text          0x00000000        0x0 c:/program files (x86)/cypress/psoc creator/4.2/psoc creator/import/gnu/arm/5.4.1/bin/../lib/gcc/arm-none-eabi/5.4.1/../../../../arm-none-eabi/lib/armv6-m\libg_nano.a(lib_a-errno.o)
 .data          0x00000000        0x0 c:/program files (x86)/cypress/psoc creator/4.2/psoc creator/import/gnu/arm/5.4.1/bin/../lib/gcc/arm-none-eabi/5.4.1/../../../../arm-none-eabi/lib/armv6-m\libg_nano.a(lib_a-errno.o)
 .bss           0x00000000        0x0 c:/program files (x86)/cypress/psoc creator/4.2/psoc creator/import/gnu/arm/5.4.1/bin/../lib/gcc/arm-none-eabi/5.4.1/../../../../arm-none-eabi/lib/armv6-m\libg_nano.a(lib_a-errno.o)
 .text          0x00000000        0x0 c:/program files (x86)/cypress/psoc creator/4.2/psoc creator/import/gnu/arm/5.4.1/bin/../lib/gcc/arm-none-eabi/5.4.1/../../../../arm-none-eabi/lib/armv6-m\libg_nano.a(lib_a-exit.o)
 .data          0x00000000        0x0 c:/program files (x86)/cypress/psoc creator/4.2/psoc creator/import/gnu/arm/5.4.1/bin/../lib/gcc/arm-none-eabi/5.4.1/../../../../arm-none-eabi/lib/armv6-m\libg_nano.a(lib_a-exit.o)
 .bss           0x00000000        0x0 c:/program files (x86)/cypress/psoc creator/4.2/psoc creator/import/gnu/arm/5.4.1/bin/../lib/gcc/arm-none-eabi/5.4.1/../../../../arm-none-eabi/lib/armv6-m\libg_nano.a(lib_a-exit.o)
 .text.exit     0x00000000       0x2c c:/program files (x86)/cypress/psoc creator/4.2/psoc creator/import/gnu/arm/5.4.1/bin/../lib/gcc/arm-none-eabi/5.4.1/../../../../arm-none-eabi/lib/armv6-m\libg_nano.a(lib_a-exit.o)
 .text          0x00000000        0x0 c:/program files (x86)/cypress/psoc creator/4.2/psoc creator/import/gnu/arm/5.4.1/bin/../lib/gcc/arm-none-eabi/5.4.1/../../../../arm-none-eabi/lib/armv6-m\libg_nano.a(lib_a-impure.o)
 .data          0x00000000        0x0 c:/program files (x86)/cypress/psoc creator/4.2/psoc creator/import/gnu/arm/5.4.1/bin/../lib/gcc/arm-none-eabi/5.4.1/../../../../arm-none-eabi/lib/armv6-m\libg_nano.a(lib_a-impure.o)
 .bss           0x00000000        0x0 c:/program files (x86)/cypress/psoc creator/4.2/psoc creator/import/gnu/arm/5.4.1/bin/../lib/gcc/arm-none-eabi/5.4.1/../../../../arm-none-eabi/lib/armv6-m\libg_nano.a(lib_a-impure.o)
 .rodata._global_impure_ptr
                0x00000000        0x4 c:/program files (x86)/cypress/psoc creator/4.2/psoc creator/import/gnu/arm/5.4.1/bin/../lib/gcc/arm-none-eabi/5.4.1/../../../../arm-none-eabi/lib/armv6-m\libg_nano.a(lib_a-impure.o)
 .text          0x00000000        0x0 c:/program files (x86)/cypress/psoc creator/4.2/psoc creator/import/gnu/arm/5.4.1/bin/../lib/gcc/arm-none-eabi/5.4.1/../../../../arm-none-eabi/lib/armv6-m\libg_nano.a(lib_a-init.o)
 .data          0x00000000        0x0 c:/program files (x86)/cypress/psoc creator/4.2/psoc creator/import/gnu/arm/5.4.1/bin/../lib/gcc/arm-none-eabi/5.4.1/../../../../arm-none-eabi/lib/armv6-m\libg_nano.a(lib_a-init.o)
 .bss           0x00000000        0x0 c:/program files (x86)/cypress/psoc creator/4.2/psoc creator/import/gnu/arm/5.4.1/bin/../lib/gcc/arm-none-eabi/5.4.1/../../../../arm-none-eabi/lib/armv6-m\libg_nano.a(lib_a-init.o)
 .text          0x00000000        0x0 c:/program files (x86)/cypress/psoc creator/4.2/psoc creator/import/gnu/arm/5.4.1/bin/../lib/gcc/arm-none-eabi/5.4.1/../../../../arm-none-eabi/lib/armv6-m\libg_nano.a(lib_a-memcpy-stub.o)
 .data          0x00000000        0x0 c:/program files (x86)/cypress/psoc creator/4.2/psoc creator/import/gnu/arm/5.4.1/bin/../lib/gcc/arm-none-eabi/5.4.1/../../../../arm-none-eabi/lib/armv6-m\libg_nano.a(lib_a-memcpy-stub.o)
 .bss           0x00000000        0x0 c:/program files (x86)/cypress/psoc creator/4.2/psoc creator/import/gnu/arm/5.4.1/bin/../lib/gcc/arm-none-eabi/5.4.1/../../../../arm-none-eabi/lib/armv6-m\libg_nano.a(lib_a-memcpy-stub.o)
 .text.memcpy   0x00000000       0x12 c:/program files (x86)/cypress/psoc creator/4.2/psoc creator/import/gnu/arm/5.4.1/bin/../lib/gcc/arm-none-eabi/5.4.1/../../../../arm-none-eabi/lib/armv6-m\libg_nano.a(lib_a-memcpy-stub.o)
 .text          0x00000000        0x0 c:/program files (x86)/cypress/psoc creator/4.2/psoc creator/import/gnu/arm/5.4.1/bin/../lib/gcc/arm-none-eabi/5.4.1/../../../../arm-none-eabi/lib/armv6-m\libg_nano.a(lib_a-memset.o)
 .data          0x00000000        0x0 c:/program files (x86)/cypress/psoc creator/4.2/psoc creator/import/gnu/arm/5.4.1/bin/../lib/gcc/arm-none-eabi/5.4.1/../../../../arm-none-eabi/lib/armv6-m\libg_nano.a(lib_a-memset.o)
 .bss           0x00000000        0x0 c:/program files (x86)/cypress/psoc creator/4.2/psoc creator/import/gnu/arm/5.4.1/bin/../lib/gcc/arm-none-eabi/5.4.1/../../../../arm-none-eabi/lib/armv6-m\libg_nano.a(lib_a-memset.o)
 .text          0x00000000        0x0 c:/program files (x86)/cypress/psoc creator/4.2/psoc creator/import/gnu/arm/5.4.1/bin/../lib/gcc/arm-none-eabi/5.4.1/armv6-m/crtend.o
 .data          0x00000000        0x0 c:/program files (x86)/cypress/psoc creator/4.2/psoc creator/import/gnu/arm/5.4.1/bin/../lib/gcc/arm-none-eabi/5.4.1/armv6-m/crtend.o
 .bss           0x00000000        0x0 c:/program files (x86)/cypress/psoc creator/4.2/psoc creator/import/gnu/arm/5.4.1/bin/../lib/gcc/arm-none-eabi/5.4.1/armv6-m/crtend.o
 .text          0x00000000        0x0 c:/program files (x86)/cypress/psoc creator/4.2/psoc creator/import/gnu/arm/5.4.1/bin/../lib/gcc/arm-none-eabi/5.4.1/armv6-m/crtn.o
 .data          0x00000000        0x0 c:/program files (x86)/cypress/psoc creator/4.2/psoc creator/import/gnu/arm/5.4.1/bin/../lib/gcc/arm-none-eabi/5.4.1/armv6-m/crtn.o
 .bss           0x00000000        0x0 c:/program files (x86)/cypress/psoc creator/4.2/psoc creator/import/gnu/arm/5.4.1/bin/../lib/gcc/arm-none-eabi/5.4.1/armv6-m/crtn.o

Memory Configuration

Name             Origin             Length             Attributes
rom              0x00000000         0x00020000         xr
ram              0x20000000         0x00004000         xrw
*default*        0x00000000         0xffffffff

Linker script and memory map

LOAD c:/program files (x86)/cypress/psoc creator/4.2/psoc creator/import/gnu/arm/5.4.1/bin/../lib/gcc/arm-none-eabi/5.4.1/armv6-m/crti.o
LOAD c:/program files (x86)/cypress/psoc creator/4.2/psoc creator/import/gnu/arm/5.4.1/bin/../lib/gcc/arm-none-eabi/5.4.1/armv6-m/crtbegin.o
LOAD c:/program files (x86)/cypress/psoc creator/4.2/psoc creator/import/gnu/arm/5.4.1/bin/../lib/gcc/arm-none-eabi/5.4.1/../../../../arm-none-eabi/lib/armv6-m/crt0.o
START GROUP
LOAD .\CortexM0\ARM_GCC_541\Debug\main.o
LOAD .\CortexM0\ARM_GCC_541\Debug\cyfitter_cfg.o
LOAD .\CortexM0\ARM_GCC_541\Debug\cymetadata.o
LOAD .\CortexM0\ARM_GCC_541\Debug\Cm0Start.o
LOAD .\CortexM0\ARM_GCC_541\Debug\test.a
LOAD C:\Program Files (x86)\Cypress\PSoC Creator\4.2\PSoC Creator\psoc\content\CyComponentLibrary\CyComponentLibrary.cylib\BLE_v3_50\Library\gccCyBLEStack_BLE_SOC_PERIPHERAL.a
END GROUP
START GROUP
LOAD c:/program files (x86)/cypress/psoc creator/4.2/psoc creator/import/gnu/arm/5.4.1/bin/../lib/gcc/arm-none-eabi/5.4.1/armv6-m\libgcc.a
LOAD c:/program files (x86)/cypress/psoc creator/4.2/psoc creator/import/gnu/arm/5.4.1/bin/../lib/gcc/arm-none-eabi/5.4.1/../../../../arm-none-eabi/lib/armv6-m\libg_nano.a
LOAD c:/program files (x86)/cypress/psoc creator/4.2/psoc creator/import/gnu/arm/5.4.1/bin/../lib/gcc/arm-none-eabi/5.4.1/../../../../arm-none-eabi/lib/armv6-m\libc_nano.a
END GROUP
START GROUP
LOAD c:/program files (x86)/cypress/psoc creator/4.2/psoc creator/import/gnu/arm/5.4.1/bin/../lib/gcc/arm-none-eabi/5.4.1/armv6-m\libgcc.a
LOAD c:/program files (x86)/cypress/psoc creator/4.2/psoc creator/import/gnu/arm/5.4.1/bin/../lib/gcc/arm-none-eabi/5.4.1/../../../../arm-none-eabi/lib/armv6-m\libc_nano.a
END GROUP
LOAD c:/program files (x86)/cypress/psoc creator/4.2/psoc creator/import/gnu/arm/5.4.1/bin/../lib/gcc/arm-none-eabi/5.4.1/armv6-m/crtend.o
LOAD c:/program files (x86)/cypress/psoc creator/4.2/psoc creator/import/gnu/arm/5.4.1/bin/../lib/gcc/arm-none-eabi/5.4.1/armv6-m/crtn.o
START GROUP
LOAD c:/program files (x86)/cypress/psoc creator/4.2/psoc creator/import/gnu/arm/5.4.1/bin/../lib/gcc/arm-none-eabi/5.4.1/armv6-m\libgcc.a
LOAD c:/program files (x86)/cypress/psoc creator/4.2/psoc creator/import/gnu/arm/5.4.1/bin/../lib/gcc/arm-none-eabi/5.4.1/../../../../arm-none-eabi/lib/armv6-m\libc.a
LOAD c:/program files (x86)/cypress/psoc creator/4.2/psoc creator/import/gnu/arm/5.4.1/bin/../lib/gcc/arm-none-eabi/5.4.1/../../../../arm-none-eabi/lib/armv6-m\libnosys.a
END GROUP
                0x00000000                CY_APPL_ORIGIN = 0x0
                0x00000080                CY_FLASH_ROW_SIZE = 0x80
                0x00000001                CY_APPL_NUM = 0x1
                0x00000001                CY_APPL_MAX = 0x1
                0x00000040                CY_METADATA_SIZE = 0x40
                0x00000000                CY_APPL_LOADABLE = 0x0
                0x00000000                CY_CHECKSUM_EXCLUDE_SIZE = ALIGN (0x0, CY_FLASH_ROW_SIZE)
                0x00000000                CY_APP_FOR_STACK_AND_COPIER = 0x0
                [!provide]                PROVIDE (__cy_heap_start, _end)
                0x00000001                PROVIDE (__cy_region_num, ((__cy_regions_end - __cy_regions) / 0x10))
                0x20004000                PROVIDE (__cy_stack, (ORIGIN (ram) + LENGTH (ram)))
                [!provide]                PROVIDE (__cy_heap_end, (__cy_stack - 0x800))

.cybootloader   0x00000000        0x0
 *(.cybootloader)
                0x00000000                appl1_start = CY_APPL_ORIGIN?CY_APPL_ORIGIN:ALIGN (CY_FLASH_ROW_SIZE)
                0x0000ff80                appl2_start = (appl1_start + ALIGN ((((LENGTH (rom) - appl1_start) - (0x2 * CY_FLASH_ROW_SIZE)) / 0x2), CY_FLASH_ROW_SIZE))
                0x00000000                appl_start = (CY_APPL_NUM == 0x1)?appl1_start:appl2_start
                0x00000001                cy_project_type_bootloader = (appl_start == 0x0)?0x1:0x0
                0x00000000                cy_project_type_app_for_stack_and_copier = (CY_APP_FOR_STACK_AND_COPIER == 0x1)?0x1:0x0

.text           0x00000000     0x1594
 CREATE_OBJECT_SYMBOLS
                0x00000000                PROVIDE (__cy_interrupt_vector, RomVectors)
 *(.romvectors)
 .romvectors    0x00000000       0x10 .\CortexM0\ARM_GCC_541\Debug\Cm0Start.o
                0x00000000                RomVectors
                0x00000001                ASSERT ((. != __cy_interrupt_vector), No interrupt vector)
                0x00000001                ASSERT (CY_APPL_ORIGIN?(SIZEOF (.cybootloader) <= CY_APPL_ORIGIN):0x1, Wrong image location)
                0x00000010                PROVIDE (__cy_reset, Reset)
 *(.text.Reset)
 .text.Reset    0x00000010        0x8 .\CortexM0\ARM_GCC_541\Debug\Cm0Start.o
                0x00000010                Reset
                0x00000001                ASSERT ((. != __cy_reset), No reset code)
 *(.psocinit)
 .psocinit      0x00000018      0x224 .\CortexM0\ARM_GCC_541\Debug\cyfitter_cfg.o
                0x00000128                cyfitter_cfg
                0x0000023c                . = MAX (., 0x100)
 *(.text .text.* .gnu.linkonce.t.*)
 .text          0x0000023c       0x60 c:/program files (x86)/cypress/psoc creator/4.2/psoc creator/import/gnu/arm/5.4.1/bin/../lib/gcc/arm-none-eabi/5.4.1/armv6-m/crtbegin.o
 .text.main     0x0000029c       0x90 .\CortexM0\ARM_GCC_541\Debug\main.o
                0x0000029c                main
 .text.CYMEMZERO
                0x0000032c       0x20 .\CortexM0\ARM_GCC_541\Debug\cyfitter_cfg.o
 .text.AnalogSetDefault
                0x0000034c       0x44 .\CortexM0\ARM_GCC_541\Debug\cyfitter_cfg.o
 .text.SetAnalogRoutingPumps
                0x00000390       0x40 .\CortexM0\ARM_GCC_541\Debug\cyfitter_cfg.o
                0x00000390                SetAnalogRoutingPumps
 .text.IntDefaultHandler
                0x000003d0       0x14 .\CortexM0\ARM_GCC_541\Debug\Cm0Start.o
                0x000003d0                IntDefaultHandler
 .text.Start_c  0x000003e4       0x98 .\CortexM0\ARM_GCC_541\Debug\Cm0Start.o
                0x000003e4                Start_c
 .text.initialize_psoc
                0x0000047c       0x70 .\CortexM0\ARM_GCC_541\Debug\Cm0Start.o
                0x0000047c                initialize_psoc
 .text.I2C_1_Init
                0x000004ec       0x10 .\CortexM0\ARM_GCC_541\Debug\test.a(I2C_1.o)
                0x000004ec                I2C_1_Init
 .text.I2C_1_Enable
                0x000004fc       0x24 .\CortexM0\ARM_GCC_541\Debug\test.a(I2C_1.o)
                0x000004fc                I2C_1_Enable
 .text.I2C_1_Start
                0x00000520       0x24 .\CortexM0\ARM_GCC_541\Debug\test.a(I2C_1.o)
                0x00000520                I2C_1_Start
 .text.I2C_1_ScbEnableIntr
                0x00000544       0x10 .\CortexM0\ARM_GCC_541\Debug\test.a(I2C_1.o)
 .text.I2C_1_ScbModePostEnable
                0x00000554        0xc .\CortexM0\ARM_GCC_541\Debug\test.a(I2C_1.o)
 .text.I2C_1_I2CInit
                0x00000560       0xd8 .\CortexM0\ARM_GCC_541\Debug\test.a(I2C_1_I2C.o)
                0x00000560                I2C_1_I2CInit
 .text.I2C_1_I2CFwBlockReset
                0x00000638       0x70 .\CortexM0\ARM_GCC_541\Debug\test.a(I2C_1_I2C.o)
                0x00000638                I2C_1_I2CFwBlockReset
 .text.I2C_1_I2CMasterWriteBuf
                0x000006a8      0x128 .\CortexM0\ARM_GCC_541\Debug\test.a(I2C_1_I2C_MASTER.o)
                0x000006a8                I2C_1_I2CMasterWriteBuf
 .text.I2C_1_I2CMasterReadBuf
                0x000007d0      0x138 .\CortexM0\ARM_GCC_541\Debug\test.a(I2C_1_I2C_MASTER.o)
                0x000007d0                I2C_1_I2CMasterReadBuf
 .text.I2C_1_I2CMasterStatus
                0x00000908       0x44 .\CortexM0\ARM_GCC_541\Debug\test.a(I2C_1_I2C_MASTER.o)
                0x00000908                I2C_1_I2CMasterStatus
 .text.I2C_1_I2CReStartGeneration
                0x0000094c       0x38 .\CortexM0\ARM_GCC_541\Debug\test.a(I2C_1_I2C_MASTER.o)
                0x0000094c                I2C_1_I2CReStartGeneration
 .text.CySysClkWriteImoFreq
                0x00000984       0x9c .\CortexM0\ARM_GCC_541\Debug\test.a(CyLib.o)
                0x00000984                CySysClkWriteImoFreq
 .text.CySysClkEcoStart
                0x00000a20       0x74 .\CortexM0\ARM_GCC_541\Debug\test.a(CyLib.o)
                0x00000a20                CySysClkEcoStart
 .text.CySysClkEcoReadStatus
                0x00000a94       0x20 .\CortexM0\ARM_GCC_541\Debug\test.a(CyLib.o)
                0x00000a94                CySysClkEcoReadStatus
 .text.CyIntSetVector
                0x00000ab4       0x4c .\CortexM0\ARM_GCC_541\Debug\test.a(CyLib.o)
                0x00000ab4                CyIntSetVector
 .text.CyIntSetPriority
                0x00000b00       0xa8 .\CortexM0\ARM_GCC_541\Debug\test.a(CyLib.o)
                0x00000b00                CyIntSetPriority
 .text.CyIntEnable
                0x00000ba8       0x2c .\CortexM0\ARM_GCC_541\Debug\test.a(CyLib.o)
                0x00000ba8                CyIntEnable
 .text.CyIntDisable
                0x00000bd4       0x2c .\CortexM0\ARM_GCC_541\Debug\test.a(CyLib.o)
                0x00000bd4                CyIntDisable
 .text.CyHalt   0x00000c00       0x18 .\CortexM0\ARM_GCC_541\Debug\test.a(CyLib.o)
                0x00000c00                CyHalt
 .text.CyDelay  0x00000c18       0x4c .\CortexM0\ARM_GCC_541\Debug\test.a(CyLib.o)
                0x00000c18                CyDelay
 .text.CyDelayUs
                0x00000c64       0x28 .\CortexM0\ARM_GCC_541\Debug\test.a(CyLib.o)
                0x00000c64                CyDelayUs
 .text.CySysClkWcoSetHighPowerMode
                0x00000c8c       0x4c .\CortexM0\ARM_GCC_541\Debug\test.a(CyLFClk.o)
 .text.CySysClkWcoSetLowPowerMode
                0x00000cd8       0x4c .\CortexM0\ARM_GCC_541\Debug\test.a(CyLFClk.o)
 .text.CySysClkWcoStart
                0x00000d24       0x20 .\CortexM0\ARM_GCC_541\Debug\test.a(CyLFClk.o)
                0x00000d24                CySysClkWcoStart
 .text.CySysClkWcoSetPowerMode
                0x00000d44       0x40 .\CortexM0\ARM_GCC_541\Debug\test.a(CyLFClk.o)
                0x00000d44                CySysClkWcoSetPowerMode
 .text.CySysWdtLock
                0x00000d84       0x34 .\CortexM0\ARM_GCC_541\Debug\test.a(CyLFClk.o)
                0x00000d84                CySysWdtLock
 .text.CySysWdtLocked
                0x00000db8       0x20 .\CortexM0\ARM_GCC_541\Debug\test.a(CyLFClk.o)
 .text.CySysWdtUnlock
                0x00000dd8       0x50 .\CortexM0\ARM_GCC_541\Debug\test.a(CyLFClk.o)
                0x00000dd8                CySysWdtUnlock
 .text.CySysWdtClearInterrupt
                0x00000e28       0x70 .\CortexM0\ARM_GCC_541\Debug\test.a(CyLFClk.o)
                0x00000e28                CySysWdtClearInterrupt
 .text.CySysWdtIsr
                0x00000e98       0xec .\CortexM0\ARM_GCC_541\Debug\test.a(CyLFClk.o)
                0x00000e98                CySysWdtIsr
 .text.GREEN_Write
                0x00000f84       0x48 .\CortexM0\ARM_GCC_541\Debug\test.a(GREEN.o)
                0x00000f84                GREEN_Write
 .text.BLUE_Write
                0x00000fcc       0x4c .\CortexM0\ARM_GCC_541\Debug\test.a(BLUE.o)
                0x00000fcc                BLUE_Write
 .text.RED_Write
                0x00001018       0x50 .\CortexM0\ARM_GCC_541\Debug\test.a(RED.o)
                0x00001018                RED_Write
 .text.CEPIN_Write
                0x00001068       0x50 .\CortexM0\ARM_GCC_541\Debug\test.a(CEPIN.o)
                0x00001068                CEPIN_Write
 .text          0x000010b8       0x20 .\CortexM0\ARM_GCC_541\Debug\test.a(CyBootAsmGnu.o)
                0x000010b8                CyDelayCycles
                0x000010ca                CyEnterCriticalSection
                0x000010d2                CyExitCriticalSection
 .text.I2C_1_I2C_ISR
                0x000010d8      0x454 .\CortexM0\ARM_GCC_541\Debug\test.a(I2C_1_I2C_INT.o)
                0x000010d8                I2C_1_I2C_ISR
 .text.__errno  0x0000152c        0xc c:/program files (x86)/cypress/psoc creator/4.2/psoc creator/import/gnu/arm/5.4.1/bin/../lib/gcc/arm-none-eabi/5.4.1/../../../../arm-none-eabi/lib/armv6-m\libg_nano.a(lib_a-errno.o)
                0x0000152c                __errno
 .text.__libc_init_array
                0x00001538       0x4c c:/program files (x86)/cypress/psoc creator/4.2/psoc creator/import/gnu/arm/5.4.1/bin/../lib/gcc/arm-none-eabi/5.4.1/../../../../arm-none-eabi/lib/armv6-m\libg_nano.a(lib_a-init.o)
                0x00001538                __libc_init_array
 .text.memset   0x00001584       0x10 c:/program files (x86)/cypress/psoc creator/4.2/psoc creator/import/gnu/arm/5.4.1/bin/../lib/gcc/arm-none-eabi/5.4.1/../../../../arm-none-eabi/lib/armv6-m\libg_nano.a(lib_a-memset.o)
                0x00001584                memset
 *(.plt)
 *(.gnu.warning)
 *(.glue_7t)
 .glue_7t       0x00001594        0x0 linker stubs
 *(.glue_7)
 .glue_7        0x00001594        0x0 linker stubs
 *(.vfp11_veneer)
 .vfp11_veneer  0x00001594        0x0 linker stubs
 *(.bootloader)
 *(.ARM.extab* .gnu.linkonce.armextab.*)
 *(.gcc_except_table)

.v4_bx          0x00001594        0x0
 .v4_bx         0x00001594        0x0 linker stubs

.iplt           0x00001594        0x0
 .iplt          0x00001594        0x0 c:/program files (x86)/cypress/psoc creator/4.2/psoc creator/import/gnu/arm/5.4.1/bin/../lib/gcc/arm-none-eabi/5.4.1/armv6-m/crtbegin.o

.eh_frame_hdr
 *(.eh_frame_hdr)

.eh_frame       0x00001594        0x4
 *(.eh_frame)
 .eh_frame      0x00001594        0x0 c:/program files (x86)/cypress/psoc creator/4.2/psoc creator/import/gnu/arm/5.4.1/bin/../lib/gcc/arm-none-eabi/5.4.1/armv6-m/crtbegin.o
 .eh_frame      0x00001594        0x4 c:/program files (x86)/cypress/psoc creator/4.2/psoc creator/import/gnu/arm/5.4.1/bin/../lib/gcc/arm-none-eabi/5.4.1/armv6-m/crtend.o
                [!provide]                PROVIDE (__exidx_start, .)

.ARM.exidx
 *(.ARM.exidx* .gnu.linkonce.armexidx.*)
                0x00001598                __exidx_end = .

.rodata         0x00001598       0x70
 *(.rodata .rodata.* .gnu.linkonce.r.*)
 .rodata        0x00001598        0xc .\CortexM0\ARM_GCC_541\Debug\cyfitter_cfg.o
 .rodata        0x000015a4       0x2e .\CortexM0\ARM_GCC_541\Debug\test.a(CyLib.o)
                0x000015a4                cyImoFreqMhz2Reg
 .rodata.str1.1
                0x000015d2        0x2 c:/program files (x86)/cypress/psoc creator/4.2/psoc creator/import/gnu/arm/5.4.1/bin/../lib/gcc/arm-none-eabi/5.4.1/../../../../arm-none-eabi/lib/armv6-m\libg_nano.a(lib_a-impure.o)
                0x000015d4                . = ALIGN (0x4)
 *(.init)
 .init          0x000015d4        0x4 c:/program files (x86)/cypress/psoc creator/4.2/psoc creator/import/gnu/arm/5.4.1/bin/../lib/gcc/arm-none-eabi/5.4.1/armv6-m/crti.o
                0x000015d4                _init
 .init          0x000015d8        0x8 c:/program files (x86)/cypress/psoc creator/4.2/psoc creator/import/gnu/arm/5.4.1/bin/../lib/gcc/arm-none-eabi/5.4.1/armv6-m/crtn.o
                0x000015e0                . = ALIGN (0x4)
                0x000015e0                __preinit_array_start = .
 *(.preinit_array)
                0x000015e0                __preinit_array_end = .
                0x000015e0                . = ALIGN (0x4)
                0x000015e0                __init_array_start = .
 *(SORT(.init_array.*))
 *(.init_array)
 .init_array    0x000015e0        0x4 c:/program files (x86)/cypress/psoc creator/4.2/psoc creator/import/gnu/arm/5.4.1/bin/../lib/gcc/arm-none-eabi/5.4.1/armv6-m/crtbegin.o
 .init_array    0x000015e4        0x4 .\CortexM0\ARM_GCC_541\Debug\Cm0Start.o
                0x000015e8                __init_array_end = .
                0x000015e8                . = ALIGN (0x4)
 *(.fini)
 .fini          0x000015e8        0x4 c:/program files (x86)/cypress/psoc creator/4.2/psoc creator/import/gnu/arm/5.4.1/bin/../lib/gcc/arm-none-eabi/5.4.1/armv6-m/crti.o
                0x000015e8                _fini
 .fini          0x000015ec        0x8 c:/program files (x86)/cypress/psoc creator/4.2/psoc creator/import/gnu/arm/5.4.1/bin/../lib/gcc/arm-none-eabi/5.4.1/armv6-m/crtn.o
                0x000015f4                . = ALIGN (0x4)
                0x000015f4                __fini_array_start = .
 *(.fini_array)
 .fini_array    0x000015f4        0x4 c:/program files (x86)/cypress/psoc creator/4.2/psoc creator/import/gnu/arm/5.4.1/bin/../lib/gcc/arm-none-eabi/5.4.1/armv6-m/crtbegin.o
 *(SORT(.fini_array.*))
                0x000015f8                __fini_array_end = .
                0x000015f8                . = ALIGN (0x4)
 *crtbegin.o(.ctors)
 *(EXCLUDE_FILE(*crtend.o) .ctors)
 *(SORT(.ctors.*))
 *crtend.o(.ctors)
                0x000015f8                . = ALIGN (0x4)
 *crtbegin.o(.dtors)
 *(EXCLUDE_FILE(*crtend.o) .dtors)
 *(SORT(.dtors.*))
 *crtend.o(.dtors)
                0x000015f8                . = ALIGN (0x4)
                0x000015f8                __cy_regions = .
                0x000015f8        0x4 LONG 0x1608 __cy_region_init_ram
                0x000015fc        0x4 LONG 0x200000c8 __cy_region_start_data
                0x00001600        0x4 LONG 0x88 __cy_region_init_size_ram
                0x00001604        0x4 LONG 0x78 __cy_region_zero_size_ram
                0x00001608                __cy_regions_end = .
                0x00001608                . = ALIGN (0x8)
                0x00001608                _etext = .

.cy_checksum_exclude
                0x00001608        0x0
 *(.cy_checksum_exclude)

.ramvectors     0x20000000       0xc0
                0x20000000                __cy_region_start_ram = .
 *(.ramvectors)
 .ramvectors    0x20000000       0xc0 .\CortexM0\ARM_GCC_541\Debug\Cm0Start.o
                0x20000000                CyRamVectors

.noinit         0x200000c0        0x4
 *(.noinit)
 .noinit        0x200000c0        0x4 .\CortexM0\ARM_GCC_541\Debug\Cm0Start.o

.data           0x200000c8       0x88 load address 0x00001608
                0x200000c8                __cy_region_start_data = .
 *(.jcr)
 .jcr           0x200000c8        0x0 c:/program files (x86)/cypress/psoc creator/4.2/psoc creator/import/gnu/arm/5.4.1/bin/../lib/gcc/arm-none-eabi/5.4.1/armv6-m/crtbegin.o
 .jcr           0x200000c8        0x4 c:/program files (x86)/cypress/psoc creator/4.2/psoc creator/import/gnu/arm/5.4.1/bin/../lib/gcc/arm-none-eabi/5.4.1/armv6-m/crtend.o
 *(.got.plt)
 *(.got)
 *(.shdata)
 *(.data .data.* .gnu.linkonce.d.*)
 .data          0x200000cc       0x14 .\CortexM0\ARM_GCC_541\Debug\test.a(CyLib.o)
                0x200000cc                cydelayFreqHz
                0x200000d0                cydelayFreqKhz
                0x200000d4                cydelayFreqMhz
                0x200000d8                cydelay32kMs
                0x200000dc                CySysClkPumpConfig
 .data          0x200000e0        0x8 .\CortexM0\ARM_GCC_541\Debug\test.a(CyLFClk.o)
 .data.impure_data
                0x200000e8       0x60 c:/program files (x86)/cypress/psoc creator/4.2/psoc creator/import/gnu/arm/5.4.1/bin/../lib/gcc/arm-none-eabi/5.4.1/../../../../arm-none-eabi/lib/armv6-m\libg_nano.a(lib_a-impure.o)
 .data._impure_ptr
                0x20000148        0x4 c:/program files (x86)/cypress/psoc creator/4.2/psoc creator/import/gnu/arm/5.4.1/bin/../lib/gcc/arm-none-eabi/5.4.1/../../../../arm-none-eabi/lib/armv6-m\libg_nano.a(lib_a-impure.o)
                0x20000148                _impure_ptr
                0x20000150                . = ALIGN (0x8)
 *fill*         0x2000014c        0x4 
 *(.ram)
                0x20000150                _edata = .

.igot.plt       0x20000150        0x0 load address 0x00001690
 .igot.plt      0x20000150        0x0 c:/program files (x86)/cypress/psoc creator/4.2/psoc creator/import/gnu/arm/5.4.1/bin/../lib/gcc/arm-none-eabi/5.4.1/armv6-m/crtbegin.o

.bss            0x20000150       0x78 load address 0x00001690
                0x20000150                PROVIDE (__bss_start__, .)
 *(.shbss)
 *(.bss .bss.* .gnu.linkonce.b.*)
 .bss           0x20000150       0x1c c:/program files (x86)/cypress/psoc creator/4.2/psoc creator/import/gnu/arm/5.4.1/bin/../lib/gcc/arm-none-eabi/5.4.1/armv6-m/crtbegin.o
 .bss           0x2000016c        0x1 .\CortexM0\ARM_GCC_541\Debug\main.o
                0x2000016c                read_buff
 *fill*         0x2000016d        0x3 
 .bss           0x20000170        0x8 .\CortexM0\ARM_GCC_541\Debug\test.a(I2C_1.o)
                0x20000170                I2C_1_initVar
                0x20000174                I2C_1_customIntrHandler
 .bss           0x20000178       0x28 .\CortexM0\ARM_GCC_541\Debug\test.a(CyLFClk.o)
 *(COMMON)
 COMMON         0x200001a0        0x1 .\CortexM0\ARM_GCC_541\Debug\test.a(I2C_1_I2C.o)
                0x200001a0                I2C_1_state
 *fill*         0x200001a1        0x3 
 COMMON         0x200001a4       0x20 .\CortexM0\ARM_GCC_541\Debug\test.a(I2C_1_I2C_MASTER.o)
                0x200001a4                I2C_1_mstrWrBufIndexTmp
                0x200001a8                I2C_1_mstrWrBufIndex
                0x200001ac                I2C_1_mstrControl
                0x200001ae                I2C_1_mstrStatus
                0x200001b0                I2C_1_mstrWrBufSize
                0x200001b4                I2C_1_mstrRdBufIndex
                0x200001b8                I2C_1_mstrWrBufPtr
                0x200001bc                I2C_1_mstrRdBufPtr
                0x200001c0                I2C_1_mstrRdBufSize
                0x200001c8                . = ALIGN (0x8)
 *fill*         0x200001c4        0x4 
 *(.ram.b)
                0x200001c8                _end = .
                0x200001c8                __end = .
                0x200001c8                PROVIDE (end, .)
                0x200001c8                PROVIDE (__bss_end__, .)
                0x00001608                __cy_region_init_ram = LOADADDR (.data)
                0x00000088                __cy_region_init_size_ram = (_edata - ADDR (.data))
                0x00000078                __cy_region_zero_size_ram = (_end - _edata)

.heap           0x200001c8       0x80 load address 0x00001690
                0x200001c8                . = _end
                0x20000248                . = (. + 0x80)
 *fill*         0x200001c8       0x80 
                0x20000248                __cy_heap_limit = .

.stack          0x20003800      0x800
                0x20003800                __cy_stack_limit = .
                0x20004000                . = (. + 0x800)
 *fill*         0x20003800      0x800 
                0x00000001                ASSERT ((__cy_stack_limit >= __cy_heap_limit), region RAM overflowed with stack)
                0x00000000                cy_checksum_exclude_size = (CY_APPL_LOADABLE == 0x1)?SIZEOF (.cy_checksum_exclude):0x0
                0x00000001                ASSERT ((cy_checksum_exclude_size <= CY_CHECKSUM_EXCLUDE_SIZE), CY_BOOT: Section .cy_checksum_exclude size exceedes specified limit.)
                0x0001ffc0                cyloadermeta_start = (cy_project_type_bootloader || cy_project_type_app_for_stack_and_copier)?(LENGTH (rom) - CY_METADATA_SIZE):0xf0000000

.cyloadermeta
 *(.cyloadermeta)
                0x0001ffc0                cyloadablemeta_start = cy_project_type_app_for_stack_and_copier?((LENGTH (rom) - CY_FLASH_ROW_SIZE) - CY_METADATA_SIZE):((LENGTH (rom) - (CY_FLASH_ROW_SIZE * (CY_APPL_NUM - 0x1))) - CY_METADATA_SIZE)

.cyloadablemeta
 *(.cyloadablemeta)

.cyflashprotect
                0x90400000       0x80
 *(.cyflashprotect)
 .cyflashprotect
                0x90400000       0x80 .\CortexM0\ARM_GCC_541\Debug\cymetadata.o
                0x90400000                cy_meta_flashprotect

.cymeta         0x90500000        0xc
 *(.cymeta)
 .cymeta        0x90500000        0xc .\CortexM0\ARM_GCC_541\Debug\cymetadata.o
                0x90500000                cy_metadata

.cychipprotect  0x90600000        0x1
 *(.cychipprotect)
 .cychipprotect
                0x90600000        0x1 .\CortexM0\ARM_GCC_541\Debug\cymetadata.o
                0x90600000                cy_meta_chipprotect

.rel.dyn        0x00001690        0x0 load address 0x90600004
 .rel.iplt      0x00001690        0x0 c:/program files (x86)/cypress/psoc creator/4.2/psoc creator/import/gnu/arm/5.4.1/bin/../lib/gcc/arm-none-eabi/5.4.1/armv6-m/crtbegin.o

.stab
 *(.stab)

.stabstr
 *(.stabstr)

.debug
 *(.debug)

.line
 *(.line)

.debug_srcinfo
 *(.debug_srcinfo)

.debug_sfnames
 *(.debug_sfnames)

.debug_aranges  0x00000000      0x6a8
 *(.debug_aranges)
 .debug_aranges
                0x00000000       0x20 .\CortexM0\ARM_GCC_541\Debug\main.o
 .debug_aranges
                0x00000020       0x50 .\CortexM0\ARM_GCC_541\Debug\cyfitter_cfg.o
 .debug_aranges
                0x00000070       0x18 .\CortexM0\ARM_GCC_541\Debug\cymetadata.o
 .debug_aranges
                0x00000088       0x48 .\CortexM0\ARM_GCC_541\Debug\Cm0Start.o
 .debug_aranges
                0x000000d0       0x68 .\CortexM0\ARM_GCC_541\Debug\test.a(I2C_1.o)
 .debug_aranges
                0x00000138       0x30 .\CortexM0\ARM_GCC_541\Debug\test.a(I2C_1_I2C.o)
 .debug_aranges
                0x00000168       0x98 .\CortexM0\ARM_GCC_541\Debug\test.a(I2C_1_I2C_MASTER.o)
 .debug_aranges
                0x00000200      0x1b0 .\CortexM0\ARM_GCC_541\Debug\test.a(CyLib.o)
 .debug_aranges
                0x000003b0      0x198 .\CortexM0\ARM_GCC_541\Debug\test.a(CyLFClk.o)
 .debug_aranges
                0x00000548       0x48 .\CortexM0\ARM_GCC_541\Debug\test.a(GREEN.o)
 .debug_aranges
                0x00000590       0x48 .\CortexM0\ARM_GCC_541\Debug\test.a(BLUE.o)
 .debug_aranges
                0x000005d8       0x48 .\CortexM0\ARM_GCC_541\Debug\test.a(RED.o)
 .debug_aranges
                0x00000620       0x48 .\CortexM0\ARM_GCC_541\Debug\test.a(CEPIN.o)
 .debug_aranges
                0x00000668       0x20 .\CortexM0\ARM_GCC_541\Debug\test.a(CyBootAsmGnu.o)
 .debug_aranges
                0x00000688       0x20 .\CortexM0\ARM_GCC_541\Debug\test.a(I2C_1_I2C_INT.o)

.debug_pubnames
 *(.debug_pubnames)

.debug_info     0x00000000     0x2fda
 *(.debug_info .gnu.linkonce.wi.*)
 .debug_info    0x00000000      0x307 .\CortexM0\ARM_GCC_541\Debug\main.o
 .debug_info    0x00000307      0x28e .\CortexM0\ARM_GCC_541\Debug\cyfitter_cfg.o
 .debug_info    0x00000595       0xf8 .\CortexM0\ARM_GCC_541\Debug\cymetadata.o
 .debug_info    0x0000068d      0x312 .\CortexM0\ARM_GCC_541\Debug\Cm0Start.o
 .debug_info    0x0000099f      0x1eb .\CortexM0\ARM_GCC_541\Debug\test.a(I2C_1.o)
 .debug_info    0x00000b8a      0x135 .\CortexM0\ARM_GCC_541\Debug\test.a(I2C_1_I2C.o)
 .debug_info    0x00000cbf      0x600 .\CortexM0\ARM_GCC_541\Debug\test.a(I2C_1_I2C_MASTER.o)
 .debug_info    0x000012bf      0x9de .\CortexM0\ARM_GCC_541\Debug\test.a(CyLib.o)
 .debug_info    0x00001c9d      0xab3 .\CortexM0\ARM_GCC_541\Debug\test.a(CyLFClk.o)
 .debug_info    0x00002750      0x19a .\CortexM0\ARM_GCC_541\Debug\test.a(GREEN.o)
 .debug_info    0x000028ea      0x19a .\CortexM0\ARM_GCC_541\Debug\test.a(BLUE.o)
 .debug_info    0x00002a84      0x19a .\CortexM0\ARM_GCC_541\Debug\test.a(RED.o)
 .debug_info    0x00002c1e      0x19a .\CortexM0\ARM_GCC_541\Debug\test.a(CEPIN.o)
 .debug_info    0x00002db8       0x90 .\CortexM0\ARM_GCC_541\Debug\test.a(CyBootAsmGnu.o)
 .debug_info    0x00002e48      0x192 .\CortexM0\ARM_GCC_541\Debug\test.a(I2C_1_I2C_INT.o)

.debug_abbrev   0x00000000      0xe0b
 *(.debug_abbrev)
 .debug_abbrev  0x00000000       0xac .\CortexM0\ARM_GCC_541\Debug\main.o
 .debug_abbrev  0x000000ac      0x149 .\CortexM0\ARM_GCC_541\Debug\cyfitter_cfg.o
 .debug_abbrev  0x000001f5       0x5d .\CortexM0\ARM_GCC_541\Debug\cymetadata.o
 .debug_abbrev  0x00000252      0x1c8 .\CortexM0\ARM_GCC_541\Debug\Cm0Start.o
 .debug_abbrev  0x0000041a       0xdb .\CortexM0\ARM_GCC_541\Debug\test.a(I2C_1.o)
 .debug_abbrev  0x000004f5       0x90 .\CortexM0\ARM_GCC_541\Debug\test.a(I2C_1_I2C.o)
 .debug_abbrev  0x00000585      0x171 .\CortexM0\ARM_GCC_541\Debug\test.a(I2C_1_I2C_MASTER.o)
 .debug_abbrev  0x000006f6      0x1a7 .\CortexM0\ARM_GCC_541\Debug\test.a(CyLib.o)
 .debug_abbrev  0x0000089d      0x22a .\CortexM0\ARM_GCC_541\Debug\test.a(CyLFClk.o)
 .debug_abbrev  0x00000ac7       0xaa .\CortexM0\ARM_GCC_541\Debug\test.a(GREEN.o)
 .debug_abbrev  0x00000b71       0xaa .\CortexM0\ARM_GCC_541\Debug\test.a(BLUE.o)
 .debug_abbrev  0x00000c1b       0xaa .\CortexM0\ARM_GCC_541\Debug\test.a(RED.o)
 .debug_abbrev  0x00000cc5       0xaa .\CortexM0\ARM_GCC_541\Debug\test.a(CEPIN.o)
 .debug_abbrev  0x00000d6f       0x14 .\CortexM0\ARM_GCC_541\Debug\test.a(CyBootAsmGnu.o)
 .debug_abbrev  0x00000d83       0x88 .\CortexM0\ARM_GCC_541\Debug\test.a(I2C_1_I2C_INT.o)

.debug_line     0x00000000     0x1b16
 *(.debug_line)
 .debug_line    0x00000000       0xa6 .\CortexM0\ARM_GCC_541\Debug\main.o
 .debug_line    0x000000a6      0x193 .\CortexM0\ARM_GCC_541\Debug\cyfitter_cfg.o
 .debug_line    0x00000239      0x141 .\CortexM0\ARM_GCC_541\Debug\cymetadata.o
 .debug_line    0x0000037a      0x1d0 .\CortexM0\ARM_GCC_541\Debug\Cm0Start.o
 .debug_line    0x0000054a      0x11e .\CortexM0\ARM_GCC_541\Debug\test.a(I2C_1.o)
 .debug_line    0x00000668       0xbb .\CortexM0\ARM_GCC_541\Debug\test.a(I2C_1_I2C.o)
 .debug_line    0x00000723      0x2e9 .\CortexM0\ARM_GCC_541\Debug\test.a(I2C_1_I2C_MASTER.o)
 .debug_line    0x00000a0c      0x4e5 .\CortexM0\ARM_GCC_541\Debug\test.a(CyLib.o)
 .debug_line    0x00000ef1      0x721 .\CortexM0\ARM_GCC_541\Debug\test.a(CyLFClk.o)
 .debug_line    0x00001612       0xbd .\CortexM0\ARM_GCC_541\Debug\test.a(GREEN.o)
 .debug_line    0x000016cf       0xbc .\CortexM0\ARM_GCC_541\Debug\test.a(BLUE.o)
 .debug_line    0x0000178b       0xbb .\CortexM0\ARM_GCC_541\Debug\test.a(RED.o)
 .debug_line    0x00001846       0xbd .\CortexM0\ARM_GCC_541\Debug\test.a(CEPIN.o)
 .debug_line    0x00001903       0x68 .\CortexM0\ARM_GCC_541\Debug\test.a(CyBootAsmGnu.o)
 .debug_line    0x0000196b      0x1ab .\CortexM0\ARM_GCC_541\Debug\test.a(I2C_1_I2C_INT.o)

.debug_frame    0x00000000     0x1600
 *(.debug_frame)
 .debug_frame   0x00000000       0x30 .\CortexM0\ARM_GCC_541\Debug\main.o
 .debug_frame   0x00000030       0xe8 .\CortexM0\ARM_GCC_541\Debug\cyfitter_cfg.o
 .debug_frame   0x00000118       0xc8 .\CortexM0\ARM_GCC_541\Debug\Cm0Start.o
 .debug_frame   0x000001e0      0x134 .\CortexM0\ARM_GCC_541\Debug\test.a(I2C_1.o)
 .debug_frame   0x00000314       0x64 .\CortexM0\ARM_GCC_541\Debug\test.a(I2C_1_I2C.o)
 .debug_frame   0x00000378      0x200 .\CortexM0\ARM_GCC_541\Debug\test.a(I2C_1_I2C_MASTER.o)
 .debug_frame   0x00000578      0x644 .\CortexM0\ARM_GCC_541\Debug\test.a(CyLib.o)
 .debug_frame   0x00000bbc      0x5f8 .\CortexM0\ARM_GCC_541\Debug\test.a(CyLFClk.o)
 .debug_frame   0x000011b4       0xc8 .\CortexM0\ARM_GCC_541\Debug\test.a(GREEN.o)
 .debug_frame   0x0000127c       0xc8 .\CortexM0\ARM_GCC_541\Debug\test.a(BLUE.o)
 .debug_frame   0x00001344       0xc8 .\CortexM0\ARM_GCC_541\Debug\test.a(RED.o)
 .debug_frame   0x0000140c       0xc8 .\CortexM0\ARM_GCC_541\Debug\test.a(CEPIN.o)
 .debug_frame   0x000014d4       0x30 .\CortexM0\ARM_GCC_541\Debug\test.a(I2C_1_I2C_INT.o)
 .debug_frame   0x00001504       0x20 c:/program files (x86)/cypress/psoc creator/4.2/psoc creator/import/gnu/arm/5.4.1/bin/../lib/gcc/arm-none-eabi/5.4.1/armv6-m\libgcc.a(_udivsi3.o)
 .debug_frame   0x00001524       0x20 c:/program files (x86)/cypress/psoc creator/4.2/psoc creator/import/gnu/arm/5.4.1/bin/../lib/gcc/arm-none-eabi/5.4.1/armv6-m\libgcc.a(_divsi3.o)
 .debug_frame   0x00001544       0x20 c:/program files (x86)/cypress/psoc creator/4.2/psoc creator/import/gnu/arm/5.4.1/bin/../lib/gcc/arm-none-eabi/5.4.1/../../../../arm-none-eabi/lib/armv6-m\libg_nano.a(lib_a-errno.o)
 .debug_frame   0x00001564       0x28 c:/program files (x86)/cypress/psoc creator/4.2/psoc creator/import/gnu/arm/5.4.1/bin/../lib/gcc/arm-none-eabi/5.4.1/../../../../arm-none-eabi/lib/armv6-m\libg_nano.a(lib_a-exit.o)
 .debug_frame   0x0000158c       0x2c c:/program files (x86)/cypress/psoc creator/4.2/psoc creator/import/gnu/arm/5.4.1/bin/../lib/gcc/arm-none-eabi/5.4.1/../../../../arm-none-eabi/lib/armv6-m\libg_nano.a(lib_a-init.o)
 .debug_frame   0x000015b8       0x28 c:/program files (x86)/cypress/psoc creator/4.2/psoc creator/import/gnu/arm/5.4.1/bin/../lib/gcc/arm-none-eabi/5.4.1/../../../../arm-none-eabi/lib/armv6-m\libg_nano.a(lib_a-memcpy-stub.o)
 .debug_frame   0x000015e0       0x20 c:/program files (x86)/cypress/psoc creator/4.2/psoc creator/import/gnu/arm/5.4.1/bin/../lib/gcc/arm-none-eabi/5.4.1/../../../../arm-none-eabi/lib/armv6-m\libg_nano.a(lib_a-memset.o)

.debug_str      0x00000000     0x20cc
 *(.debug_str)
 .debug_str     0x00000000      0xb1f .\CortexM0\ARM_GCC_541\Debug\main.o
                                0xb5f (size before relaxing)
 .debug_str     0x00000b1f       0xd7 .\CortexM0\ARM_GCC_541\Debug\cyfitter_cfg.o
                                0x26c (size before relaxing)
 .debug_str     0x00000bf6       0x63 .\CortexM0\ARM_GCC_541\Debug\cymetadata.o
                                0x1c8 (size before relaxing)
 .debug_str     0x00000c59      0x11f .\CortexM0\ARM_GCC_541\Debug\Cm0Start.o
                                0x2ce (size before relaxing)
 .debug_str     0x00000d78      0x11d .\CortexM0\ARM_GCC_541\Debug\test.a(I2C_1.o)
                                0x2ab (size before relaxing)
 .debug_str     0x00000e95       0x9c .\CortexM0\ARM_GCC_541\Debug\test.a(I2C_1_I2C.o)
                                0x231 (size before relaxing)
 .debug_str     0x00000f31      0x2d2 .\CortexM0\ARM_GCC_541\Debug\test.a(I2C_1_I2C_MASTER.o)
                                0x4b5 (size before relaxing)
 .debug_str     0x00001203      0x545 .\CortexM0\ARM_GCC_541\Debug\test.a(CyLib.o)
                                0x700 (size before relaxing)
 .debug_str     0x00001748      0x70e .\CortexM0\ARM_GCC_541\Debug\test.a(CyLFClk.o)
                                0x8fa (size before relaxing)
 .debug_str     0x00001e56       0xab .\CortexM0\ARM_GCC_541\Debug\test.a(GREEN.o)
                                0x236 (size before relaxing)
 .debug_str     0x00001f01       0x80 .\CortexM0\ARM_GCC_541\Debug\test.a(BLUE.o)
                                0x22f (size before relaxing)
 .debug_str     0x00001f81       0x79 .\CortexM0\ARM_GCC_541\Debug\test.a(RED.o)
                                0x228 (size before relaxing)
 .debug_str     0x00001ffa       0x87 .\CortexM0\ARM_GCC_541\Debug\test.a(CEPIN.o)
                                0x236 (size before relaxing)
 .debug_str     0x00002081       0x4b .\CortexM0\ARM_GCC_541\Debug\test.a(I2C_1_I2C_INT.o)
                                0x2c4 (size before relaxing)

.debug_loc
 *(.debug_loc)

.debug_macinfo
 *(.debug_macinfo)

.debug_ranges   0x00000000      0x5a0
 *(.debug_ranges)
 .debug_ranges  0x00000000       0x10 .\CortexM0\ARM_GCC_541\Debug\main.o
 .debug_ranges  0x00000010       0x40 .\CortexM0\ARM_GCC_541\Debug\cyfitter_cfg.o
 .debug_ranges  0x00000050       0x38 .\CortexM0\ARM_GCC_541\Debug\Cm0Start.o
 .debug_ranges  0x00000088       0x58 .\CortexM0\ARM_GCC_541\Debug\test.a(I2C_1.o)
 .debug_ranges  0x000000e0       0x20 .\CortexM0\ARM_GCC_541\Debug\test.a(I2C_1_I2C.o)
 .debug_ranges  0x00000100       0x88 .\CortexM0\ARM_GCC_541\Debug\test.a(I2C_1_I2C_MASTER.o)
 .debug_ranges  0x00000188      0x1a0 .\CortexM0\ARM_GCC_541\Debug\test.a(CyLib.o)
 .debug_ranges  0x00000328      0x188 .\CortexM0\ARM_GCC_541\Debug\test.a(CyLFClk.o)
 .debug_ranges  0x000004b0       0x38 .\CortexM0\ARM_GCC_541\Debug\test.a(GREEN.o)
 .debug_ranges  0x000004e8       0x38 .\CortexM0\ARM_GCC_541\Debug\test.a(BLUE.o)
 .debug_ranges  0x00000520       0x38 .\CortexM0\ARM_GCC_541\Debug\test.a(RED.o)
 .debug_ranges  0x00000558       0x38 .\CortexM0\ARM_GCC_541\Debug\test.a(CEPIN.o)
 .debug_ranges  0x00000590       0x10 .\CortexM0\ARM_GCC_541\Debug\test.a(I2C_1_I2C_INT.o)

.comment        0x00000000       0x6e
 .comment       0x00000000       0x6e .\CortexM0\ARM_GCC_541\Debug\main.o
                                 0x6f (size before relaxing)
 .comment       0x0000006e       0x6f .\CortexM0\ARM_GCC_541\Debug\cyfitter_cfg.o
 .comment       0x0000006e       0x6f .\CortexM0\ARM_GCC_541\Debug\cymetadata.o
 .comment       0x0000006e       0x6f .\CortexM0\ARM_GCC_541\Debug\Cm0Start.o
 .comment       0x0000006e       0x6f .\CortexM0\ARM_GCC_541\Debug\test.a(I2C_1.o)
 .comment       0x0000006e       0x6f .\CortexM0\ARM_GCC_541\Debug\test.a(I2C_1_I2C.o)
 .comment       0x0000006e       0x6f .\CortexM0\ARM_GCC_541\Debug\test.a(I2C_1_I2C_MASTER.o)
 .comment       0x0000006e       0x6f .\CortexM0\ARM_GCC_541\Debug\test.a(CyLib.o)
 .comment       0x0000006e       0x6f .\CortexM0\ARM_GCC_541\Debug\test.a(CyLFClk.o)
 .comment       0x0000006e       0x6f .\CortexM0\ARM_GCC_541\Debug\test.a(GREEN.o)
 .comment       0x0000006e       0x6f .\CortexM0\ARM_GCC_541\Debug\test.a(BLUE.o)
 .comment       0x0000006e       0x6f .\CortexM0\ARM_GCC_541\Debug\test.a(RED.o)
 .comment       0x0000006e       0x6f .\CortexM0\ARM_GCC_541\Debug\test.a(CEPIN.o)
 .comment       0x0000006e       0x6f .\CortexM0\ARM_GCC_541\Debug\test.a(I2C_1_I2C_INT.o)

.debug_weaknames
 *(.debug_weaknames)

.debug_funcnames
 *(.debug_funcnames)

.debug_typenames
 *(.debug_typenames)

.debug_varnames
 *(.debug_varnames)

.note.gnu.arm.ident
 *(.note.gnu.arm.ident)

.ARM.attributes
                0x00000000       0x28
 *(.ARM.attributes)
 .ARM.attributes
                0x00000000       0x1e c:/program files (x86)/cypress/psoc creator/4.2/psoc creator/import/gnu/arm/5.4.1/bin/../lib/gcc/arm-none-eabi/5.4.1/armv6-m/crti.o
 .ARM.attributes
                0x0000001e       0x2c c:/program files (x86)/cypress/psoc creator/4.2/psoc creator/import/gnu/arm/5.4.1/bin/../lib/gcc/arm-none-eabi/5.4.1/armv6-m/crtbegin.o
 .ARM.attributes
                0x0000004a       0x1b c:/program files (x86)/cypress/psoc creator/4.2/psoc creator/import/gnu/arm/5.4.1/bin/../lib/gcc/arm-none-eabi/5.4.1/../../../../arm-none-eabi/lib/armv6-m/crt0.o
 .ARM.attributes
                0x00000065       0x31 .\CortexM0\ARM_GCC_541\Debug\main.o
 .ARM.attributes
                0x00000096       0x31 .\CortexM0\ARM_GCC_541\Debug\cyfitter_cfg.o
 .ARM.attributes
                0x000000c7       0x31 .\CortexM0\ARM_GCC_541\Debug\cymetadata.o
 .ARM.attributes
                0x000000f8       0x31 .\CortexM0\ARM_GCC_541\Debug\Cm0Start.o
 .ARM.attributes
                0x00000129       0x31 .\CortexM0\ARM_GCC_541\Debug\test.a(I2C_1.o)
 .ARM.attributes
                0x0000015a       0x31 .\CortexM0\ARM_GCC_541\Debug\test.a(I2C_1_I2C.o)
 .ARM.attributes
                0x0000018b       0x31 .\CortexM0\ARM_GCC_541\Debug\test.a(I2C_1_I2C_MASTER.o)
 .ARM.attributes
                0x000001bc       0x31 .\CortexM0\ARM_GCC_541\Debug\test.a(CyLib.o)
 .ARM.attributes
                0x000001ed       0x31 .\CortexM0\ARM_GCC_541\Debug\test.a(CyLFClk.o)
 .ARM.attributes
                0x0000021e       0x31 .\CortexM0\ARM_GCC_541\Debug\test.a(GREEN.o)
 .ARM.attributes
                0x0000024f       0x31 .\CortexM0\ARM_GCC_541\Debug\test.a(BLUE.o)
 .ARM.attributes
                0x00000280       0x31 .\CortexM0\ARM_GCC_541\Debug\test.a(RED.o)
 .ARM.attributes
                0x000002b1       0x31 .\CortexM0\ARM_GCC_541\Debug\test.a(CEPIN.o)
 .ARM.attributes
                0x000002e2       0x21 .\CortexM0\ARM_GCC_541\Debug\test.a(CyBootAsmGnu.o)
 .ARM.attributes
                0x00000303       0x31 .\CortexM0\ARM_GCC_541\Debug\test.a(I2C_1_I2C_INT.o)
 .ARM.attributes
                0x00000334       0x1e c:/program files (x86)/cypress/psoc creator/4.2/psoc creator/import/gnu/arm/5.4.1/bin/../lib/gcc/arm-none-eabi/5.4.1/armv6-m\libgcc.a(_udivsi3.o)
 .ARM.attributes
                0x00000352       0x1e c:/program files (x86)/cypress/psoc creator/4.2/psoc creator/import/gnu/arm/5.4.1/bin/../lib/gcc/arm-none-eabi/5.4.1/armv6-m\libgcc.a(_divsi3.o)
 .ARM.attributes
                0x00000370       0x1e c:/program files (x86)/cypress/psoc creator/4.2/psoc creator/import/gnu/arm/5.4.1/bin/../lib/gcc/arm-none-eabi/5.4.1/armv6-m\libgcc.a(_dvmd_tls.o)
 .ARM.attributes
                0x0000038e       0x2c c:/program files (x86)/cypress/psoc creator/4.2/psoc creator/import/gnu/arm/5.4.1/bin/../lib/gcc/arm-none-eabi/5.4.1/../../../../arm-none-eabi/lib/armv6-m\libg_nano.a(lib_a-errno.o)
 .ARM.attributes
                0x000003ba       0x2c c:/program files (x86)/cypress/psoc creator/4.2/psoc creator/import/gnu/arm/5.4.1/bin/../lib/gcc/arm-none-eabi/5.4.1/../../../../arm-none-eabi/lib/armv6-m\libg_nano.a(lib_a-exit.o)
 .ARM.attributes
                0x000003e6       0x2c c:/program files (x86)/cypress/psoc creator/4.2/psoc creator/import/gnu/arm/5.4.1/bin/../lib/gcc/arm-none-eabi/5.4.1/../../../../arm-none-eabi/lib/armv6-m\libg_nano.a(lib_a-impure.o)
 .ARM.attributes
                0x00000412       0x2c c:/program files (x86)/cypress/psoc creator/4.2/psoc creator/import/gnu/arm/5.4.1/bin/../lib/gcc/arm-none-eabi/5.4.1/../../../../arm-none-eabi/lib/armv6-m\libg_nano.a(lib_a-init.o)
 .ARM.attributes
                0x0000043e       0x2c c:/program files (x86)/cypress/psoc creator/4.2/psoc creator/import/gnu/arm/5.4.1/bin/../lib/gcc/arm-none-eabi/5.4.1/../../../../arm-none-eabi/lib/armv6-m\libg_nano.a(lib_a-memcpy-stub.o)
 .ARM.attributes
                0x0000046a       0x2c c:/program files (x86)/cypress/psoc creator/4.2/psoc creator/import/gnu/arm/5.4.1/bin/../lib/gcc/arm-none-eabi/5.4.1/../../../../arm-none-eabi/lib/armv6-m\libg_nano.a(lib_a-memset.o)
 .ARM.attributes
                0x00000496       0x2c c:/program files (x86)/cypress/psoc creator/4.2/psoc creator/import/gnu/arm/5.4.1/bin/../lib/gcc/arm-none-eabi/5.4.1/armv6-m/crtend.o
 .ARM.attributes
                0x000004c2       0x1e c:/program files (x86)/cypress/psoc creator/4.2/psoc creator/import/gnu/arm/5.4.1/bin/../lib/gcc/arm-none-eabi/5.4.1/armv6-m/crtn.o

/DISCARD/
 *(.note.GNU-stack)
OUTPUT(C:\Users\sergio\Documents\PSoC Creator\Thermostat_test\test.cydsn\CortexM0\ARM_GCC_541\Debug\test.elf elf32-littlearm)
